Archive member included because of file (symbol)

/usr/local/CrossPack-AVR-20131216/lib/gcc/avr/4.8.1/../../../../avr/lib/avr5/libm.a(fixsfsi.o)
                              obj_hhkb/common/mousekey.o (__fixsfsi)
/usr/local/CrossPack-AVR-20131216/lib/gcc/avr/4.8.1/../../../../avr/lib/avr5/libm.a(fixunssfsi.o)
                              /usr/local/CrossPack-AVR-20131216/lib/gcc/avr/4.8.1/../../../../avr/lib/avr5/libm.a(fixsfsi.o) (__fixunssfsi)
/usr/local/CrossPack-AVR-20131216/lib/gcc/avr/4.8.1/../../../../avr/lib/avr5/libm.a(floatsisf.o)
                              obj_hhkb/common/mousekey.o (__floatsisf)
/usr/local/CrossPack-AVR-20131216/lib/gcc/avr/4.8.1/../../../../avr/lib/avr5/libm.a(fp_split3.o)
                              /usr/local/CrossPack-AVR-20131216/lib/gcc/avr/4.8.1/../../../../avr/lib/avr5/libm.a(fixunssfsi.o) (__fp_splitA)
/usr/local/CrossPack-AVR-20131216/lib/gcc/avr/4.8.1/../../../../avr/lib/avr5/libm.a(fp_zero.o)
                              /usr/local/CrossPack-AVR-20131216/lib/gcc/avr/4.8.1/../../../../avr/lib/avr5/libm.a(fixunssfsi.o) (__fp_zero)
/usr/local/CrossPack-AVR-20131216/lib/gcc/avr/4.8.1/../../../../avr/lib/avr5/libm.a(mulsf3.o)
                              obj_hhkb/common/mousekey.o (__mulsf3)
/usr/local/CrossPack-AVR-20131216/lib/gcc/avr/4.8.1/../../../../avr/lib/avr5/libm.a(mulsf3x.o)
                              /usr/local/CrossPack-AVR-20131216/lib/gcc/avr/4.8.1/../../../../avr/lib/avr5/libm.a(mulsf3.o) (__mulsf3x)
/usr/local/CrossPack-AVR-20131216/lib/gcc/avr/4.8.1/../../../../avr/lib/avr5/libm.a(fp_inf.o)
                              /usr/local/CrossPack-AVR-20131216/lib/gcc/avr/4.8.1/../../../../avr/lib/avr5/libm.a(mulsf3x.o) (__fp_inf)
/usr/local/CrossPack-AVR-20131216/lib/gcc/avr/4.8.1/../../../../avr/lib/avr5/libm.a(fp_nan.o)
                              /usr/local/CrossPack-AVR-20131216/lib/gcc/avr/4.8.1/../../../../avr/lib/avr5/libm.a(mulsf3x.o) (__fp_nan)
/usr/local/CrossPack-AVR-20131216/lib/gcc/avr/4.8.1/../../../../avr/lib/avr5/libm.a(fp_pscA.o)
                              /usr/local/CrossPack-AVR-20131216/lib/gcc/avr/4.8.1/../../../../avr/lib/avr5/libm.a(mulsf3x.o) (__fp_pscA)
/usr/local/CrossPack-AVR-20131216/lib/gcc/avr/4.8.1/../../../../avr/lib/avr5/libm.a(fp_pscB.o)
                              /usr/local/CrossPack-AVR-20131216/lib/gcc/avr/4.8.1/../../../../avr/lib/avr5/libm.a(mulsf3x.o) (__fp_pscB)
/usr/local/CrossPack-AVR-20131216/lib/gcc/avr/4.8.1/../../../../avr/lib/avr5/libm.a(fp_round.o)
                              /usr/local/CrossPack-AVR-20131216/lib/gcc/avr/4.8.1/../../../../avr/lib/avr5/libm.a(mulsf3.o) (__fp_round)
/usr/local/CrossPack-AVR-20131216/lib/gcc/avr/4.8.1/avr5/libgcc.a(_udivmodqi4.o)
                              obj_hhkb/protocol/lufa/lufa.o (__udivmodqi4)
/usr/local/CrossPack-AVR-20131216/lib/gcc/avr/4.8.1/avr5/libgcc.a(_divmodhi4.o)
                              obj_hhkb/common/mousekey.o (__divmodhi4)
/usr/local/CrossPack-AVR-20131216/lib/gcc/avr/4.8.1/avr5/libgcc.a(_exit.o)
                              /usr/local/CrossPack-AVR-20131216/lib/gcc/avr/4.8.1/../../../../avr/lib/avr5/crtm32u4.o (exit)
/usr/local/CrossPack-AVR-20131216/lib/gcc/avr/4.8.1/avr5/libgcc.a(_tablejump.o)
                              obj_hhkb/protocol/lufa/LUFA-git/LUFA/Drivers/USB/Core/DeviceStandardReq.o (__tablejump2__)
/usr/local/CrossPack-AVR-20131216/lib/gcc/avr/4.8.1/avr5/libgcc.a(_copy_data.o)
                              obj_hhkb/protocol/lufa/lufa.o (__do_copy_data)
/usr/local/CrossPack-AVR-20131216/lib/gcc/avr/4.8.1/avr5/libgcc.a(_clear_bss.o)
                              obj_hhkb/matrix.o (__do_clear_bss)
/usr/local/CrossPack-AVR-20131216/lib/gcc/avr/4.8.1/avr5/libgcc.a(_udivmodhi4.o)
                              /usr/local/CrossPack-AVR-20131216/lib/gcc/avr/4.8.1/avr5/libgcc.a(_divmodhi4.o) (__udivmodhi4)
/usr/local/CrossPack-AVR-20131216/lib/gcc/avr/4.8.1/../../../../avr/lib/avr5/libc.a(eerd_byte_atmega32u4.o)
                              obj_hhkb/protocol/lufa/LUFA-git/LUFA/Drivers/USB/Core/AVR8/EndpointStream_AVR8.o (__eerd_byte_m32u4)
/usr/local/CrossPack-AVR-20131216/lib/gcc/avr/4.8.1/../../../../avr/lib/avr5/libc.a(eeupd_byte_atmega32u4.o)
                              obj_hhkb/protocol/lufa/LUFA-git/LUFA/Drivers/USB/Core/AVR8/EndpointStream_AVR8.o (__eeupd_byte_m32u4)

Allocating common symbols
Common symbol       size              file

USB_IsInitialized   0x1               obj_hhkb/protocol/lufa/LUFA-git/LUFA/Drivers/USB/Core/USBTask.o
USB_DeviceState     0x1               obj_hhkb/protocol/lufa/LUFA-git/LUFA/Drivers/USB/Core/USBTask.o
USB_Device_ConfigurationNumber
                    0x1               obj_hhkb/protocol/lufa/LUFA-git/LUFA/Drivers/USB/Core/DeviceStandardReq.o
USB_Device_CurrentlySelfPowered
                    0x1               obj_hhkb/protocol/lufa/LUFA-git/LUFA/Drivers/USB/Core/DeviceStandardReq.o
[...]
Memory Configuration

Name             Origin             Length             Attributes
text             0x00000000         0x00020000         xr
data             0x00800060         0x0000ffa0         rw !x
eeprom           0x00810000         0x00010000         rw !x
fuse             0x00820000         0x00000400         rw !x
lock             0x00830000         0x00000400         rw !x
signature        0x00840000         0x00000400         rw !x
user_signatures  0x00850000         0x00000400         rw !x
*default*        0x00000000         0xffffffff

Linker script and memory map

Address of section .data set to 0x800100
LOAD /usr/local/CrossPack-AVR-20131216/lib/gcc/avr/4.8.1/../../../../avr/lib/avr5/crtm32u4.o
LOAD obj_hhkb/keymap_custom.o
LOAD obj_hhkb/matrix.o
LOAD obj_hhkb/led.o
LOAD obj_hhkb/protocol/lufa/lufa.o
LOAD obj_hhkb/protocol/lufa/descriptor.o
LOAD obj_hhkb/protocol/lufa/LUFA-git/LUFA/Drivers/USB/Class/Common/HIDParser.o
LOAD obj_hhkb/protocol/lufa/LUFA-git/LUFA/Drivers/USB/Core/AVR8/Device_AVR8.o
LOAD obj_hhkb/protocol/lufa/LUFA-git/LUFA/Drivers/USB/Core/AVR8/EndpointStream_AVR8.o
LOAD obj_hhkb/protocol/lufa/LUFA-git/LUFA/Drivers/USB/Core/AVR8/Endpoint_AVR8.o
LOAD obj_hhkb/protocol/lufa/LUFA-git/LUFA/Drivers/USB/Core/AVR8/Host_AVR8.o
LOAD obj_hhkb/protocol/lufa/LUFA-git/LUFA/Drivers/USB/Core/AVR8/PipeStream_AVR8.o
LOAD obj_hhkb/protocol/lufa/LUFA-git/LUFA/Drivers/USB/Core/AVR8/Pipe_AVR8.o
LOAD obj_hhkb/protocol/lufa/LUFA-git/LUFA/Drivers/USB/Core/AVR8/USBController_AVR8.o
LOAD obj_hhkb/protocol/lufa/LUFA-git/LUFA/Drivers/USB/Core/AVR8/USBInterrupt_AVR8.o
LOAD obj_hhkb/protocol/lufa/LUFA-git/LUFA/Drivers/USB/Core/ConfigDescriptors.o
LOAD obj_hhkb/protocol/lufa/LUFA-git/LUFA/Drivers/USB/Core/DeviceStandardReq.o
LOAD obj_hhkb/protocol/lufa/LUFA-git/LUFA/Drivers/USB/Core/Events.o
LOAD obj_hhkb/protocol/lufa/LUFA-git/LUFA/Drivers/USB/Core/HostStandardReq.o
LOAD obj_hhkb/protocol/lufa/LUFA-git/LUFA/Drivers/USB/Core/USBTask.o
LOAD obj_hhkb/common/host.o
LOAD obj_hhkb/common/keyboard.o
LOAD obj_hhkb/common/matrix.o
LOAD obj_hhkb/common/action.o
LOAD obj_hhkb/common/action_tapping.o
LOAD obj_hhkb/common/action_macro.o
LOAD obj_hhkb/common/action_layer.o
LOAD obj_hhkb/common/action_util.o
LOAD obj_hhkb/common/print.o
LOAD obj_hhkb/common/debug.o
LOAD obj_hhkb/common/util.o
LOAD obj_hhkb/common/hook.o
LOAD obj_hhkb/common/avr/suspend.o
LOAD obj_hhkb/common/avr/xprintf.o
LOAD obj_hhkb/common/avr/timer.o
LOAD obj_hhkb/common/avr/bootloader.o
LOAD obj_hhkb/common/keymap.o
LOAD obj_hhkb/common/mousekey.o
LOAD obj_hhkb/common/command.o
LOAD /usr/local/CrossPack-AVR-20131216/lib/gcc/avr/4.8.1/../../../../avr/lib/avr5/libm.a
START GROUP
LOAD /usr/local/CrossPack-AVR-20131216/lib/gcc/avr/4.8.1/avr5/libgcc.a
LOAD /usr/local/CrossPack-AVR-20131216/lib/gcc/avr/4.8.1/../../../../avr/lib/avr5/libm.a
LOAD /usr/local/CrossPack-AVR-20131216/lib/gcc/avr/4.8.1/../../../../avr/lib/avr5/libc.a
END GROUP

.hash
 *(.hash)

.dynsym
 *(.dynsym)

.dynstr
 *(.dynstr)

.gnu.version
 *(.gnu.version)

.gnu.version_d
 *(.gnu.version_d)

.gnu.version_r
 *(.gnu.version_r)

.rel.init
 *(.rel.init)

.rela.init
 *(.rela.init)

.rel.text
 *(.rel.text)
 *(.rel.text.*)
 *(.rel.gnu.linkonce.t*)

.rela.text
 *(.rela.text)
 *(.rela.text.*)
 *(.rela.gnu.linkonce.t*)

.rel.fini
 *(.rel.fini)

.rela.fini
 *(.rela.fini)

.rel.rodata
 *(.rel.rodata)
 *(.rel.rodata.*)
 *(.rel.gnu.linkonce.r*)

.rela.rodata
 *(.rela.rodata)
 *(.rela.rodata.*)
 *(.rela.gnu.linkonce.r*)

.rel.data
 *(.rel.data)
 *(.rel.data.*)
 *(.rel.gnu.linkonce.d*)

.rela.data
 *(.rela.data)
 *(.rela.data.*)
 *(.rela.gnu.linkonce.d*)

.rel.ctors
 *(.rel.ctors)

.rela.ctors
 *(.rela.ctors)

.rel.dtors
 *(.rel.dtors)

.rela.dtors
 *(.rela.dtors)

.rel.got
 *(.rel.got)

.rela.got
 *(.rela.got)

.rel.bss
 *(.rel.bss)

.rela.bss
 *(.rela.bss)

.rel.plt
 *(.rel.plt)

.rela.plt
 *(.rela.plt)

.text           0x00000000     0x4d0c
 *(.vectors)
 .vectors       0x00000000       0xac /usr/local/CrossPack-AVR-20131216/lib/gcc/avr/4.8.1/../../../../avr/lib/avr5/crtm32u4.o
                0x00000000                __vectors
                0x00000000                __vector_default
 *(.vectors)
 *(.progmem.gcc*)
 .progmem.gcc_sw_table.USB_Device_ProcessControlRequest
                0x000000ac       0x14 obj_hhkb/protocol/lufa/LUFA-git/LUFA/Drivers/USB/Core/DeviceStandardReq.o
 .progmem.gcc_sw_table.process_action
                0x000000c0       0x20 obj_hhkb/common/action.o
                0x000000e0                . = ALIGN (0x2)
                0x000000e0                __trampolines_start = .
 *(.trampolines)
 .trampolines   0x000000e0        0x0 linker stubs
 *(.trampolines*)
                0x000000e0                __trampolines_end = .
 *(.progmem*)
 .progmem.data.__c.4731
                0x000000e0        0x2 obj_hhkb/keymap_custom.o
 .progmem.data.__c.4729
                0x000000e2        0x2 obj_hhkb/keymap_custom.o
 .progmem.data.__c.4727
                0x000000e4        0x3 obj_hhkb/keymap_custom.o
 .progmem.data.__c.4725
                0x000000e7        0x2 obj_hhkb/keymap_custom.o
 .progmem.data.__c.4723
                0x000000e9        0x2 obj_hhkb/keymap_custom.o
 .progmem.data.__m.4716
                0x000000eb        0x3 obj_hhkb/keymap_custom.o
 .progmem.data.__m.4714
                0x000000ee        0x5 obj_hhkb/keymap_custom.o
 .progmem.data.__m.4711
                0x000000f3        0x5 obj_hhkb/keymap_custom.o
 .progmem.data.__m.4708
                0x000000f8       0x19 obj_hhkb/keymap_custom.o
 .progmem.data.fn_actions
                0x00000111       0x16 obj_hhkb/keymap_custom.o
                0x00000111                fn_actions
 .progmem.data.keymaps
                0x00000127      0x140 obj_hhkb/keymap_custom.o
                0x00000127                keymaps
 .progmem.data.__c.4837
                0x00000267       0x11 obj_hhkb/protocol/lufa/lufa.o
 .progmem.data.__c.4835
                0x00000278       0x11 obj_hhkb/protocol/lufa/lufa.o
 .progmem.data.__c.4830
                0x00000289        0x8 obj_hhkb/protocol/lufa/lufa.o
 .progmem.data.__c.4724
                0x00000291        0x4 obj_hhkb/protocol/lufa/lufa.o
 .progmem.data.__c.4719
                0x00000295        0x4 obj_hhkb/protocol/lufa/lufa.o
 .progmem.data.ProductString
                0x00000299       0x14 obj_hhkb/protocol/lufa/descriptor.o
                0x00000299                ProductString
 .progmem.data.ManufacturerString
                0x000002ad       0x10 obj_hhkb/protocol/lufa/descriptor.o
                0x000002ad                ManufacturerString
 .progmem.data.LanguageString
                0x000002bd        0x4 obj_hhkb/protocol/lufa/descriptor.o
                0x000002bd                LanguageString
 .progmem.data.ConfigurationDescriptor
                0x000002c1       0x8d obj_hhkb/protocol/lufa/descriptor.o
                0x000002c1                ConfigurationDescriptor
 .progmem.data.DeviceDescriptor
                0x0000034e       0x12 obj_hhkb/protocol/lufa/descriptor.o
                0x0000034e                DeviceDescriptor
 .progmem.data.NKROReport
                0x00000360       0x39 obj_hhkb/protocol/lufa/descriptor.o
                0x00000360                NKROReport
 .progmem.data.ConsoleReport
                0x00000399       0x22 obj_hhkb/protocol/lufa/descriptor.o
                0x00000399                ConsoleReport
 .progmem.data.ExtrakeyReport
                0x000003bb       0x36 obj_hhkb/protocol/lufa/descriptor.o
                0x000003bb                ExtrakeyReport
 .progmem.data.MouseReport
                0x000003f1       0x4d obj_hhkb/protocol/lufa/descriptor.o
                0x000003f1                MouseReport
 .progmem.data.KeyboardReport
                0x0000043e       0x40 obj_hhkb/protocol/lufa/descriptor.o
                0x0000043e                KeyboardReport
 .progmem.data.__c.4455
                0x0000047e       0x10 obj_hhkb/common/host.o
 .progmem.data.__c.4450
                0x0000048e        0xe obj_hhkb/common/host.o
 .progmem.data.__c.4442
                0x0000049c        0x2 obj_hhkb/common/host.o
 .progmem.data.__c.4437
                0x0000049e        0x6 obj_hhkb/common/host.o
 .progmem.data.__c.4434
                0x000004a4        0xb obj_hhkb/common/host.o
 .progmem.data.__c.4783
                0x000004af        0xb obj_hhkb/common/keyboard.o
 .progmem.data.__c.1714
                0x000004ba        0xe obj_hhkb/common/matrix.o
 .progmem.data.__c.1711
                0x000004c8        0xe obj_hhkb/common/matrix.o
 .progmem.data.__c.4585
                0x000004d6       0x1e obj_hhkb/common/action_util.o
 .progmem.data.__c.4580
                0x000004f4       0x1e obj_hhkb/common/action_util.o
 .progmem.data.__c.4493
                0x00000512       0x12 obj_hhkb/common/action_util.o
 .progmem.data.__c.4514
                0x00000524        0x3 obj_hhkb/common/mousekey.o
 .progmem.data.__c.4512
                0x00000527        0x3 obj_hhkb/common/mousekey.o
 .progmem.data.__c.4510
                0x0000052a        0x2 obj_hhkb/common/mousekey.o
 .progmem.data.__c.4508
                0x0000052c        0x3 obj_hhkb/common/mousekey.o
 .progmem.data.__c.4506
                0x0000052f        0x3 obj_hhkb/common/mousekey.o
 .progmem.data.__c.4504
                0x00000532        0x3 obj_hhkb/common/mousekey.o
 .progmem.data.__c.4502
                0x00000535        0x2 obj_hhkb/common/mousekey.o
 .progmem.data.__c.4500
                0x00000537        0x3 obj_hhkb/common/mousekey.o
 .progmem.data.__c.4498
                0x0000053a        0x2 obj_hhkb/common/mousekey.o
 .progmem.data.__c.4496
                0x0000053c        0x3 obj_hhkb/common/mousekey.o
 .progmem.data.__c.4494
                0x0000053f        0x2 obj_hhkb/common/mousekey.o
 .progmem.data.__c.4492
                0x00000541        0x3 obj_hhkb/common/mousekey.o
 .progmem.data.__c.4490
                0x00000544        0x2 obj_hhkb/common/mousekey.o
 .progmem.data.__c.4488
                0x00000546        0x5 obj_hhkb/common/mousekey.o
 .progmem.data.__c.4486
                0x0000054b       0x23 obj_hhkb/common/mousekey.o
 .progmem.data.__c.5010
                0x0000056e       0x1b obj_hhkb/common/command.o
 .progmem.data.__c.5007
                0x00000589       0x19 obj_hhkb/common/command.o
 .progmem.data.__c.5004
                0x000005a2       0x15 obj_hhkb/common/command.o
 .progmem.data.__c.5001
                0x000005b7       0x13 obj_hhkb/common/command.o
 .progmem.data.__c.4998
                0x000005ca       0x12 obj_hhkb/common/command.o
 .progmem.data.__c.4994
                0x000005dc        0xf obj_hhkb/common/command.o
 .progmem.data.__c.4987
                0x000005eb       0x1b obj_hhkb/common/command.o
 .progmem.data.__c.4984
                0x00000606       0x19 obj_hhkb/common/command.o
 .progmem.data.__c.4981
                0x0000061f       0x15 obj_hhkb/common/command.o
 .progmem.data.__c.4978
                0x00000634       0x13 obj_hhkb/common/command.o
 .progmem.data.__c.4975
                0x00000647       0x12 obj_hhkb/common/command.o
 .progmem.data.__c.4971
                0x00000659        0xf obj_hhkb/common/command.o
 .progmem.data.__c.4964
                0x00000668        0x2 obj_hhkb/common/command.o
 .progmem.data.__c.4962
                0x0000066a        0x3 obj_hhkb/common/command.o
 .progmem.data.__c.4960
                0x0000066d       0x17 obj_hhkb/common/command.o
 .progmem.data.__c.4958
                0x00000684        0x2 obj_hhkb/common/command.o
 .progmem.data.__c.4956
                0x00000686        0x3 obj_hhkb/common/command.o
 .progmem.data.__c.4954
                0x00000689       0x15 obj_hhkb/common/command.o
 .progmem.data.__c.4952
                0x0000069e        0x2 obj_hhkb/common/command.o
 .progmem.data.__c.4950
                0x000006a0        0x3 obj_hhkb/common/command.o
 .progmem.data.__c.4948
                0x000006a3       0x11 obj_hhkb/common/command.o
 .progmem.data.__c.4946
                0x000006b4        0x2 obj_hhkb/common/command.o
 .progmem.data.__c.4944
                0x000006b6        0x3 obj_hhkb/common/command.o
 .progmem.data.__c.4942
                0x000006b9        0xf obj_hhkb/common/command.o
 .progmem.data.__c.4940
                0x000006c8        0x2 obj_hhkb/common/command.o
 .progmem.data.__c.4938
                0x000006ca        0x3 obj_hhkb/common/command.o
 .progmem.data.__c.4936
                0x000006cd       0x12 obj_hhkb/common/command.o
 .progmem.data.__c.4934
                0x000006df        0x2 obj_hhkb/common/command.o
 .progmem.data.__c.4932
                0x000006e1        0x3 obj_hhkb/common/command.o
 .progmem.data.__c.4930
                0x000006e4       0x12 obj_hhkb/common/command.o
 .progmem.data.__c.4928
                0x000006f6        0xe obj_hhkb/common/command.o
 .progmem.data.__c.5048
                0x00000704        0x3 obj_hhkb/common/command.o
 .progmem.data.__c.5046
                0x00000707        0x6 obj_hhkb/common/command.o
 .progmem.data.__c.5044
                0x0000070d        0x2 obj_hhkb/common/command.o
 .progmem.data.__c.5041
                0x0000070f        0xd obj_hhkb/common/command.o
 .progmem.data.__c.5027
                0x0000071c        0x4 obj_hhkb/common/command.o
 .progmem.data.__c.5017
                0x00000720       0x4e obj_hhkb/common/command.o
 .progmem.data.__c.5015
                0x0000076e       0xfb obj_hhkb/common/command.o
 .progmem.data.__c.4920
                0x00000869        0x2 obj_hhkb/common/command.o
 .progmem.data.__c.4917
                0x0000086b        0x4 obj_hhkb/common/command.o
 .progmem.data.__c.4922
                0x0000086f        0x4 obj_hhkb/common/command.o
 .progmem.data.__c.5066
                0x00000873        0x5 obj_hhkb/common/command.o
 .progmem.data.__c.4906
                0x00000878       0x27 obj_hhkb/common/command.o
 .progmem.data.__c.4829
                0x0000089f       0x9b obj_hhkb/common/command.o
 .progmem.data.__c.4901
                0x0000093a        0x2 obj_hhkb/common/command.o
 .progmem.data.__c.4892
                0x0000093c        0xb obj_hhkb/common/command.o
 .progmem.data.__c.4890
                0x00000947        0xa obj_hhkb/common/command.o
 .progmem.data.__c.4887
                0x00000951       0x17 obj_hhkb/common/command.o
 .progmem.data.__c.4885
                0x00000968       0x13 obj_hhkb/common/command.o
 .progmem.data.__c.4883
                0x0000097b       0x13 obj_hhkb/common/command.o
 .progmem.data.__c.4881
                0x0000098e       0x17 obj_hhkb/common/command.o
 .progmem.data.__c.4879
                0x000009a5       0x1a obj_hhkb/common/command.o
 .progmem.data.__c.4877
                0x000009bf        0xe obj_hhkb/common/command.o
 .progmem.data.__c.4874
                0x000009cd       0x2e obj_hhkb/common/command.o
 .progmem.data.__c.4872
                0x000009fb       0x3b obj_hhkb/common/command.o
 .progmem.data.__c.4870
                0x00000a36       0x27 obj_hhkb/common/command.o
 .progmem.data.__c.4868
                0x00000a5d       0x37 obj_hhkb/common/command.o
 .progmem.data.__c.4866
                0x00000a94       0x2d obj_hhkb/common/command.o
 .progmem.data.__c.4864
                0x00000ac1        0xf obj_hhkb/common/command.o
 .progmem.data.__c.4861
                0x00000ad0        0xd obj_hhkb/common/command.o
 .progmem.data.__c.4859
                0x00000add        0xc obj_hhkb/common/command.o
 .progmem.data.__c.4856
                0x00000ae9       0x10 obj_hhkb/common/command.o
 .progmem.data.__c.4854
                0x00000af9        0xf obj_hhkb/common/command.o
 .progmem.data.__c.4851
                0x00000b08        0xe obj_hhkb/common/command.o
 .progmem.data.__c.4849
                0x00000b16        0xd obj_hhkb/common/command.o
 .progmem.data.__c.4846
                0x00000b23        0xc obj_hhkb/common/command.o
 .progmem.data.__c.4844
                0x00000b2f        0xd obj_hhkb/common/command.o
 .progmem.data.__c.4841
                0x00000b3c       0x11 obj_hhkb/common/command.o
 .progmem.data.__c.4838
                0x00000b4d        0x4 obj_hhkb/common/command.o
                0x00000b52                . = ALIGN (0x2)
 *fill*         0x00000b51        0x1 
 *(.jumptables)
 *(.jumptables*)
 *(.lowtext)
 *(.lowtext*)
                0x00000b52                __ctors_start = .
 *(.ctors)
                0x00000b52                __ctors_end = .
                0x00000b52                __dtors_start = .
 *(.dtors)
                0x00000b52                __dtors_end = .
 SORT(*)(.ctors)
 SORT(*)(.dtors)
 *(.init0)
 .init0         0x00000b52        0x0 /usr/local/CrossPack-AVR-20131216/lib/gcc/avr/4.8.1/../../../../avr/lib/avr5/crtm32u4.o
                0x00000b52                __init
 *(.init0)
 *(.init1)
 *(.init1)
 *(.init2)
 .init2         0x00000b52        0xc /usr/local/CrossPack-AVR-20131216/lib/gcc/avr/4.8.1/../../../../avr/lib/avr5/crtm32u4.o
 *(.init2)
 *(.init3)
 .init3         0x00000b5e       0x4e obj_hhkb/common/avr/bootloader.o
                0x00000b5e                bootloader_jump_after_watchdog_reset
 *(.init3)
 *(.init4)
 .init4         0x00000bac       0x16 /usr/local/CrossPack-AVR-20131216/lib/gcc/avr/4.8.1/avr5/libgcc.a(_copy_data.o)
                0x00000bac                __do_copy_data
 .init4         0x00000bc2       0x10 /usr/local/CrossPack-AVR-20131216/lib/gcc/avr/4.8.1/avr5/libgcc.a(_clear_bss.o)
                0x00000bc2                __do_clear_bss
 *(.init4)
 *(.init5)
 *(.init5)
 *(.init6)
 *(.init6)
 *(.init7)
 *(.init7)
 *(.init8)
 *(.init8)
 *(.init9)
 .init9         0x00000bd2        0x8 /usr/local/CrossPack-AVR-20131216/lib/gcc/avr/4.8.1/../../../../avr/lib/avr5/crtm32u4.o
 *(.init9)
 *(.text)
 .text          0x00000bda        0x4 /usr/local/CrossPack-AVR-20131216/lib/gcc/avr/4.8.1/../../../../avr/lib/avr5/crtm32u4.o
                0x00000bda                __vector_42
                0x00000bda                __vector_22
                0x00000bda                __vector_28
                0x00000bda                __vector_1
                0x00000bda                __vector_32
                0x00000bda                __vector_34
                0x00000bda                __vector_24
                0x00000bda                __bad_interrupt
                0x00000bda                __vector_6
                0x00000bda                __vector_31
                0x00000bda                __vector_35
                0x00000bda                __vector_39
                0x00000bda                __vector_3
                0x00000bda                __vector_23
                0x00000bda                __vector_30
                0x00000bda                __vector_25
                0x00000bda                __vector_13
                0x00000bda                __vector_17
                0x00000bda                __vector_19
                0x00000bda                __vector_7
                0x00000bda                __vector_41
                0x00000bda                __vector_27
                0x00000bda                __vector_5
                0x00000bda                __vector_33
                0x00000bda                __vector_37
                0x00000bda                __vector_4
                0x00000bda                __vector_9
                0x00000bda                __vector_2
                0x00000bda                __vector_15
                0x00000bda                __vector_36
                0x00000bda                __vector_29
                0x00000bda                __vector_40
                0x00000bda                __vector_8
                0x00000bda                __vector_26
                0x00000bda                __vector_14
                0x00000bda                __vector_16
                0x00000bda                __vector_18
                0x00000bda                __vector_20
                0x00000bda                __vector_38
 .text          0x00000bde      0x15c obj_hhkb/common/avr/xprintf.o
                0x00000bde                xputc
                0x00000bf6                xputs
                0x00000c04                xitoa
                0x00000d28                __xprintf
                0x00000d3a                . = ALIGN (0x2)
 *(.text.*)
 .text.action_get_macro
                0x00000d3a       0x3e obj_hhkb/keymap_custom.o
                0x00000d3a                action_get_macro
 .text.action_function
                0x00000d78       0xe2 obj_hhkb/keymap_custom.o
                0x00000d78                action_function
 .text.matrix_init
                0x00000e5a       0x52 obj_hhkb/matrix.o
                0x00000e5a                matrix_init
 .text.matrix_scan
                0x00000eac      0x19c obj_hhkb/matrix.o
                0x00000eac                matrix_scan
 .text.matrix_get_row
                0x00001048       0x10 obj_hhkb/matrix.o
                0x00001048                matrix_get_row
 .text.matrix_power_up
                0x00001058        0x2 obj_hhkb/matrix.o
                0x00001058                matrix_power_up
 .text.matrix_power_down
                0x0000105a        0x2 obj_hhkb/matrix.o
                0x0000105a                matrix_power_down
 .text.led_set  0x0000105c        0xe obj_hhkb/led.o
                0x0000105c                led_set
 .text.keyboard_leds
                0x0000106a        0x6 obj_hhkb/protocol/lufa/lufa.o
 .text.sendchar
                0x00001070       0xc8 obj_hhkb/protocol/lufa/lufa.o
                0x00001070                sendchar
 .text.send_consumer
                0x00001138       0x66 obj_hhkb/protocol/lufa/lufa.o
 .text.send_system
                0x0000119e       0x68 obj_hhkb/protocol/lufa/lufa.o
 .text.send_mouse
                0x00001206       0x46 obj_hhkb/protocol/lufa/lufa.o
 .text.send_keyboard
                0x0000124c       0xa4 obj_hhkb/protocol/lufa/lufa.o
 .text.EVENT_USB_Device_Connect
                0x000012f0       0x24 obj_hhkb/protocol/lufa/lufa.o
                0x000012f0                EVENT_USB_Device_Connect
 .text.EVENT_USB_Device_Disconnect
                0x00001314        0xe obj_hhkb/protocol/lufa/lufa.o
                0x00001314                EVENT_USB_Device_Disconnect
 .text.EVENT_USB_Device_Reset
                0x00001322        0x2 obj_hhkb/protocol/lufa/lufa.o
                0x00001322                EVENT_USB_Device_Reset
 .text.EVENT_USB_Device_StartOfFrame
                0x00001324       0x80 obj_hhkb/protocol/lufa/lufa.o
                0x00001324                EVENT_USB_Device_StartOfFrame
 .text.EVENT_USB_Device_ConfigurationChanged
                0x000013a4       0x32 obj_hhkb/protocol/lufa/lufa.o
                0x000013a4                EVENT_USB_Device_ConfigurationChanged
 .text.EVENT_USB_Device_ControlRequest
                0x000013d6      0x164 obj_hhkb/protocol/lufa/lufa.o
                0x000013d6                EVENT_USB_Device_ControlRequest
 .text.hook_early_init
                0x0000153a        0x2 obj_hhkb/protocol/lufa/lufa.o
                0x0000153a                hook_early_init
 .text.hook_late_init
                0x0000153c        0x2 obj_hhkb/protocol/lufa/lufa.o
                0x0000153c                hook_late_init
 .text.hook_usb_suspend_entry
                0x0000153e       0x1a obj_hhkb/protocol/lufa/lufa.o
                0x0000153e                hook_usb_suspend_entry
 .text.EVENT_USB_Device_Suspend
                0x00001558        0x4 obj_hhkb/protocol/lufa/lufa.o
                0x00001558                EVENT_USB_Device_Suspend
 .text.hook_usb_suspend_loop
                0x0000155c       0x18 obj_hhkb/protocol/lufa/lufa.o
                0x0000155c                hook_usb_suspend_loop
 .text.startup.main
                0x00001574       0x90 obj_hhkb/protocol/lufa/lufa.o
                0x00001574                main
 .text.hook_usb_wakeup
                0x00001604        0xe obj_hhkb/protocol/lufa/lufa.o
                0x00001604                hook_usb_wakeup
 .text.EVENT_USB_Device_WakeUp
                0x00001612        0x4 obj_hhkb/protocol/lufa/lufa.o
                0x00001612                EVENT_USB_Device_WakeUp
 .text.CALLBACK_USB_GetDescriptor
                0x00001616       0xb2 obj_hhkb/protocol/lufa/descriptor.o
                0x00001616                CALLBACK_USB_GetDescriptor
 .text.USB_Device_SendRemoteWakeup
                0x000016c8       0x2c obj_hhkb/protocol/lufa/LUFA-git/LUFA/Drivers/USB/Core/AVR8/Device_AVR8.o
                0x000016c8                USB_Device_SendRemoteWakeup
 .text.Endpoint_Write_Stream_LE
                0x000016f4       0x92 obj_hhkb/protocol/lufa/LUFA-git/LUFA/Drivers/USB/Core/AVR8/EndpointStream_AVR8.o
                0x000016f4                Endpoint_Write_Stream_LE
 .text.Endpoint_Write_Control_Stream_LE
                0x00001786       0xc2 obj_hhkb/protocol/lufa/LUFA-git/LUFA/Drivers/USB/Core/AVR8/EndpointStream_AVR8.o
                0x00001786                Endpoint_Write_Control_Stream_LE
 .text.Endpoint_Write_Control_PStream_LE
                0x00001848       0xc4 obj_hhkb/protocol/lufa/LUFA-git/LUFA/Drivers/USB/Core/AVR8/EndpointStream_AVR8.o
                0x00001848                Endpoint_Write_Control_PStream_LE
 .text.Endpoint_ConfigureEndpoint_Prv
                0x0000190c       0x6a obj_hhkb/protocol/lufa/LUFA-git/LUFA/Drivers/USB/Core/AVR8/Endpoint_AVR8.o
                0x0000190c                Endpoint_ConfigureEndpoint_Prv
 .text.Endpoint_ClearStatusStage
                0x00001976       0x42 obj_hhkb/protocol/lufa/LUFA-git/LUFA/Drivers/USB/Core/AVR8/Endpoint_AVR8.o
                0x00001976                Endpoint_ClearStatusStage
 .text.Endpoint_WaitUntilReady
                0x000019b8       0x60 obj_hhkb/protocol/lufa/LUFA-git/LUFA/Drivers/USB/Core/AVR8/Endpoint_AVR8.o
                0x000019b8                Endpoint_WaitUntilReady
 .text.USB_Disable
                0x00001a18       0x34 obj_hhkb/protocol/lufa/LUFA-git/LUFA/Drivers/USB/Core/AVR8/USBController_AVR8.o
                0x00001a18                USB_Disable
 .text.USB_ResetInterface
                0x00001a4c       0x86 obj_hhkb/protocol/lufa/LUFA-git/LUFA/Drivers/USB/Core/AVR8/USBController_AVR8.o
                0x00001a4c                USB_ResetInterface
 .text.USB_Init
                0x00001ad2       0x22 obj_hhkb/protocol/lufa/LUFA-git/LUFA/Drivers/USB/Core/AVR8/USBController_AVR8.o
                0x00001ad2                USB_Init
 .text.USB_INT_DisableAllInterrupts
                0x00001af4       0x10 obj_hhkb/protocol/lufa/LUFA-git/LUFA/Drivers/USB/Core/AVR8/USBInterrupt_AVR8.o
                0x00001af4                USB_INT_DisableAllInterrupts
 .text.USB_INT_ClearAllInterrupts
                0x00001b04        0xa obj_hhkb/protocol/lufa/LUFA-git/LUFA/Drivers/USB/Core/AVR8/USBInterrupt_AVR8.o
                0x00001b04                USB_INT_ClearAllInterrupts
 .text.__vector_10
                0x00001b0e      0x1a4 obj_hhkb/protocol/lufa/LUFA-git/LUFA/Drivers/USB/Core/AVR8/USBInterrupt_AVR8.o
                0x00001b0e                __vector_10
 .text.__vector_11
                0x00001cb2       0x78 obj_hhkb/protocol/lufa/LUFA-git/LUFA/Drivers/USB/Core/AVR8/USBInterrupt_AVR8.o
                0x00001cb2                __vector_11
 .text.USB_Device_ProcessControlRequest
                0x00001d2a      0x29c obj_hhkb/protocol/lufa/LUFA-git/LUFA/Drivers/USB/Core/DeviceStandardReq.o
                0x00001d2a                USB_Device_ProcessControlRequest
 .text.host_set_driver
                0x00001fc6        0xa obj_hhkb/common/host.o
                0x00001fc6                host_set_driver
 .text.host_keyboard_leds
                0x00001fd0       0x18 obj_hhkb/common/host.o
                0x00001fd0                host_keyboard_leds
 .text.host_keyboard_send
                0x00001fe8       0x8a obj_hhkb/common/host.o
                0x00001fe8                host_keyboard_send
 .text.host_mouse_send
                0x00002072       0x16 obj_hhkb/common/host.o
                0x00002072                host_mouse_send
 .text.host_system_send
                0x00002088       0x5c obj_hhkb/common/host.o
                0x00002088                host_system_send
 .text.host_consumer_send
                0x000020e4       0x5c obj_hhkb/common/host.o
                0x000020e4                host_consumer_send
 .text.keyboard_setup
                0x00002140        0x4 obj_hhkb/common/keyboard.o
                0x00002140                keyboard_setup
 .text.keyboard_init
                0x00002144        0x8 obj_hhkb/common/keyboard.o
                0x00002144                keyboard_init
 .text.keyboard_task
                0x0000214c      0x17a obj_hhkb/common/keyboard.o
                0x0000214c                keyboard_task
 .text.keyboard_set_leds
                0x000022c6        0x4 obj_hhkb/common/keyboard.o
                0x000022c6                keyboard_set_leds
 .text.matrix_clear
                0x000022ca        0x2 obj_hhkb/common/matrix.o
                0x000022ca                matrix_clear
 .text.matrix_setup
                0x000022cc        0x2 obj_hhkb/common/matrix.o
                0x000022cc                matrix_setup
 .text.matrix_print
                0x000022ce       0x68 obj_hhkb/common/matrix.o
                0x000022ce                matrix_print
 .text.action_exec
                0x00002336       0x84 obj_hhkb/common/action.o
                0x00002336                action_exec
 .text.register_code
                0x000023ba      0x154 obj_hhkb/common/action.o
                0x000023ba                register_code
 .text.unregister_code
                0x0000250e       0x50 obj_hhkb/common/action.o
                0x0000250e                unregister_code
 .text.register_mods
                0x0000255e        0xe obj_hhkb/common/action.o
                0x0000255e                register_mods
 .text.unregister_mods
                0x0000256c        0xe obj_hhkb/common/action.o
                0x0000256c                unregister_mods
 .text.process_action
                0x0000257a      0x63e obj_hhkb/common/action.o
                0x0000257a                process_action
 .text.clear_keyboard_but_mods
                0x00002bb8       0x24 obj_hhkb/common/action.o
                0x00002bb8                clear_keyboard_but_mods
 .text.clear_keyboard
                0x00002bdc        0x8 obj_hhkb/common/action.o
                0x00002bdc                clear_keyboard
 .text.is_tap_key
                0x00002be4       0x6e obj_hhkb/common/action.o
                0x00002be4                is_tap_key
 .text.debug_event
                0x00002c52       0x1e obj_hhkb/common/action.o
                0x00002c52                debug_event
 .text.debug_record
                0x00002c70       0x20 obj_hhkb/common/action.o
                0x00002c70                debug_record
 .text.debug_waiting_buffer
                0x00002c90       0x42 obj_hhkb/common/action_tapping.o
 .text.debug_tapping_key
                0x00002cd2       0x1c obj_hhkb/common/action_tapping.o
 .text.waiting_buffer_scan_tap
                0x00002cee       0xd0 obj_hhkb/common/action_tapping.o
 .text.process_tapping
                0x00002dbe      0x3da obj_hhkb/common/action_tapping.o
 .text.action_tapping_process
                0x00003198      0x15a obj_hhkb/common/action_tapping.o
                0x00003198                action_tapping_process
 .text.action_macro_play
                0x000032f2      0x13a obj_hhkb/common/action_macro.o
                0x000032f2                action_macro_play
 .text.default_layer_state_set
                0x0000342c       0x18 obj_hhkb/common/action_layer.o
 .text.layer_state_set
                0x00003444       0x18 obj_hhkb/common/action_layer.o
 .text.default_layer_debug
                0x0000345c        0x2 obj_hhkb/common/action_layer.o
                0x0000345c                default_layer_debug
 .text.default_layer_set
                0x0000345e        0x4 obj_hhkb/common/action_layer.o
                0x0000345e                default_layer_set
 .text.default_layer_or
                0x00003462       0x24 obj_hhkb/common/action_layer.o
                0x00003462                default_layer_or
 .text.default_layer_and
                0x00003486       0x24 obj_hhkb/common/action_layer.o
                0x00003486                default_layer_and
 .text.default_layer_xor
                0x000034aa       0x24 obj_hhkb/common/action_layer.o
                0x000034aa                default_layer_xor
 .text.layer_clear
                0x000034ce        0xa obj_hhkb/common/action_layer.o
                0x000034ce                layer_clear
 .text.layer_move
                0x000034d8       0x1e obj_hhkb/common/action_layer.o
                0x000034d8                layer_move
 .text.layer_on
                0x000034f6       0x36 obj_hhkb/common/action_layer.o
                0x000034f6                layer_on
 .text.layer_off
                0x0000352c       0x3e obj_hhkb/common/action_layer.o
                0x0000352c                layer_off
 .text.layer_invert
                0x0000356a       0x36 obj_hhkb/common/action_layer.o
                0x0000356a                layer_invert
 .text.layer_or
                0x000035a0       0x24 obj_hhkb/common/action_layer.o
                0x000035a0                layer_or
 .text.layer_and
                0x000035c4       0x24 obj_hhkb/common/action_layer.o
                0x000035c4                layer_and
 .text.layer_xor
                0x000035e8       0x24 obj_hhkb/common/action_layer.o
                0x000035e8                layer_xor
 .text.layer_debug
                0x0000360c        0x2 obj_hhkb/common/action_layer.o
                0x0000360c                layer_debug
 .text.layer_switch_get_action
                0x0000360e       0x84 obj_hhkb/common/action_layer.o
                0x0000360e                layer_switch_get_action
 .text.add_key  0x00003692       0xa2 obj_hhkb/common/action_util.o
                0x00003692                add_key
 .text.del_key  0x00003734       0x88 obj_hhkb/common/action_util.o
                0x00003734                del_key
 .text.clear_keys
                0x000037bc       0x1c obj_hhkb/common/action_util.o
                0x000037bc                clear_keys
 .text.get_mods
                0x000037d8        0x6 obj_hhkb/common/action_util.o
                0x000037d8                get_mods
 .text.add_mods
                0x000037de        0xc obj_hhkb/common/action_util.o
                0x000037de                add_mods
 .text.del_mods
                0x000037ea        0xe obj_hhkb/common/action_util.o
                0x000037ea                del_mods
 .text.set_mods
                0x000037f8        0x6 obj_hhkb/common/action_util.o
                0x000037f8                set_mods
 .text.clear_mods
                0x000037fe        0x6 obj_hhkb/common/action_util.o
                0x000037fe                clear_mods
 .text.add_weak_mods
                0x00003804        0xc obj_hhkb/common/action_util.o
                0x00003804                add_weak_mods
 .text.del_weak_mods
                0x00003810        0xe obj_hhkb/common/action_util.o
                0x00003810                del_weak_mods
 .text.clear_weak_mods
                0x0000381e        0x6 obj_hhkb/common/action_util.o
                0x0000381e                clear_weak_mods
 .text.set_oneshot_mods
                0x00003824       0x12 obj_hhkb/common/action_util.o
                0x00003824                set_oneshot_mods
 .text.clear_oneshot_mods
                0x00003836        0xe obj_hhkb/common/action_util.o
                0x00003836                clear_oneshot_mods
 .text.has_anykey
                0x00003844       0x26 obj_hhkb/common/action_util.o
                0x00003844                has_anykey
 .text.send_keyboard_report
                0x0000386a       0xb2 obj_hhkb/common/action_util.o
                0x0000386a                send_keyboard_report
 .text.print_set_sendchar
                0x0000391c        0xa obj_hhkb/common/print.o
                0x0000391c                print_set_sendchar
 .text.bitrev   0x00003926       0x24 obj_hhkb/common/util.o
                0x00003926                bitrev
 .text.hook_keyboard_loop
                0x0000394a        0x2 obj_hhkb/common/hook.o
                0x0000394a                hook_keyboard_loop
 .text.hook_matrix_change
                0x0000394c       0x1e obj_hhkb/common/hook.o
                0x0000394c                hook_matrix_change
 .text.hook_default_layer_change
                0x0000396a        0x2 obj_hhkb/common/hook.o
                0x0000396a                hook_default_layer_change
 .text.hook_layer_change
                0x0000396c        0x2 obj_hhkb/common/hook.o
                0x0000396c                hook_layer_change
 .text.hook_keyboard_leds_change
                0x0000396e        0x4 obj_hhkb/common/hook.o
                0x0000396e                hook_keyboard_leds_change
 .text.suspend_power_down
                0x00003972       0x4c obj_hhkb/common/avr/suspend.o
                0x00003972                suspend_power_down
 .text.suspend_wakeup_condition
                0x000039be       0x2a obj_hhkb/common/avr/suspend.o
                0x000039be                suspend_wakeup_condition
 .text.suspend_wakeup_init
                0x000039e8        0x8 obj_hhkb/common/avr/suspend.o
                0x000039e8                suspend_wakeup_init
 .text.__vector_12
                0x000039f0       0x52 obj_hhkb/common/avr/suspend.o
                0x000039f0                __vector_12
 .text.timer_init
                0x00003a42       0x12 obj_hhkb/common/avr/timer.o
                0x00003a42                timer_init
 .text.timer_read
                0x00003a54       0x18 obj_hhkb/common/avr/timer.o
                0x00003a54                timer_read
 .text.timer_read32
                0x00003a6c       0x18 obj_hhkb/common/avr/timer.o
                0x00003a6c                timer_read32
 .text.timer_elapsed
                0x00003a84       0x52 obj_hhkb/common/avr/timer.o
                0x00003a84                timer_elapsed
 .text.timer_elapsed32
                0x00003ad6       0x58 obj_hhkb/common/avr/timer.o
                0x00003ad6                timer_elapsed32
 .text.__vector_21
                0x00003b2e       0x4a obj_hhkb/common/avr/timer.o
                0x00003b2e                __vector_21
 .text.bootloader_jump
                0x00003b78       0x46 obj_hhkb/common/avr/bootloader.o
                0x00003b78                bootloader_jump
 .text.keymap_key_to_keycode
                0x00003bbe       0x24 obj_hhkb/common/keymap.o
                0x00003bbe                keymap_key_to_keycode
 .text.keymap_fn_to_action
                0x00003be2       0x12 obj_hhkb/common/keymap.o
                0x00003be2                keymap_fn_to_action
 .text.action_for_key
                0x00003bf4      0x140 obj_hhkb/common/keymap.o
                0x00003bf4                action_for_key
 .text.move_unit
                0x00003d34       0x90 obj_hhkb/common/mousekey.o
 .text.wheel_unit
                0x00003dc4       0x72 obj_hhkb/common/mousekey.o
 .text.mousekey_on
                0x00003e36       0xd0 obj_hhkb/common/mousekey.o
                0x00003e36                mousekey_on
 .text.mousekey_off
                0x00003f06      0x10a obj_hhkb/common/mousekey.o
                0x00003f06                mousekey_off
 .text.mousekey_send
                0x00004010      0x11a obj_hhkb/common/mousekey.o
                0x00004010                mousekey_send
 .text.mousekey_task
                0x0000412a      0x142 obj_hhkb/common/mousekey.o
                0x0000412a                mousekey_task
 .text.mousekey_clear
                0x0000426c       0x18 obj_hhkb/common/mousekey.o
                0x0000426c                mousekey_clear
 .text.mousekey_console_help
                0x00004284       0x2e obj_hhkb/common/command.o
 .text.mousekey_param_inc
                0x000042b2      0x146 obj_hhkb/common/command.o
 .text.mousekey_param_dec
                0x000043f8       0xfc obj_hhkb/common/command.o
 .text.switch_default_layer
                0x000044f4       0x3c obj_hhkb/common/command.o
 .text.command_common
                0x00004530      0x274 obj_hhkb/common/command.o
 .text.command_extra
                0x000047a4        0x4 obj_hhkb/common/command.o
                0x000047a4                command_extra
 .text.command_console_extra
                0x000047a8        0x4 obj_hhkb/common/command.o
                0x000047a8                command_console_extra
 .text.command_proc
                0x000047ac      0x2a4 obj_hhkb/common/command.o
                0x000047ac                command_proc
 .text.avr-libc.fplib
                0x00004a50        0xa /usr/local/CrossPack-AVR-20131216/lib/gcc/avr/4.8.1/../../../../avr/lib/avr5/libm.a(fixsfsi.o)
                0x00004a50                __fixsfsi
 .text.avr-libc.fplib
                0x00004a5a       0x58 /usr/local/CrossPack-AVR-20131216/lib/gcc/avr/4.8.1/../../../../avr/lib/avr5/libm.a(fixunssfsi.o)
                0x00004a5a                __fixunssfsi
 .text.avr-libc.fplib
                0x00004ab2       0x7a /usr/local/CrossPack-AVR-20131216/lib/gcc/avr/4.8.1/../../../../avr/lib/avr5/libm.a(floatsisf.o)
                0x00004ab2                __floatunsisf
                0x00004ab6                __floatsisf
 .text.avr-libc.fplib
                0x00004b2c       0x44 /usr/local/CrossPack-AVR-20131216/lib/gcc/avr/4.8.1/../../../../avr/lib/avr5/libm.a(fp_split3.o)
                0x00004b2c                __fp_split3
                0x00004b3c                __fp_splitA
 .text.avr-libc.fplib
                0x00004b70        0xe /usr/local/CrossPack-AVR-20131216/lib/gcc/avr/4.8.1/../../../../avr/lib/avr5/libm.a(fp_zero.o)
                0x00004b70                __fp_zero
                0x00004b72                __fp_szero
 .text.avr-libc.fplib
                0x00004b7e        0x4 /usr/local/CrossPack-AVR-20131216/lib/gcc/avr/4.8.1/../../../../avr/lib/avr5/libm.a(mulsf3.o)
                0x00004b7e                __mulsf3
 .text.avr-libc.fplib
                0x00004b82       0xc2 /usr/local/CrossPack-AVR-20131216/lib/gcc/avr/4.8.1/../../../../avr/lib/avr5/libm.a(mulsf3x.o)
                0x00004b96                __mulsf3x
                0x00004b9a                __mulsf3_pse
 .text.avr-libc.fplib
                0x00004c44        0xc /usr/local/CrossPack-AVR-20131216/lib/gcc/avr/4.8.1/../../../../avr/lib/avr5/libm.a(fp_inf.o)
                0x00004c44                __fp_inf
 .text.avr-libc.fplib
                0x00004c50        0x6 /usr/local/CrossPack-AVR-20131216/lib/gcc/avr/4.8.1/../../../../avr/lib/avr5/libm.a(fp_nan.o)
                0x00004c50                __fp_nan
 .text.avr-libc.fplib
                0x00004c56        0xe /usr/local/CrossPack-AVR-20131216/lib/gcc/avr/4.8.1/../../../../avr/lib/avr5/libm.a(fp_pscA.o)
                0x00004c56                __fp_pscA
 .text.avr-libc.fplib
                0x00004c64        0xe /usr/local/CrossPack-AVR-20131216/lib/gcc/avr/4.8.1/../../../../avr/lib/avr5/libm.a(fp_pscB.o)
                0x00004c64                __fp_pscB
 .text.avr-libc.fplib
                0x00004c72       0x22 /usr/local/CrossPack-AVR-20131216/lib/gcc/avr/4.8.1/../../../../avr/lib/avr5/libm.a(fp_round.o)
                0x00004c72                __fp_round
 .text.libgcc.div
                0x00004c94       0x18 /usr/local/CrossPack-AVR-20131216/lib/gcc/avr/4.8.1/avr5/libgcc.a(_udivmodqi4.o)
                0x00004c94                __udivmodqi4
 .text.libgcc.div
                0x00004cac       0x28 /usr/local/CrossPack-AVR-20131216/lib/gcc/avr/4.8.1/avr5/libgcc.a(_divmodhi4.o)
                0x00004cac                __divmodhi4
                0x00004cac                _div
 .text.libgcc   0x00004cd4        0xc /usr/local/CrossPack-AVR-20131216/lib/gcc/avr/4.8.1/avr5/libgcc.a(_tablejump.o)
                0x00004cd4                __tablejump2__
                0x00004cd8                __tablejump__
 .text.libgcc.div
                0x00004ce0       0x28 /usr/local/CrossPack-AVR-20131216/lib/gcc/avr/4.8.1/avr5/libgcc.a(_udivmodhi4.o)
                0x00004ce0                __udivmodhi4
                0x00004d08                . = ALIGN (0x2)
 *(.fini9)
 .fini9         0x00004d08        0x0 /usr/local/CrossPack-AVR-20131216/lib/gcc/avr/4.8.1/avr5/libgcc.a(_exit.o)
                0x00004d08                exit
                0x00004d08                _exit
 *(.fini9)
 *(.fini8)
 *(.fini8)
 *(.fini7)
 *(.fini7)
 *(.fini6)
 *(.fini6)
 *(.fini5)
 *(.fini5)
 *(.fini4)
 *(.fini4)
 *(.fini3)
 *(.fini3)
 *(.fini2)
 *(.fini2)
 *(.fini1)
 *(.fini1)
 *(.fini0)
 .fini0         0x00004d08        0x4 /usr/local/CrossPack-AVR-20131216/lib/gcc/avr/4.8.1/avr5/libgcc.a(_exit.o)
 *(.fini0)
                0x00004d0c                _etext = .

.data           0x00800100       0x38 load address 0x00004d0c
                0x00800100                PROVIDE (__data_start, .)
 *(.data)
 .data          0x00800100        0x0 /usr/local/CrossPack-AVR-20131216/lib/gcc/avr/4.8.1/../../../../avr/lib/avr5/crtm32u4.o
 .data          0x00800100        0x0 obj_hhkb/keymap_custom.o
 .data          0x00800100        0x0 obj_hhkb/matrix.o
 .data          0x00800100        0x0 obj_hhkb/led.o
 .data          0x00800100        0x0 obj_hhkb/protocol/lufa/lufa.o
 .data          0x00800100        0x0 obj_hhkb/protocol/lufa/descriptor.o
 .data          0x00800100        0x0 obj_hhkb/protocol/lufa/LUFA-git/LUFA/Drivers/USB/Class/Common/HIDParser.o
 .data          0x00800100        0x0 obj_hhkb/protocol/lufa/LUFA-git/LUFA/Drivers/USB/Core/AVR8/Device_AVR8.o
 .data          0x00800100        0x0 obj_hhkb/protocol/lufa/LUFA-git/LUFA/Drivers/USB/Core/AVR8/EndpointStream_AVR8.o
 .data          0x00800100        0x0 obj_hhkb/protocol/lufa/LUFA-git/LUFA/Drivers/USB/Core/AVR8/Endpoint_AVR8.o
 .data          0x00800100        0x0 obj_hhkb/protocol/lufa/LUFA-git/LUFA/Drivers/USB/Core/AVR8/Host_AVR8.o
 .data          0x00800100        0x0 obj_hhkb/protocol/lufa/LUFA-git/LUFA/Drivers/USB/Core/AVR8/PipeStream_AVR8.o
 .data          0x00800100        0x0 obj_hhkb/protocol/lufa/LUFA-git/LUFA/Drivers/USB/Core/AVR8/Pipe_AVR8.o
 .data          0x00800100        0x0 obj_hhkb/protocol/lufa/LUFA-git/LUFA/Drivers/USB/Core/AVR8/USBController_AVR8.o
 .data          0x00800100        0x0 obj_hhkb/protocol/lufa/LUFA-git/LUFA/Drivers/USB/Core/AVR8/USBInterrupt_AVR8.o
 .data          0x00800100        0x0 obj_hhkb/protocol/lufa/LUFA-git/LUFA/Drivers/USB/Core/ConfigDescriptors.o
 .data          0x00800100        0x0 obj_hhkb/protocol/lufa/LUFA-git/LUFA/Drivers/USB/Core/DeviceStandardReq.o
 .data          0x00800100        0x0 obj_hhkb/protocol/lufa/LUFA-git/LUFA/Drivers/USB/Core/Events.o
 .data          0x00800100        0x0 obj_hhkb/protocol/lufa/LUFA-git/LUFA/Drivers/USB/Core/HostStandardReq.o
 .data          0x00800100        0x0 obj_hhkb/protocol/lufa/LUFA-git/LUFA/Drivers/USB/Core/USBTask.o
 .data          0x00800100        0x0 obj_hhkb/common/host.o
 .data          0x00800100        0x0 obj_hhkb/common/keyboard.o
 .data          0x00800100        0x0 obj_hhkb/common/matrix.o
 .data          0x00800100        0x0 obj_hhkb/common/action.o
 .data          0x00800100        0x0 obj_hhkb/common/action_tapping.o
 .data          0x00800100        0x0 obj_hhkb/common/action_macro.o
 .data          0x00800100        0x0 obj_hhkb/common/action_layer.o
 .data          0x00800100        0x0 obj_hhkb/common/action_util.o
 .data          0x00800100        0x0 obj_hhkb/common/print.o
 .data          0x00800100        0x0 obj_hhkb/common/debug.o
 .data          0x00800100        0x0 obj_hhkb/common/util.o
 .data          0x00800100        0x0 obj_hhkb/common/hook.o
 .data          0x00800100        0x0 obj_hhkb/common/avr/suspend.o
 .data          0x00800100        0x0 obj_hhkb/common/avr/xprintf.o
 .data          0x00800100        0x0 obj_hhkb/common/avr/timer.o
 .data          0x00800100        0x0 obj_hhkb/common/avr/bootloader.o
 .data          0x00800100        0x0 obj_hhkb/common/keymap.o
 .data          0x00800100        0x0 obj_hhkb/common/mousekey.o
 .data          0x00800100        0x0 obj_hhkb/common/command.o
 .data          0x00800100        0x0 /usr/local/CrossPack-AVR-20131216/lib/gcc/avr/4.8.1/../../../../avr/lib/avr5/libm.a(fixsfsi.o)
 .data          0x00800100        0x0 /usr/local/CrossPack-AVR-20131216/lib/gcc/avr/4.8.1/../../../../avr/lib/avr5/libm.a(fixunssfsi.o)
 .data          0x00800100        0x0 /usr/local/CrossPack-AVR-20131216/lib/gcc/avr/4.8.1/../../../../avr/lib/avr5/libm.a(floatsisf.o)
 .data          0x00800100        0x0 /usr/local/CrossPack-AVR-20131216/lib/gcc/avr/4.8.1/../../../../avr/lib/avr5/libm.a(fp_split3.o)
 .data          0x00800100        0x0 /usr/local/CrossPack-AVR-20131216/lib/gcc/avr/4.8.1/../../../../avr/lib/avr5/libm.a(fp_zero.o)
 .data          0x00800100        0x0 /usr/local/CrossPack-AVR-20131216/lib/gcc/avr/4.8.1/../../../../avr/lib/avr5/libm.a(mulsf3.o)
 .data          0x00800100        0x0 /usr/local/CrossPack-AVR-20131216/lib/gcc/avr/4.8.1/../../../../avr/lib/avr5/libm.a(mulsf3x.o)
 .data          0x00800100        0x0 /usr/local/CrossPack-AVR-20131216/lib/gcc/avr/4.8.1/../../../../avr/lib/avr5/libm.a(fp_inf.o)
 .data          0x00800100        0x0 /usr/local/CrossPack-AVR-20131216/lib/gcc/avr/4.8.1/../../../../avr/lib/avr5/libm.a(fp_nan.o)
 .data          0x00800100        0x0 /usr/local/CrossPack-AVR-20131216/lib/gcc/avr/4.8.1/../../../../avr/lib/avr5/libm.a(fp_pscA.o)
 .data          0x00800100        0x0 /usr/local/CrossPack-AVR-20131216/lib/gcc/avr/4.8.1/../../../../avr/lib/avr5/libm.a(fp_pscB.o)
 .data          0x00800100        0x0 /usr/local/CrossPack-AVR-20131216/lib/gcc/avr/4.8.1/../../../../avr/lib/avr5/libm.a(fp_round.o)
 .data          0x00800100        0x0 /usr/local/CrossPack-AVR-20131216/lib/gcc/avr/4.8.1/avr5/libgcc.a(_udivmodqi4.o)
 .data          0x00800100        0x0 /usr/local/CrossPack-AVR-20131216/lib/gcc/avr/4.8.1/avr5/libgcc.a(_divmodhi4.o)
 .data          0x00800100        0x0 /usr/local/CrossPack-AVR-20131216/lib/gcc/avr/4.8.1/avr5/libgcc.a(_exit.o)
 .data          0x00800100        0x0 /usr/local/CrossPack-AVR-20131216/lib/gcc/avr/4.8.1/avr5/libgcc.a(_tablejump.o)
 .data          0x00800100        0x0 /usr/local/CrossPack-AVR-20131216/lib/gcc/avr/4.8.1/avr5/libgcc.a(_copy_data.o)
 .data          0x00800100        0x0 /usr/local/CrossPack-AVR-20131216/lib/gcc/avr/4.8.1/avr5/libgcc.a(_clear_bss.o)
 .data          0x00800100        0x0 /usr/local/CrossPack-AVR-20131216/lib/gcc/avr/4.8.1/avr5/libgcc.a(_udivmodhi4.o)
 .data          0x00800100        0x0 /usr/local/CrossPack-AVR-20131216/lib/gcc/avr/4.8.1/../../../../avr/lib/avr5/libc.a(eerd_byte_atmega32u4.o)
 .data          0x00800100        0x0 /usr/local/CrossPack-AVR-20131216/lib/gcc/avr/4.8.1/../../../../avr/lib/avr5/libc.a(eeupd_byte_atmega32u4.o)
 *(.data*)
 .data.lufa_driver
                0x00800100        0xa obj_hhkb/protocol/lufa/lufa.o
                0x00800100                lufa_driver
 .data.keyboard_protocol
                0x0080010a        0x1 obj_hhkb/protocol/lufa/lufa.o
                0x0080010a                keyboard_protocol
 .data.keyboard_nkro
                0x0080010b        0x1 obj_hhkb/common/host.o
                0x0080010b                keyboard_nkro
 .data.keyboard_report
                0x0080010c        0x2 obj_hhkb/common/action_util.o
                0x0080010c                keyboard_report
 .data.mk_wheel_time_to_max
                0x0080010e        0x1 obj_hhkb/common/mousekey.o
                0x0080010e                mk_wheel_time_to_max
 .data.mk_wheel_max_speed
                0x0080010f        0x1 obj_hhkb/common/mousekey.o
                0x0080010f                mk_wheel_max_speed
 .data.mk_time_to_max
                0x00800110        0x1 obj_hhkb/common/mousekey.o
                0x00800110                mk_time_to_max
 .data.mk_max_speed
                0x00800111        0x1 obj_hhkb/common/mousekey.o
                0x00800111                mk_max_speed
 .data.mk_interval
                0x00800112        0x1 obj_hhkb/common/mousekey.o
                0x00800112                mk_interval
 .data.mk_delay
                0x00800113        0x1 obj_hhkb/common/mousekey.o
                0x00800113                mk_delay
 *(.rodata)
 *(.rodata*)
 .rodata.CSWTCH.3
                0x00800114        0x5 obj_hhkb/protocol/lufa/descriptor.o
 .rodata.CSWTCH.2
                0x00800119        0xa obj_hhkb/protocol/lufa/descriptor.o
 .rodata.CSWTCH.1
                0x00800123        0xa obj_hhkb/protocol/lufa/descriptor.o
 .rodata.str1.1
                0x0080012d        0x1 obj_hhkb/common/matrix.o
 .rodata.CSWTCH.43
                0x0080012e        0xa obj_hhkb/common/command.o
 *(.gnu.linkonce.d*)
                0x00800138                . = ALIGN (0x2)
                0x00800138                _edata = .
                0x00800138                PROVIDE (__data_end, .)

.bss            0x00800138       0xd2
                0x00800138                PROVIDE (__bss_start, .)
 *(.bss)
 .bss           0x00800138        0x2 obj_hhkb/common/avr/xprintf.o
                0x00800138                xfunc_out
 *(.bss*)
 .bss._matrix1  0x0080013a        0x8 obj_hhkb/matrix.o
 .bss._matrix0  0x00800142        0x8 obj_hhkb/matrix.o
 .bss.matrix_prev
                0x0080014a        0x2 obj_hhkb/matrix.o
 .bss.matrix    0x0080014c        0x2 obj_hhkb/matrix.o
 .bss.matrix_last_modified
                0x0080014e        0x4 obj_hhkb/matrix.o
 .bss.timeouted.4807
                0x00800152        0x1 obj_hhkb/protocol/lufa/lufa.o
 .bss.count.4737
                0x00800153        0x1 obj_hhkb/protocol/lufa/lufa.o
 .bss._led_stats
                0x00800154        0x1 obj_hhkb/protocol/lufa/lufa.o
 .bss.console_flush
                0x00800155        0x1 obj_hhkb/protocol/lufa/lufa.o
 .bss.keyboard_report_sent
                0x00800156       0x20 obj_hhkb/protocol/lufa/lufa.o
 .bss.keyboard_led_stats
                0x00800176        0x1 obj_hhkb/protocol/lufa/lufa.o
 .bss.keyboard_idle
                0x00800177        0x1 obj_hhkb/protocol/lufa/lufa.o
                0x00800177                keyboard_idle
 .bss.last_consumer_report
                0x00800178        0x2 obj_hhkb/common/host.o
 .bss.last_system_report
                0x0080017a        0x2 obj_hhkb/common/host.o
 .bss.driver    0x0080017c        0x2 obj_hhkb/common/host.o
 .bss.led_status.4766
                0x0080017e        0x1 obj_hhkb/common/keyboard.o
 .bss.matrix_prev.4765
                0x0080017f        0x8 obj_hhkb/common/keyboard.o
 .bss.waiting_buffer_tail
                0x00800187        0x1 obj_hhkb/common/action_tapping.o
 .bss.waiting_buffer_head
                0x00800188        0x1 obj_hhkb/common/action_tapping.o
 .bss.waiting_buffer
                0x00800189       0x30 obj_hhkb/common/action_tapping.o
 .bss.tapping_key
                0x008001b9        0x6 obj_hhkb/common/action_tapping.o
 .bss.layer_state
                0x008001bf        0x4 obj_hhkb/common/action_layer.o
                0x008001bf                layer_state
 .bss.default_layer_state
                0x008001c3        0x4 obj_hhkb/common/action_layer.o
                0x008001c3                default_layer_state
 .bss.oneshot_time
                0x008001c7        0x2 obj_hhkb/common/action_util.o
 .bss.oneshot_mods
                0x008001c9        0x1 obj_hhkb/common/action_util.o
 .bss.__compound_literal.0
                0x008001ca       0x20 obj_hhkb/common/action_util.o
 .bss.weak_mods
                0x008001ea        0x1 obj_hhkb/common/action_util.o
 .bss.real_mods
                0x008001eb        0x1 obj_hhkb/common/action_util.o
 .bss.debug_config
                0x008001ec        0x1 obj_hhkb/common/debug.o
                0x008001ec                debug_config
 .bss.wdt_timeout
                0x008001ed        0x1 obj_hhkb/common/avr/suspend.o
 .bss.timer_count
                0x008001ee        0x4 obj_hhkb/common/avr/timer.o
                0x008001ee                timer_count
 .bss.last_timer
                0x008001f2        0x2 obj_hhkb/common/mousekey.o
 .bss.mousekey_accel
                0x008001f4        0x1 obj_hhkb/common/mousekey.o
 .bss.mousekey_repeat
                0x008001f5        0x1 obj_hhkb/common/mousekey.o
 .bss.mouse_report
                0x008001f6        0x5 obj_hhkb/common/mousekey.o
 .bss.mousekey_param
                0x008001fb        0x1 obj_hhkb/common/command.o
 .bss.command_state
                0x008001fc        0x1 obj_hhkb/common/command.o
                0x008001fc                command_state
 *(COMMON)
 COMMON         0x008001fd        0x3 obj_hhkb/protocol/lufa/LUFA-git/LUFA/Drivers/USB/Core/DeviceStandardReq.o
                0x008001fd                USB_Device_ConfigurationNumber
                0x008001fe                USB_Device_CurrentlySelfPowered
                0x008001ff                USB_Device_RemoteWakeupEnabled
 COMMON         0x00800200        0xa obj_hhkb/protocol/lufa/LUFA-git/LUFA/Drivers/USB/Core/USBTask.o
                0x00800200                USB_IsInitialized
                0x00800201                USB_DeviceState
                0x00800202                USB_ControlRequest
                0x0080020a                PROVIDE (__bss_end, .)
                0x00004d0c                __data_load_start = LOADADDR (.data)
                0x00004d44                __data_load_end = (__data_load_start + SIZEOF (.data))

.noinit         0x0080020a        0x4
                0x0080020a                PROVIDE (__noinit_start, .)
 *(.noinit*)
 .noinit        0x0080020a        0x4 obj_hhkb/common/avr/bootloader.o
                0x0080020a                reset_key
                0x0080020e                PROVIDE (__noinit_end, .)
                0x0080020e                _end = .
                0x0080020e                PROVIDE (__heap_start, .)

.eeprom         0x00810000        0x0
 *(.eeprom*)
                0x00810000                __eeprom_end = .

.fuse
 *(.fuse)
 *(.lfuse)
 *(.hfuse)
 *(.efuse)

.lock
 *(.lock*)

.signature
 *(.signature*)

.user_signatures
 *(.user_signatures*)

.stab           0x00000000      0x8b8
 *(.stab)
 .stab          0x00000000      0x8b8 obj_hhkb/common/avr/xprintf.o

.stabstr        0x00000000       0x9c
 *(.stabstr)
 .stabstr       0x00000000       0x9c obj_hhkb/common/avr/xprintf.o

.stab.excl
 *(.stab.excl)

.stab.exclstr
 *(.stab.exclstr)

.stab.index
 *(.stab.index)

.stab.indexstr
 *(.stab.indexstr)

.comment        0x00000000       0x11
 *(.comment)
 .comment       0x00000000       0x11 obj_hhkb/keymap_custom.o
                                 0x12 (size before relaxing)
 .comment       0x00000000       0x12 obj_hhkb/matrix.o
 .comment       0x00000000       0x12 obj_hhkb/led.o
 .comment       0x00000000       0x12 obj_hhkb/protocol/lufa/lufa.o
 .comment       0x00000000       0x12 obj_hhkb/protocol/lufa/descriptor.o
 .comment       0x00000000       0x12 obj_hhkb/protocol/lufa/LUFA-git/LUFA/Drivers/USB/Class/Common/HIDParser.o
 .comment       0x00000000       0x12 obj_hhkb/protocol/lufa/LUFA-git/LUFA/Drivers/USB/Core/AVR8/Device_AVR8.o
 .comment       0x00000000       0x12 obj_hhkb/protocol/lufa/LUFA-git/LUFA/Drivers/USB/Core/AVR8/EndpointStream_AVR8.o
 .comment       0x00000000       0x12 obj_hhkb/protocol/lufa/LUFA-git/LUFA/Drivers/USB/Core/AVR8/Endpoint_AVR8.o
 .comment       0x00000000       0x12 obj_hhkb/protocol/lufa/LUFA-git/LUFA/Drivers/USB/Core/AVR8/Host_AVR8.o
 .comment       0x00000000       0x12 obj_hhkb/protocol/lufa/LUFA-git/LUFA/Drivers/USB/Core/AVR8/PipeStream_AVR8.o
 .comment       0x00000000       0x12 obj_hhkb/protocol/lufa/LUFA-git/LUFA/Drivers/USB/Core/AVR8/Pipe_AVR8.o
 .comment       0x00000000       0x12 obj_hhkb/protocol/lufa/LUFA-git/LUFA/Drivers/USB/Core/AVR8/USBController_AVR8.o
 .comment       0x00000000       0x12 obj_hhkb/protocol/lufa/LUFA-git/LUFA/Drivers/USB/Core/AVR8/USBInterrupt_AVR8.o
 .comment       0x00000000       0x12 obj_hhkb/protocol/lufa/LUFA-git/LUFA/Drivers/USB/Core/ConfigDescriptors.o
 .comment       0x00000000       0x12 obj_hhkb/protocol/lufa/LUFA-git/LUFA/Drivers/USB/Core/DeviceStandardReq.o
 .comment       0x00000000       0x12 obj_hhkb/protocol/lufa/LUFA-git/LUFA/Drivers/USB/Core/Events.o
 .comment       0x00000000       0x12 obj_hhkb/protocol/lufa/LUFA-git/LUFA/Drivers/USB/Core/HostStandardReq.o
 .comment       0x00000000       0x12 obj_hhkb/protocol/lufa/LUFA-git/LUFA/Drivers/USB/Core/USBTask.o
 .comment       0x00000000       0x12 obj_hhkb/common/host.o
 .comment       0x00000000       0x12 obj_hhkb/common/keyboard.o
 .comment       0x00000000       0x12 obj_hhkb/common/matrix.o
 .comment       0x00000000       0x12 obj_hhkb/common/action.o
 .comment       0x00000000       0x12 obj_hhkb/common/action_tapping.o
 .comment       0x00000000       0x12 obj_hhkb/common/action_macro.o
 .comment       0x00000000       0x12 obj_hhkb/common/action_layer.o
 .comment       0x00000000       0x12 obj_hhkb/common/action_util.o
 .comment       0x00000000       0x12 obj_hhkb/common/print.o
 .comment       0x00000000       0x12 obj_hhkb/common/debug.o
 .comment       0x00000000       0x12 obj_hhkb/common/util.o
 .comment       0x00000000       0x12 obj_hhkb/common/hook.o
 .comment       0x00000000       0x12 obj_hhkb/common/avr/suspend.o
 .comment       0x00000000       0x12 obj_hhkb/common/avr/timer.o
 .comment       0x00000000       0x12 obj_hhkb/common/avr/bootloader.o
 .comment       0x00000000       0x12 obj_hhkb/common/keymap.o
 .comment       0x00000000       0x12 obj_hhkb/common/mousekey.o
 .comment       0x00000000       0x12 obj_hhkb/common/command.o

.debug
 *(.debug)

.line
 *(.line)

.debug_srcinfo
 *(.debug_srcinfo)

.debug_sfnames
 *(.debug_sfnames)

.debug_aranges  0x00000000      0xaa0
 *(.debug_aranges)
 .debug_aranges
                0x00000000       0x28 obj_hhkb/keymap_custom.o
 .debug_aranges
                0x00000028       0x40 obj_hhkb/matrix.o
 .debug_aranges
                0x00000068       0x20 obj_hhkb/led.o
 .debug_aranges
                0x00000088       0xb8 obj_hhkb/protocol/lufa/lufa.o
 .debug_aranges
                0x00000140       0x20 obj_hhkb/protocol/lufa/descriptor.o
 .debug_aranges
                0x00000160       0x38 obj_hhkb/protocol/lufa/LUFA-git/LUFA/Drivers/USB/Class/Common/HIDParser.o
 .debug_aranges
                0x00000198       0x20 obj_hhkb/protocol/lufa/LUFA-git/LUFA/Drivers/USB/Core/AVR8/Device_AVR8.o
 .debug_aranges
                0x000001b8       0xc8 obj_hhkb/protocol/lufa/LUFA-git/LUFA/Drivers/USB/Core/AVR8/EndpointStream_AVR8.o
 .debug_aranges
                0x00000280       0x40 obj_hhkb/protocol/lufa/LUFA-git/LUFA/Drivers/USB/Core/AVR8/Endpoint_AVR8.o
 .debug_aranges
                0x000002c0       0x18 obj_hhkb/protocol/lufa/LUFA-git/LUFA/Drivers/USB/Core/AVR8/Host_AVR8.o
 .debug_aranges
                0x000002d8       0x18 obj_hhkb/protocol/lufa/LUFA-git/LUFA/Drivers/USB/Core/AVR8/PipeStream_AVR8.o
 .debug_aranges
                0x000002f0       0x18 obj_hhkb/protocol/lufa/LUFA-git/LUFA/Drivers/USB/Core/AVR8/Pipe_AVR8.o
 .debug_aranges
                0x00000308       0x30 obj_hhkb/protocol/lufa/LUFA-git/LUFA/Drivers/USB/Core/AVR8/USBController_AVR8.o
 .debug_aranges
                0x00000338       0x38 obj_hhkb/protocol/lufa/LUFA-git/LUFA/Drivers/USB/Core/AVR8/USBInterrupt_AVR8.o
 .debug_aranges
                0x00000370       0x40 obj_hhkb/protocol/lufa/LUFA-git/LUFA/Drivers/USB/Core/ConfigDescriptors.o
 .debug_aranges
                0x000003b0       0x20 obj_hhkb/protocol/lufa/LUFA-git/LUFA/Drivers/USB/Core/DeviceStandardReq.o
 .debug_aranges
                0x000003d0       0x20 obj_hhkb/protocol/lufa/LUFA-git/LUFA/Drivers/USB/Core/Events.o
 .debug_aranges
                0x000003f0       0x18 obj_hhkb/protocol/lufa/LUFA-git/LUFA/Drivers/USB/Core/HostStandardReq.o
 .debug_aranges
                0x00000408       0x20 obj_hhkb/protocol/lufa/LUFA-git/LUFA/Drivers/USB/Core/USBTask.o
 .debug_aranges
                0x00000428       0x60 obj_hhkb/common/host.o
 .debug_aranges
                0x00000488       0x38 obj_hhkb/common/keyboard.o
 .debug_aranges
                0x000004c0       0x58 obj_hhkb/common/matrix.o
 .debug_aranges
                0x00000518       0x78 obj_hhkb/common/action.o
 .debug_aranges
                0x00000590       0x40 obj_hhkb/common/action_tapping.o
 .debug_aranges
                0x000005d0       0x20 obj_hhkb/common/action_macro.o
 .debug_aranges
                0x000005f0       0xa0 obj_hhkb/common/action_layer.o
 .debug_aranges
                0x00000690       0xb0 obj_hhkb/common/action_util.o
 .debug_aranges
                0x00000740       0x20 obj_hhkb/common/print.o
 .debug_aranges
                0x00000760       0x18 obj_hhkb/common/debug.o
 .debug_aranges
                0x00000778       0x60 obj_hhkb/common/util.o
 .debug_aranges
                0x000007d8       0x48 obj_hhkb/common/hook.o
 .debug_aranges
                0x00000820       0x40 obj_hhkb/common/avr/suspend.o
 .debug_aranges
                0x00000860       0x50 obj_hhkb/common/avr/timer.o
 .debug_aranges
                0x000008b0       0x28 obj_hhkb/common/avr/bootloader.o
 .debug_aranges
                0x000008d8       0x40 obj_hhkb/common/keymap.o
 .debug_aranges
                0x00000918       0x50 obj_hhkb/common/mousekey.o
 .debug_aranges
                0x00000968       0x58 obj_hhkb/common/command.o
 .debug_aranges
                0x000009c0       0x20 /usr/local/CrossPack-AVR-20131216/lib/gcc/avr/4.8.1/avr5/libgcc.a(_udivmodqi4.o)
 .debug_aranges
                0x000009e0       0x20 /usr/local/CrossPack-AVR-20131216/lib/gcc/avr/4.8.1/avr5/libgcc.a(_divmodhi4.o)
 .debug_aranges
                0x00000a00       0x20 /usr/local/CrossPack-AVR-20131216/lib/gcc/avr/4.8.1/avr5/libgcc.a(_exit.o)
 .debug_aranges
                0x00000a20       0x20 /usr/local/CrossPack-AVR-20131216/lib/gcc/avr/4.8.1/avr5/libgcc.a(_tablejump.o)
 .debug_aranges
                0x00000a40       0x20 /usr/local/CrossPack-AVR-20131216/lib/gcc/avr/4.8.1/avr5/libgcc.a(_copy_data.o)
 .debug_aranges
                0x00000a60       0x20 /usr/local/CrossPack-AVR-20131216/lib/gcc/avr/4.8.1/avr5/libgcc.a(_clear_bss.o)
 .debug_aranges
                0x00000a80       0x20 /usr/local/CrossPack-AVR-20131216/lib/gcc/avr/4.8.1/avr5/libgcc.a(_udivmodhi4.o)

.debug_pubnames
 *(.debug_pubnames)

.debug_info     0x00000000     0xfc3b
 *(.debug_info)
 .debug_info    0x00000000     0x10a9 obj_hhkb/keymap_custom.o
 .debug_info    0x000010a9      0x51f obj_hhkb/matrix.o
 .debug_info    0x000015c8       0x91 obj_hhkb/led.o
 .debug_info    0x00001659     0x15f8 obj_hhkb/protocol/lufa/lufa.o
 .debug_info    0x00002c51      0x818 obj_hhkb/protocol/lufa/descriptor.o
 .debug_info    0x00003469      0x73e obj_hhkb/protocol/lufa/LUFA-git/LUFA/Drivers/USB/Class/Common/HIDParser.o
 .debug_info    0x00003ba7       0xd2 obj_hhkb/protocol/lufa/LUFA-git/LUFA/Drivers/USB/Core/AVR8/Device_AVR8.o
 .debug_info    0x00003c79     0x17b4 obj_hhkb/protocol/lufa/LUFA-git/LUFA/Drivers/USB/Core/AVR8/EndpointStream_AVR8.o
 .debug_info    0x0000542d      0x614 obj_hhkb/protocol/lufa/LUFA-git/LUFA/Drivers/USB/Core/AVR8/Endpoint_AVR8.o
 .debug_info    0x00005a41       0x56 obj_hhkb/protocol/lufa/LUFA-git/LUFA/Drivers/USB/Core/AVR8/Host_AVR8.o
 .debug_info    0x00005a97       0x56 obj_hhkb/protocol/lufa/LUFA-git/LUFA/Drivers/USB/Core/AVR8/PipeStream_AVR8.o
 .debug_info    0x00005aed       0x56 obj_hhkb/protocol/lufa/LUFA-git/LUFA/Drivers/USB/Core/AVR8/Pipe_AVR8.o
 .debug_info    0x00005b43      0x4cb obj_hhkb/protocol/lufa/LUFA-git/LUFA/Drivers/USB/Core/AVR8/USBController_AVR8.o
 .debug_info    0x0000600e      0x7c4 obj_hhkb/protocol/lufa/LUFA-git/LUFA/Drivers/USB/Core/AVR8/USBInterrupt_AVR8.o
 .debug_info    0x000067d2      0x3cd obj_hhkb/protocol/lufa/LUFA-git/LUFA/Drivers/USB/Core/ConfigDescriptors.o
 .debug_info    0x00006b9f      0xa57 obj_hhkb/protocol/lufa/LUFA-git/LUFA/Drivers/USB/Core/DeviceStandardReq.o
 .debug_info    0x000075f6       0x78 obj_hhkb/protocol/lufa/LUFA-git/LUFA/Drivers/USB/Core/Events.o
 .debug_info    0x0000766e       0x56 obj_hhkb/protocol/lufa/LUFA-git/LUFA/Drivers/USB/Core/HostStandardReq.o
 .debug_info    0x000076c4      0x26b obj_hhkb/protocol/lufa/LUFA-git/LUFA/Drivers/USB/Core/USBTask.o
 .debug_info    0x0000792f      0x55c obj_hhkb/common/host.o
 .debug_info    0x00007e8b      0x468 obj_hhkb/common/keyboard.o
 .debug_info    0x000082f3      0x19d obj_hhkb/common/matrix.o
 .debug_info    0x00008490     0x165c obj_hhkb/common/action.o
 .debug_info    0x00009aec      0xf70 obj_hhkb/common/action_tapping.o
 .debug_info    0x0000aa5c      0x9cd obj_hhkb/common/action_macro.o
 .debug_info    0x0000b429      0x7d3 obj_hhkb/common/action_layer.o
 .debug_info    0x0000bbfc      0x77a obj_hhkb/common/action_util.o
 .debug_info    0x0000c376       0xda obj_hhkb/common/print.o
 .debug_info    0x0000c450       0xfc obj_hhkb/common/debug.o
 .debug_info    0x0000c54c      0x29b obj_hhkb/common/util.o
 .debug_info    0x0000c7e7      0x1ff obj_hhkb/common/hook.o
 .debug_info    0x0000c9e6      0x288 obj_hhkb/common/avr/suspend.o
 .debug_info    0x0000cc6e      0x204 obj_hhkb/common/avr/timer.o
 .debug_info    0x0000ce72      0x18a obj_hhkb/common/avr/bootloader.o
 .debug_info    0x0000cffc      0xf82 obj_hhkb/common/keymap.o
 .debug_info    0x0000df7e      0x7c6 obj_hhkb/common/mousekey.o
 .debug_info    0x0000e744      0xfc5 obj_hhkb/common/command.o
 .debug_info    0x0000f709       0xbe /usr/local/CrossPack-AVR-20131216/lib/gcc/avr/4.8.1/avr5/libgcc.a(_udivmodqi4.o)
 .debug_info    0x0000f7c7       0xbe /usr/local/CrossPack-AVR-20131216/lib/gcc/avr/4.8.1/avr5/libgcc.a(_divmodhi4.o)
 .debug_info    0x0000f885       0xbe /usr/local/CrossPack-AVR-20131216/lib/gcc/avr/4.8.1/avr5/libgcc.a(_exit.o)
 .debug_info    0x0000f943       0xbe /usr/local/CrossPack-AVR-20131216/lib/gcc/avr/4.8.1/avr5/libgcc.a(_tablejump.o)
 .debug_info    0x0000fa01       0xbe /usr/local/CrossPack-AVR-20131216/lib/gcc/avr/4.8.1/avr5/libgcc.a(_copy_data.o)
 .debug_info    0x0000fabf       0xbe /usr/local/CrossPack-AVR-20131216/lib/gcc/avr/4.8.1/avr5/libgcc.a(_clear_bss.o)
 .debug_info    0x0000fb7d       0xbe /usr/local/CrossPack-AVR-20131216/lib/gcc/avr/4.8.1/avr5/libgcc.a(_udivmodhi4.o)
 *(.gnu.linkonce.wi.*)

.debug_abbrev   0x00000000     0x3d11
 *(.debug_abbrev)
 .debug_abbrev  0x00000000      0x22c obj_hhkb/keymap_custom.o
 .debug_abbrev  0x0000022c      0x26d obj_hhkb/matrix.o
 .debug_abbrev  0x00000499       0x60 obj_hhkb/led.o
 .debug_abbrev  0x000004f9      0x4d2 obj_hhkb/protocol/lufa/lufa.o
 .debug_abbrev  0x000009cb      0x177 obj_hhkb/protocol/lufa/descriptor.o
 .debug_abbrev  0x00000b42      0x21e obj_hhkb/protocol/lufa/LUFA-git/LUFA/Drivers/USB/Class/Common/HIDParser.o
 .debug_abbrev  0x00000d60       0x80 obj_hhkb/protocol/lufa/LUFA-git/LUFA/Drivers/USB/Core/AVR8/Device_AVR8.o
 .debug_abbrev  0x00000de0      0x213 obj_hhkb/protocol/lufa/LUFA-git/LUFA/Drivers/USB/Core/AVR8/EndpointStream_AVR8.o
 .debug_abbrev  0x00000ff3      0x222 obj_hhkb/protocol/lufa/LUFA-git/LUFA/Drivers/USB/Core/AVR8/Endpoint_AVR8.o
 .debug_abbrev  0x00001215       0x26 obj_hhkb/protocol/lufa/LUFA-git/LUFA/Drivers/USB/Core/AVR8/Host_AVR8.o
 .debug_abbrev  0x0000123b       0x26 obj_hhkb/protocol/lufa/LUFA-git/LUFA/Drivers/USB/Core/AVR8/PipeStream_AVR8.o
 .debug_abbrev  0x00001261       0x26 obj_hhkb/protocol/lufa/LUFA-git/LUFA/Drivers/USB/Core/AVR8/Pipe_AVR8.o
 .debug_abbrev  0x00001287      0x196 obj_hhkb/protocol/lufa/LUFA-git/LUFA/Drivers/USB/Core/AVR8/USBController_AVR8.o
 .debug_abbrev  0x0000141d      0x234 obj_hhkb/protocol/lufa/LUFA-git/LUFA/Drivers/USB/Core/AVR8/USBInterrupt_AVR8.o
 .debug_abbrev  0x00001651      0x183 obj_hhkb/protocol/lufa/LUFA-git/LUFA/Drivers/USB/Core/ConfigDescriptors.o
 .debug_abbrev  0x000017d4      0x2d8 obj_hhkb/protocol/lufa/LUFA-git/LUFA/Drivers/USB/Core/DeviceStandardReq.o
 .debug_abbrev  0x00001aac       0x44 obj_hhkb/protocol/lufa/LUFA-git/LUFA/Drivers/USB/Core/Events.o
 .debug_abbrev  0x00001af0       0x26 obj_hhkb/protocol/lufa/LUFA-git/LUFA/Drivers/USB/Core/HostStandardReq.o
 .debug_abbrev  0x00001b16      0x168 obj_hhkb/protocol/lufa/LUFA-git/LUFA/Drivers/USB/Core/USBTask.o
 .debug_abbrev  0x00001c7e      0x229 obj_hhkb/common/host.o
 .debug_abbrev  0x00001ea7      0x226 obj_hhkb/common/keyboard.o
 .debug_abbrev  0x000020cd       0xf7 obj_hhkb/common/matrix.o
 .debug_abbrev  0x000021c4      0x2ce obj_hhkb/common/action.o
 .debug_abbrev  0x00002492      0x2ef obj_hhkb/common/action_tapping.o
 .debug_abbrev  0x00002781      0x1a5 obj_hhkb/common/action_macro.o
 .debug_abbrev  0x00002926      0x20b obj_hhkb/common/action_layer.o
 .debug_abbrev  0x00002b31      0x2ff obj_hhkb/common/action_util.o
 .debug_abbrev  0x00002e30       0x97 obj_hhkb/common/print.o
 .debug_abbrev  0x00002ec7       0x87 obj_hhkb/common/debug.o
 .debug_abbrev  0x00002f4e       0xcb obj_hhkb/common/util.o
 .debug_abbrev  0x00003019      0x100 obj_hhkb/common/hook.o
 .debug_abbrev  0x00003119      0x1b1 obj_hhkb/common/avr/suspend.o
 .debug_abbrev  0x000032ca      0x11e obj_hhkb/common/avr/timer.o
 .debug_abbrev  0x000033e8      0x115 obj_hhkb/common/avr/bootloader.o
 .debug_abbrev  0x000034fd      0x26a obj_hhkb/common/keymap.o
 .debug_abbrev  0x00003767      0x204 obj_hhkb/common/mousekey.o
 .debug_abbrev  0x0000396b      0x31a obj_hhkb/common/command.o
 .debug_abbrev  0x00003c85       0x14 /usr/local/CrossPack-AVR-20131216/lib/gcc/avr/4.8.1/avr5/libgcc.a(_udivmodqi4.o)
 .debug_abbrev  0x00003c99       0x14 /usr/local/CrossPack-AVR-20131216/lib/gcc/avr/4.8.1/avr5/libgcc.a(_divmodhi4.o)
 .debug_abbrev  0x00003cad       0x14 /usr/local/CrossPack-AVR-20131216/lib/gcc/avr/4.8.1/avr5/libgcc.a(_exit.o)
 .debug_abbrev  0x00003cc1       0x14 /usr/local/CrossPack-AVR-20131216/lib/gcc/avr/4.8.1/avr5/libgcc.a(_tablejump.o)
 .debug_abbrev  0x00003cd5       0x14 /usr/local/CrossPack-AVR-20131216/lib/gcc/avr/4.8.1/avr5/libgcc.a(_copy_data.o)
 .debug_abbrev  0x00003ce9       0x14 /usr/local/CrossPack-AVR-20131216/lib/gcc/avr/4.8.1/avr5/libgcc.a(_clear_bss.o)
 .debug_abbrev  0x00003cfd       0x14 /usr/local/CrossPack-AVR-20131216/lib/gcc/avr/4.8.1/avr5/libgcc.a(_udivmodhi4.o)

.debug_line     0x00000000     0x5652
 *(.debug_line)
 .debug_line    0x00000000      0x1be obj_hhkb/keymap_custom.o
 .debug_line    0x000001be      0x269 obj_hhkb/matrix.o
 .debug_line    0x00000427       0x70 obj_hhkb/led.o
 .debug_line    0x00000497      0x7ea obj_hhkb/protocol/lufa/lufa.o
 .debug_line    0x00000c81      0x1f6 obj_hhkb/protocol/lufa/descriptor.o
 .debug_line    0x00000e77      0x258 obj_hhkb/protocol/lufa/LUFA-git/LUFA/Drivers/USB/Class/Common/HIDParser.o
 .debug_line    0x000010cf      0x139 obj_hhkb/protocol/lufa/LUFA-git/LUFA/Drivers/USB/Core/AVR8/Device_AVR8.o
 .debug_line    0x00001208      0xc7f obj_hhkb/protocol/lufa/LUFA-git/LUFA/Drivers/USB/Core/AVR8/EndpointStream_AVR8.o
 .debug_line    0x00001e87      0x3e8 obj_hhkb/protocol/lufa/LUFA-git/LUFA/Drivers/USB/Core/AVR8/Endpoint_AVR8.o
 .debug_line    0x0000226f       0x1a obj_hhkb/protocol/lufa/LUFA-git/LUFA/Drivers/USB/Core/AVR8/Host_AVR8.o
 .debug_line    0x00002289       0x1a obj_hhkb/protocol/lufa/LUFA-git/LUFA/Drivers/USB/Core/AVR8/PipeStream_AVR8.o
 .debug_line    0x000022a3       0x1a obj_hhkb/protocol/lufa/LUFA-git/LUFA/Drivers/USB/Core/AVR8/Pipe_AVR8.o
 .debug_line    0x000022bd      0x2f7 obj_hhkb/protocol/lufa/LUFA-git/LUFA/Drivers/USB/Core/AVR8/USBController_AVR8.o
 .debug_line    0x000025b4      0x4c4 obj_hhkb/protocol/lufa/LUFA-git/LUFA/Drivers/USB/Core/AVR8/USBInterrupt_AVR8.o
 .debug_line    0x00002a78      0x190 obj_hhkb/protocol/lufa/LUFA-git/LUFA/Drivers/USB/Core/ConfigDescriptors.o
 .debug_line    0x00002c08      0x38c obj_hhkb/protocol/lufa/LUFA-git/LUFA/Drivers/USB/Core/DeviceStandardReq.o
 .debug_line    0x00002f94       0x6d obj_hhkb/protocol/lufa/LUFA-git/LUFA/Drivers/USB/Core/Events.o
 .debug_line    0x00003001       0x1a obj_hhkb/protocol/lufa/LUFA-git/LUFA/Drivers/USB/Core/HostStandardReq.o
 .debug_line    0x0000301b      0x1a0 obj_hhkb/protocol/lufa/LUFA-git/LUFA/Drivers/USB/Core/USBTask.o
 .debug_line    0x000031bb      0x1e2 obj_hhkb/common/host.o
 .debug_line    0x0000339d      0x1c0 obj_hhkb/common/keyboard.o
 .debug_line    0x0000355d      0x111 obj_hhkb/common/matrix.o
 .debug_line    0x0000366e      0x496 obj_hhkb/common/action.o
 .debug_line    0x00003b04      0x278 obj_hhkb/common/action_tapping.o
 .debug_line    0x00003d7c      0x190 obj_hhkb/common/action_macro.o
 .debug_line    0x00003f0c      0x1dc obj_hhkb/common/action_layer.o
 .debug_line    0x000040e8      0x2c7 obj_hhkb/common/action_util.o
 .debug_line    0x000043af       0xa4 obj_hhkb/common/print.o
 .debug_line    0x00004453       0x7c obj_hhkb/common/debug.o
 .debug_line    0x000044cf      0x191 obj_hhkb/common/util.o
 .debug_line    0x00004660       0xdb obj_hhkb/common/hook.o
 .debug_line    0x0000473b      0x1ae obj_hhkb/common/avr/suspend.o
 .debug_line    0x000048e9      0x120 obj_hhkb/common/avr/timer.o
 .debug_line    0x00004a09      0x18e obj_hhkb/common/avr/bootloader.o
 .debug_line    0x00004b97      0x1cd obj_hhkb/common/keymap.o
 .debug_line    0x00004d64      0x317 obj_hhkb/common/mousekey.o
 .debug_line    0x0000507b      0x32f obj_hhkb/common/command.o
 .debug_line    0x000053aa       0x62 /usr/local/CrossPack-AVR-20131216/lib/gcc/avr/4.8.1/avr5/libgcc.a(_udivmodqi4.o)
 .debug_line    0x0000540c       0x69 /usr/local/CrossPack-AVR-20131216/lib/gcc/avr/4.8.1/avr5/libgcc.a(_divmodhi4.o)
 .debug_line    0x00005475       0x58 /usr/local/CrossPack-AVR-20131216/lib/gcc/avr/4.8.1/avr5/libgcc.a(_exit.o)
 .debug_line    0x000054cd       0x5c /usr/local/CrossPack-AVR-20131216/lib/gcc/avr/4.8.1/avr5/libgcc.a(_tablejump.o)
 .debug_line    0x00005529       0x61 /usr/local/CrossPack-AVR-20131216/lib/gcc/avr/4.8.1/avr5/libgcc.a(_copy_data.o)
 .debug_line    0x0000558a       0x5e /usr/local/CrossPack-AVR-20131216/lib/gcc/avr/4.8.1/avr5/libgcc.a(_clear_bss.o)
 .debug_line    0x000055e8       0x6a /usr/local/CrossPack-AVR-20131216/lib/gcc/avr/4.8.1/avr5/libgcc.a(_udivmodhi4.o)

.debug_frame    0x00000000     0x1a64
 *(.debug_frame)
 .debug_frame   0x00000000       0x58 obj_hhkb/keymap_custom.o
 .debug_frame   0x00000058       0x7c obj_hhkb/matrix.o
 .debug_frame   0x000000d4       0x24 obj_hhkb/led.o
 .debug_frame   0x000000f8      0x188 obj_hhkb/protocol/lufa/lufa.o
 .debug_frame   0x00000280       0x24 obj_hhkb/protocol/lufa/descriptor.o
 .debug_frame   0x000002a4      0x134 obj_hhkb/protocol/lufa/LUFA-git/LUFA/Drivers/USB/Class/Common/HIDParser.o
 .debug_frame   0x000003d8       0x24 obj_hhkb/protocol/lufa/LUFA-git/LUFA/Drivers/USB/Core/AVR8/Device_AVR8.o
 .debug_frame   0x000003fc      0x414 obj_hhkb/protocol/lufa/LUFA-git/LUFA/Drivers/USB/Core/AVR8/EndpointStream_AVR8.o
 .debug_frame   0x00000810       0x7c obj_hhkb/protocol/lufa/LUFA-git/LUFA/Drivers/USB/Core/AVR8/Endpoint_AVR8.o
 .debug_frame   0x0000088c       0x5c obj_hhkb/protocol/lufa/LUFA-git/LUFA/Drivers/USB/Core/AVR8/USBController_AVR8.o
 .debug_frame   0x000008e8      0x104 obj_hhkb/protocol/lufa/LUFA-git/LUFA/Drivers/USB/Core/AVR8/USBInterrupt_AVR8.o
 .debug_frame   0x000009ec      0x124 obj_hhkb/protocol/lufa/LUFA-git/LUFA/Drivers/USB/Core/ConfigDescriptors.o
 .debug_frame   0x00000b10       0x3c obj_hhkb/protocol/lufa/LUFA-git/LUFA/Drivers/USB/Core/DeviceStandardReq.o
 .debug_frame   0x00000b4c       0x24 obj_hhkb/protocol/lufa/LUFA-git/LUFA/Drivers/USB/Core/Events.o
 .debug_frame   0x00000b70       0x2c obj_hhkb/protocol/lufa/LUFA-git/LUFA/Drivers/USB/Core/USBTask.o
 .debug_frame   0x00000b9c      0x10c obj_hhkb/common/host.o
 .debug_frame   0x00000ca8       0x8c obj_hhkb/common/keyboard.o
 .debug_frame   0x00000d34       0xe8 obj_hhkb/common/matrix.o
 .debug_frame   0x00000e1c      0x150 obj_hhkb/common/action.o
 .debug_frame   0x00000f6c       0xd0 obj_hhkb/common/action_tapping.o
 .debug_frame   0x0000103c       0x50 obj_hhkb/common/action_macro.o
 .debug_frame   0x0000108c      0x19c obj_hhkb/common/action_layer.o
 .debug_frame   0x00001228      0x17c obj_hhkb/common/action_util.o
 .debug_frame   0x000013a4       0x24 obj_hhkb/common/print.o
 .debug_frame   0x000013c8      0x110 obj_hhkb/common/util.o
 .debug_frame   0x000014d8       0x88 obj_hhkb/common/hook.o
 .debug_frame   0x00001560       0x90 obj_hhkb/common/avr/suspend.o
 .debug_frame   0x000015f0       0xf0 obj_hhkb/common/avr/timer.o
 .debug_frame   0x000016e0       0x34 obj_hhkb/common/avr/bootloader.o
 .debug_frame   0x00001714       0x64 obj_hhkb/common/keymap.o
 .debug_frame   0x00001778       0xf0 obj_hhkb/common/mousekey.o
 .debug_frame   0x00001868      0x1fc obj_hhkb/common/command.o

.debug_str      0x00000000     0x46cc
 *(.debug_str)
 .debug_str     0x00000000     0x10cd obj_hhkb/keymap_custom.o
                               0x1197 (size before relaxing)
 .debug_str     0x000010cd      0x250 obj_hhkb/matrix.o
                                0x3bf (size before relaxing)
 .debug_str     0x0000131d       0x16 obj_hhkb/led.o
                                0x184 (size before relaxing)
 .debug_str     0x00001333      0x7a8 obj_hhkb/protocol/lufa/lufa.o
                                0xad5 (size before relaxing)
 .debug_str     0x00001adb      0x7d3 obj_hhkb/protocol/lufa/descriptor.o
                                0x9c3 (size before relaxing)
 .debug_str     0x000022ae      0x4b0 obj_hhkb/protocol/lufa/LUFA-git/LUFA/Drivers/USB/Class/Common/HIDParser.o
                                0x6ce (size before relaxing)
 .debug_str     0x0000275e       0x77 obj_hhkb/protocol/lufa/LUFA-git/LUFA/Drivers/USB/Core/AVR8/Device_AVR8.o
                                0x20a (size before relaxing)
 .debug_str     0x000027d5      0x4fa obj_hhkb/protocol/lufa/LUFA-git/LUFA/Drivers/USB/Core/AVR8/EndpointStream_AVR8.o
                                0x86d (size before relaxing)
 .debug_str     0x00002ccf      0x226 obj_hhkb/protocol/lufa/LUFA-git/LUFA/Drivers/USB/Core/AVR8/Endpoint_AVR8.o
                                0x62c (size before relaxing)
 .debug_str     0x00002ef5       0x49 obj_hhkb/protocol/lufa/LUFA-git/LUFA/Drivers/USB/Core/AVR8/Host_AVR8.o
                                0x1a9 (size before relaxing)
 .debug_str     0x00002f3e       0x4f obj_hhkb/protocol/lufa/LUFA-git/LUFA/Drivers/USB/Core/AVR8/PipeStream_AVR8.o
                                0x1af (size before relaxing)
 .debug_str     0x00002f8d       0x49 obj_hhkb/protocol/lufa/LUFA-git/LUFA/Drivers/USB/Core/AVR8/Pipe_AVR8.o
                                0x1a9 (size before relaxing)
 .debug_str     0x00002fd6      0x1d9 obj_hhkb/protocol/lufa/LUFA-git/LUFA/Drivers/USB/Core/AVR8/USBController_AVR8.o
                                0x56b (size before relaxing)
 .debug_str     0x000031af      0x125 obj_hhkb/protocol/lufa/LUFA-git/LUFA/Drivers/USB/Core/AVR8/USBInterrupt_AVR8.o
                                0x5ea (size before relaxing)
 .debug_str     0x000032d4      0x243 obj_hhkb/protocol/lufa/LUFA-git/LUFA/Drivers/USB/Core/ConfigDescriptors.o
                                0x3f2 (size before relaxing)
 .debug_str     0x00003517      0x404 obj_hhkb/protocol/lufa/LUFA-git/LUFA/Drivers/USB/Core/DeviceStandardReq.o
                                0x9de (size before relaxing)
 .debug_str     0x0000391b       0x50 obj_hhkb/protocol/lufa/LUFA-git/LUFA/Drivers/USB/Core/Events.o
                                0x1b0 (size before relaxing)
 .debug_str     0x0000396b       0x4a obj_hhkb/protocol/lufa/LUFA-git/LUFA/Drivers/USB/Core/HostStandardReq.o
                                0x1aa (size before relaxing)
 .debug_str     0x000039b5       0x6a obj_hhkb/protocol/lufa/LUFA-git/LUFA/Drivers/USB/Core/USBTask.o
                                0x391 (size before relaxing)
 .debug_str     0x00003a1f       0xb5 obj_hhkb/common/host.o
                                0x389 (size before relaxing)
 .debug_str     0x00003ad4       0xdf obj_hhkb/common/keyboard.o
                                0x380 (size before relaxing)
 .debug_str     0x00003bb3       0x40 obj_hhkb/common/matrix.o
                                0x219 (size before relaxing)
 .debug_str     0x00003bf3      0x274 obj_hhkb/common/action.o
                               0x1347 (size before relaxing)
 .debug_str     0x00003e67       0xe8 obj_hhkb/common/action_tapping.o
                                0xd3a (size before relaxing)
 .debug_str     0x00003f4f       0x3e obj_hhkb/common/action_macro.o
                                0xb25 (size before relaxing)
 .debug_str     0x00003f8d       0xa1 obj_hhkb/common/action_layer.o
                                0x422 (size before relaxing)
 .debug_str     0x0000402e       0xf8 obj_hhkb/common/action_util.o
                                0x42d (size before relaxing)
 .debug_str     0x00004126       0x32 obj_hhkb/common/print.o
                                0x1ba (size before relaxing)
 .debug_str     0x00004158       0x1a obj_hhkb/common/debug.o
                                0x1d0 (size before relaxing)
 .debug_str     0x00004172       0x54 obj_hhkb/common/util.o
                                0x1e6 (size before relaxing)
 .debug_str     0x000041c6       0x28 obj_hhkb/common/hook.o
                                0x27e (size before relaxing)
 .debug_str     0x000041ee       0x56 obj_hhkb/common/avr/suspend.o
                                0x351 (size before relaxing)
 .debug_str     0x00004244       0x44 obj_hhkb/common/avr/timer.o
                                0x20d (size before relaxing)
 .debug_str     0x00004288       0x62 obj_hhkb/common/avr/bootloader.o
                                0x254 (size before relaxing)
 .debug_str     0x000042ea       0x57 obj_hhkb/common/keymap.o
                               0x105d (size before relaxing)
 .debug_str     0x00004341       0xf9 obj_hhkb/common/mousekey.o
                                0x6a2 (size before relaxing)
 .debug_str     0x0000443a      0x292 obj_hhkb/common/command.o
                                0xde2 (size before relaxing)

.debug_loc      0x00000000     0x84de
 *(.debug_loc)
 .debug_loc     0x00000000      0x1d6 obj_hhkb/keymap_custom.o
 .debug_loc     0x000001d6      0x175 obj_hhkb/matrix.o
 .debug_loc     0x0000034b      0x700 obj_hhkb/protocol/lufa/lufa.o
 .debug_loc     0x00000a4b      0x20a obj_hhkb/protocol/lufa/descriptor.o
 .debug_loc     0x00000c55      0xab2 obj_hhkb/protocol/lufa/LUFA-git/LUFA/Drivers/USB/Class/Common/HIDParser.o
 .debug_loc     0x00001707     0x1db2 obj_hhkb/protocol/lufa/LUFA-git/LUFA/Drivers/USB/Core/AVR8/EndpointStream_AVR8.o
 .debug_loc     0x000034b9      0x3f2 obj_hhkb/protocol/lufa/LUFA-git/LUFA/Drivers/USB/Core/AVR8/Endpoint_AVR8.o
 .debug_loc     0x000038ab       0x49 obj_hhkb/protocol/lufa/LUFA-git/LUFA/Drivers/USB/Core/AVR8/USBController_AVR8.o
 .debug_loc     0x000038f4      0x333 obj_hhkb/protocol/lufa/LUFA-git/LUFA/Drivers/USB/Core/AVR8/USBInterrupt_AVR8.o
 .debug_loc     0x00003c27      0x5bd obj_hhkb/protocol/lufa/LUFA-git/LUFA/Drivers/USB/Core/ConfigDescriptors.o
 .debug_loc     0x000041e4      0x2a8 obj_hhkb/protocol/lufa/LUFA-git/LUFA/Drivers/USB/Core/DeviceStandardReq.o
 .debug_loc     0x0000448c       0x49 obj_hhkb/protocol/lufa/LUFA-git/LUFA/Drivers/USB/Core/USBTask.o
 .debug_loc     0x000044d5      0x298 obj_hhkb/common/host.o
 .debug_loc     0x0000476d      0x179 obj_hhkb/common/keyboard.o
 .debug_loc     0x000048e6      0x162 obj_hhkb/common/matrix.o
 .debug_loc     0x00004a48      0xe1d obj_hhkb/common/action.o
 .debug_loc     0x00005865      0x633 obj_hhkb/common/action_tapping.o
 .debug_loc     0x00005e98      0x550 obj_hhkb/common/action_macro.o
 .debug_loc     0x000063e8      0x45a obj_hhkb/common/action_layer.o
 .debug_loc     0x00006842      0x439 obj_hhkb/common/action_util.o
 .debug_loc     0x00006c7b      0x503 obj_hhkb/common/util.o
 .debug_loc     0x0000717e       0x69 obj_hhkb/common/hook.o
 .debug_loc     0x000071e7       0xc5 obj_hhkb/common/avr/suspend.o
 .debug_loc     0x000072ac      0x20a obj_hhkb/common/avr/timer.o
 .debug_loc     0x000074b6      0x1bb obj_hhkb/common/keymap.o
 .debug_loc     0x00007671      0x574 obj_hhkb/common/mousekey.o
 .debug_loc     0x00007be5      0x8f9 obj_hhkb/common/command.o

.debug_macinfo
 *(.debug_macinfo)

.debug_pubtypes
 *(.debug_pubtypes)

.debug_ranges   0x00000000      0xb80
 *(.debug_ranges)
 .debug_ranges  0x00000000       0x18 obj_hhkb/keymap_custom.o
 .debug_ranges  0x00000018       0x78 obj_hhkb/matrix.o
 .debug_ranges  0x00000090       0x10 obj_hhkb/led.o
 .debug_ranges  0x000000a0       0xa8 obj_hhkb/protocol/lufa/lufa.o
 .debug_ranges  0x00000148       0x10 obj_hhkb/protocol/lufa/descriptor.o
 .debug_ranges  0x00000158       0xd0 obj_hhkb/protocol/lufa/LUFA-git/LUFA/Drivers/USB/Class/Common/HIDParser.o
 .debug_ranges  0x00000228       0x10 obj_hhkb/protocol/lufa/LUFA-git/LUFA/Drivers/USB/Core/AVR8/Device_AVR8.o
 .debug_ranges  0x00000238      0x250 obj_hhkb/protocol/lufa/LUFA-git/LUFA/Drivers/USB/Core/AVR8/EndpointStream_AVR8.o
 .debug_ranges  0x00000488       0x90 obj_hhkb/protocol/lufa/LUFA-git/LUFA/Drivers/USB/Core/AVR8/Endpoint_AVR8.o
 .debug_ranges  0x00000518       0x20 obj_hhkb/protocol/lufa/LUFA-git/LUFA/Drivers/USB/Core/AVR8/USBController_AVR8.o
 .debug_ranges  0x00000538       0x28 obj_hhkb/protocol/lufa/LUFA-git/LUFA/Drivers/USB/Core/AVR8/USBInterrupt_AVR8.o
 .debug_ranges  0x00000560       0x30 obj_hhkb/protocol/lufa/LUFA-git/LUFA/Drivers/USB/Core/ConfigDescriptors.o
 .debug_ranges  0x00000590       0x40 obj_hhkb/protocol/lufa/LUFA-git/LUFA/Drivers/USB/Core/DeviceStandardReq.o
 .debug_ranges  0x000005d0       0x10 obj_hhkb/protocol/lufa/LUFA-git/LUFA/Drivers/USB/Core/Events.o
 .debug_ranges  0x000005e0       0x10 obj_hhkb/protocol/lufa/LUFA-git/LUFA/Drivers/USB/Core/USBTask.o
 .debug_ranges  0x000005f0       0x50 obj_hhkb/common/host.o
 .debug_ranges  0x00000640       0x48 obj_hhkb/common/keyboard.o
 .debug_ranges  0x00000688       0x48 obj_hhkb/common/matrix.o
 .debug_ranges  0x000006d0       0xf0 obj_hhkb/common/action.o
 .debug_ranges  0x000007c0       0x60 obj_hhkb/common/action_tapping.o
 .debug_ranges  0x00000820       0x28 obj_hhkb/common/action_macro.o
 .debug_ranges  0x00000848       0x90 obj_hhkb/common/action_layer.o
 .debug_ranges  0x000008d8       0xb8 obj_hhkb/common/action_util.o
 .debug_ranges  0x00000990       0x10 obj_hhkb/common/print.o
 .debug_ranges  0x000009a0       0x50 obj_hhkb/common/util.o
 .debug_ranges  0x000009f0       0x38 obj_hhkb/common/hook.o
 .debug_ranges  0x00000a28       0x48 obj_hhkb/common/avr/suspend.o
 .debug_ranges  0x00000a70       0x40 obj_hhkb/common/avr/timer.o
 .debug_ranges  0x00000ab0       0x18 obj_hhkb/common/avr/bootloader.o
 .debug_ranges  0x00000ac8       0x30 obj_hhkb/common/keymap.o
 .debug_ranges  0x00000af8       0x40 obj_hhkb/common/mousekey.o
 .debug_ranges  0x00000b38       0x48 obj_hhkb/common/command.o

.debug_macro
 *(.debug_macro)
OUTPUT(hhkb.elf elf32-avr)
LOAD linker stubs

Cross Reference Table

Symbol                                            File
CALLBACK_HIDParser_FilterHIDReportItem            obj_hhkb/protocol/lufa/LUFA-git/LUFA/Drivers/USB/Class/Common/HIDParser.o
CALLBACK_USB_GetDescriptor                        obj_hhkb/protocol/lufa/descriptor.o
                                                  obj_hhkb/protocol/lufa/LUFA-git/LUFA/Drivers/USB/Core/DeviceStandardReq.o
ConfigurationDescriptor                           obj_hhkb/protocol/lufa/descriptor.o
ConsoleReport                                     obj_hhkb/protocol/lufa/descriptor.o
DeviceDescriptor                                  obj_hhkb/protocol/lufa/descriptor.o
EVENT_USB_Device_ConfigurationChanged             obj_hhkb/protocol/lufa/lufa.o
                                                  obj_hhkb/protocol/lufa/LUFA-git/LUFA/Drivers/USB/Core/DeviceStandardReq.o
EVENT_USB_Device_Connect                          obj_hhkb/protocol/lufa/lufa.o
                                                  obj_hhkb/protocol/lufa/LUFA-git/LUFA/Drivers/USB/Core/AVR8/USBInterrupt_AVR8.o
EVENT_USB_Device_ControlRequest                   obj_hhkb/protocol/lufa/lufa.o
                                                  obj_hhkb/protocol/lufa/LUFA-git/LUFA/Drivers/USB/Core/DeviceStandardReq.o
EVENT_USB_Device_Disconnect                       obj_hhkb/protocol/lufa/lufa.o
                                                  obj_hhkb/protocol/lufa/LUFA-git/LUFA/Drivers/USB/Core/AVR8/USBInterrupt_AVR8.o
EVENT_USB_Device_Reset                            obj_hhkb/protocol/lufa/lufa.o
                                                  obj_hhkb/protocol/lufa/LUFA-git/LUFA/Drivers/USB/Core/AVR8/USBInterrupt_AVR8.o
EVENT_USB_Device_StartOfFrame                     obj_hhkb/protocol/lufa/lufa.o
                                                  obj_hhkb/protocol/lufa/LUFA-git/LUFA/Drivers/USB/Core/AVR8/USBInterrupt_AVR8.o
EVENT_USB_Device_Suspend                          obj_hhkb/protocol/lufa/lufa.o
                                                  obj_hhkb/protocol/lufa/LUFA-git/LUFA/Drivers/USB/Core/AVR8/USBInterrupt_AVR8.o
EVENT_USB_Device_WakeUp                           obj_hhkb/protocol/lufa/lufa.o
                                                  obj_hhkb/protocol/lufa/LUFA-git/LUFA/Drivers/USB/Core/AVR8/USBInterrupt_AVR8.o
Endpoint_ClearEndpoints                           obj_hhkb/protocol/lufa/LUFA-git/LUFA/Drivers/USB/Core/AVR8/Endpoint_AVR8.o
Endpoint_ClearStatusStage                         obj_hhkb/protocol/lufa/LUFA-git/LUFA/Drivers/USB/Core/AVR8/Endpoint_AVR8.o
                                                  obj_hhkb/protocol/lufa/LUFA-git/LUFA/Drivers/USB/Core/DeviceStandardReq.o
                                                  obj_hhkb/protocol/lufa/lufa.o
Endpoint_ConfigureEndpointTable                   obj_hhkb/protocol/lufa/LUFA-git/LUFA/Drivers/USB/Core/AVR8/Endpoint_AVR8.o
Endpoint_ConfigureEndpoint_Prv                    obj_hhkb/protocol/lufa/LUFA-git/LUFA/Drivers/USB/Core/AVR8/Endpoint_AVR8.o