Archive member included because of file (symbol)

/usr/local/CrossPack-AVR-20131216/lib/gcc/avr/4.8.1/../../../../avr/lib/avr5/libm.a(fixsfsi.o)
                              obj_hhkb_rn42/common/mousekey.o (__fixsfsi)
/usr/local/CrossPack-AVR-20131216/lib/gcc/avr/4.8.1/../../../../avr/lib/avr5/libm.a(fixunssfsi.o)
                              /usr/local/CrossPack-AVR-20131216/lib/gcc/avr/4.8.1/../../../../avr/lib/avr5/libm.a(fixsfsi.o) (__fixunssfsi)
/usr/local/CrossPack-AVR-20131216/lib/gcc/avr/4.8.1/../../../../avr/lib/avr5/libm.a(floatsisf.o)
                              obj_hhkb_rn42/common/mousekey.o (__floatsisf)
/usr/local/CrossPack-AVR-20131216/lib/gcc/avr/4.8.1/../../../../avr/lib/avr5/libm.a(fp_split3.o)
                              /usr/local/CrossPack-AVR-20131216/lib/gcc/avr/4.8.1/../../../../avr/lib/avr5/libm.a(fixunssfsi.o) (__fp_splitA)
/usr/local/CrossPack-AVR-20131216/lib/gcc/avr/4.8.1/../../../../avr/lib/avr5/libm.a(fp_zero.o)
                              /usr/local/CrossPack-AVR-20131216/lib/gcc/avr/4.8.1/../../../../avr/lib/avr5/libm.a(fixunssfsi.o) (__fp_zero)
/usr/local/CrossPack-AVR-20131216/lib/gcc/avr/4.8.1/../../../../avr/lib/avr5/libm.a(mulsf3.o)
                              obj_hhkb_rn42/common/mousekey.o (__mulsf3)
/usr/local/CrossPack-AVR-20131216/lib/gcc/avr/4.8.1/../../../../avr/lib/avr5/libm.a(mulsf3x.o)
                              /usr/local/CrossPack-AVR-20131216/lib/gcc/avr/4.8.1/../../../../avr/lib/avr5/libm.a(mulsf3.o) (__mulsf3x)
/usr/local/CrossPack-AVR-20131216/lib/gcc/avr/4.8.1/../../../../avr/lib/avr5/libm.a(fp_inf.o)
                              /usr/local/CrossPack-AVR-20131216/lib/gcc/avr/4.8.1/../../../../avr/lib/avr5/libm.a(mulsf3x.o) (__fp_inf)
/usr/local/CrossPack-AVR-20131216/lib/gcc/avr/4.8.1/../../../../avr/lib/avr5/libm.a(fp_nan.o)
                              /usr/local/CrossPack-AVR-20131216/lib/gcc/avr/4.8.1/../../../../avr/lib/avr5/libm.a(mulsf3x.o) (__fp_nan)
/usr/local/CrossPack-AVR-20131216/lib/gcc/avr/4.8.1/../../../../avr/lib/avr5/libm.a(fp_pscA.o)
                              /usr/local/CrossPack-AVR-20131216/lib/gcc/avr/4.8.1/../../../../avr/lib/avr5/libm.a(mulsf3x.o) (__fp_pscA)
/usr/local/CrossPack-AVR-20131216/lib/gcc/avr/4.8.1/../../../../avr/lib/avr5/libm.a(fp_pscB.o)
                              /usr/local/CrossPack-AVR-20131216/lib/gcc/avr/4.8.1/../../../../avr/lib/avr5/libm.a(mulsf3x.o) (__fp_pscB)
/usr/local/CrossPack-AVR-20131216/lib/gcc/avr/4.8.1/../../../../avr/lib/avr5/libm.a(fp_round.o)
                              /usr/local/CrossPack-AVR-20131216/lib/gcc/avr/4.8.1/../../../../avr/lib/avr5/libm.a(mulsf3.o) (__fp_round)
/usr/local/CrossPack-AVR-20131216/lib/gcc/avr/4.8.1/avr5/libgcc.a(_udivmodqi4.o)
                              obj_hhkb_rn42/protocol/lufa/lufa.o (__udivmodqi4)
/usr/local/CrossPack-AVR-20131216/lib/gcc/avr/4.8.1/avr5/libgcc.a(_udivmodhi4.o)
                              obj_hhkb_rn42/rn42/rn42_task.o (__udivmodhi4)
/usr/local/CrossPack-AVR-20131216/lib/gcc/avr/4.8.1/avr5/libgcc.a(_divmodhi4.o)
                              obj_hhkb_rn42/common/mousekey.o (__divmodhi4)
/usr/local/CrossPack-AVR-20131216/lib/gcc/avr/4.8.1/avr5/libgcc.a(_udivmodsi4.o)
                              obj_hhkb_rn42/rn42/rn42_task.o (__udivmodsi4)
/usr/local/CrossPack-AVR-20131216/lib/gcc/avr/4.8.1/avr5/libgcc.a(_exit.o)
                              /usr/local/CrossPack-AVR-20131216/lib/gcc/avr/4.8.1/../../../../avr/lib/avr5/crtm32u4.o (exit)
/usr/local/CrossPack-AVR-20131216/lib/gcc/avr/4.8.1/avr5/libgcc.a(_tablejump.o)
                              obj_hhkb_rn42/rn42/rn42_task.o (__tablejump2__)
/usr/local/CrossPack-AVR-20131216/lib/gcc/avr/4.8.1/avr5/libgcc.a(_copy_data.o)
                              obj_hhkb_rn42/rn42/rn42.o (__do_copy_data)
/usr/local/CrossPack-AVR-20131216/lib/gcc/avr/4.8.1/avr5/libgcc.a(_clear_bss.o)
                              obj_hhkb_rn42/keymap_custom.o (__do_clear_bss)
/usr/local/CrossPack-AVR-20131216/lib/gcc/avr/4.8.1/../../../../avr/lib/avr5/libc.a(eerd_byte_atmega32u4.o)
                              obj_hhkb_rn42/protocol/lufa/LUFA-git/LUFA/Drivers/USB/Core/AVR8/EndpointStream_AVR8.o (__eerd_byte_m32u4)
/usr/local/CrossPack-AVR-20131216/lib/gcc/avr/4.8.1/../../../../avr/lib/avr5/libc.a(eeupd_byte_atmega32u4.o)
                              obj_hhkb_rn42/protocol/lufa/LUFA-git/LUFA/Drivers/USB/Core/AVR8/EndpointStream_AVR8.o (__eeupd_byte_m32u4)

Allocating common symbols
Common symbol       size              file

USB_IsInitialized   0x1               obj_hhkb_rn42/protocol/lufa/LUFA-git/LUFA/Drivers/USB/Core/USBTask.o
USB_DeviceState     0x1               obj_hhkb_rn42/protocol/lufa/LUFA-git/LUFA/Drivers/USB/Core/USBTask.o
USB_Device_ConfigurationNumber
                    0x1               obj_hhkb_rn42/protocol/lufa/LUFA-git/LUFA/Drivers/USB/Core/DeviceStandardReq.o
USB_Device_CurrentlySelfPowered
[...]
Memory Configuration

Name             Origin             Length             Attributes
text             0x00000000         0x00020000         xr
data             0x00800060         0x0000ffa0         rw !x
eeprom           0x00810000         0x00010000         rw !x
fuse             0x00820000         0x00000400         rw !x
lock             0x00830000         0x00000400         rw !x
signature        0x00840000         0x00000400         rw !x
user_signatures  0x00850000         0x00000400         rw !x
*default*        0x00000000         0xffffffff

Linker script and memory map

Address of section .data set to 0x800100
LOAD /usr/local/CrossPack-AVR-20131216/lib/gcc/avr/4.8.1/../../../../avr/lib/avr5/crtm32u4.o
LOAD obj_hhkb_rn42/keymap_custom.o
LOAD obj_hhkb_rn42/matrix.o
LOAD obj_hhkb_rn42/led.o
LOAD obj_hhkb_rn42/serial_uart.o
LOAD obj_hhkb_rn42/rn42/suart.o
LOAD obj_hhkb_rn42/rn42/rn42.o
LOAD obj_hhkb_rn42/rn42/rn42_task.o
LOAD obj_hhkb_rn42/rn42/battery.o
LOAD obj_hhkb_rn42/rn42/main.o
LOAD obj_hhkb_rn42/protocol/lufa/lufa.o
LOAD obj_hhkb_rn42/protocol/lufa/descriptor.o
LOAD obj_hhkb_rn42/protocol/lufa/LUFA-git/LUFA/Drivers/USB/Class/Common/HIDParser.o
LOAD obj_hhkb_rn42/protocol/lufa/LUFA-git/LUFA/Drivers/USB/Core/AVR8/Device_AVR8.o
LOAD obj_hhkb_rn42/protocol/lufa/LUFA-git/LUFA/Drivers/USB/Core/AVR8/EndpointStream_AVR8.o
LOAD obj_hhkb_rn42/protocol/lufa/LUFA-git/LUFA/Drivers/USB/Core/AVR8/Endpoint_AVR8.o
LOAD obj_hhkb_rn42/protocol/lufa/LUFA-git/LUFA/Drivers/USB/Core/AVR8/Host_AVR8.o
LOAD obj_hhkb_rn42/protocol/lufa/LUFA-git/LUFA/Drivers/USB/Core/AVR8/PipeStream_AVR8.o
LOAD obj_hhkb_rn42/protocol/lufa/LUFA-git/LUFA/Drivers/USB/Core/AVR8/Pipe_AVR8.o
LOAD obj_hhkb_rn42/protocol/lufa/LUFA-git/LUFA/Drivers/USB/Core/AVR8/USBController_AVR8.o
LOAD obj_hhkb_rn42/protocol/lufa/LUFA-git/LUFA/Drivers/USB/Core/AVR8/USBInterrupt_AVR8.o
LOAD obj_hhkb_rn42/protocol/lufa/LUFA-git/LUFA/Drivers/USB/Core/ConfigDescriptors.o
LOAD obj_hhkb_rn42/protocol/lufa/LUFA-git/LUFA/Drivers/USB/Core/DeviceStandardReq.o
LOAD obj_hhkb_rn42/protocol/lufa/LUFA-git/LUFA/Drivers/USB/Core/Events.o
LOAD obj_hhkb_rn42/protocol/lufa/LUFA-git/LUFA/Drivers/USB/Core/HostStandardReq.o
LOAD obj_hhkb_rn42/protocol/lufa/LUFA-git/LUFA/Drivers/USB/Core/USBTask.o
LOAD obj_hhkb_rn42/common/host.o
LOAD obj_hhkb_rn42/common/keyboard.o
LOAD obj_hhkb_rn42/common/matrix.o
LOAD obj_hhkb_rn42/common/action.o
LOAD obj_hhkb_rn42/common/action_tapping.o
LOAD obj_hhkb_rn42/common/action_macro.o
LOAD obj_hhkb_rn42/common/action_layer.o
LOAD obj_hhkb_rn42/common/action_util.o
LOAD obj_hhkb_rn42/common/print.o
LOAD obj_hhkb_rn42/common/debug.o
LOAD obj_hhkb_rn42/common/util.o
LOAD obj_hhkb_rn42/common/hook.o
LOAD obj_hhkb_rn42/common/avr/suspend.o
LOAD obj_hhkb_rn42/common/avr/xprintf.o
LOAD obj_hhkb_rn42/common/avr/timer.o
LOAD obj_hhkb_rn42/common/avr/bootloader.o
LOAD obj_hhkb_rn42/common/keymap.o
LOAD obj_hhkb_rn42/common/mousekey.o
LOAD obj_hhkb_rn42/common/command.o
LOAD /usr/local/CrossPack-AVR-20131216/lib/gcc/avr/4.8.1/../../../../avr/lib/avr5/libm.a
START GROUP
LOAD /usr/local/CrossPack-AVR-20131216/lib/gcc/avr/4.8.1/avr5/libgcc.a
LOAD /usr/local/CrossPack-AVR-20131216/lib/gcc/avr/4.8.1/../../../../avr/lib/avr5/libm.a
LOAD /usr/local/CrossPack-AVR-20131216/lib/gcc/avr/4.8.1/../../../../avr/lib/avr5/libc.a
END GROUP

.hash
 *(.hash)

.dynsym
 *(.dynsym)

.dynstr
 *(.dynstr)

.gnu.version
 *(.gnu.version)

.gnu.version_d
 *(.gnu.version_d)

.gnu.version_r
 *(.gnu.version_r)

.rel.init
 *(.rel.init)

.rela.init
 *(.rela.init)

.rel.text
 *(.rel.text)
 *(.rel.text.*)
 *(.rel.gnu.linkonce.t*)

.rela.text
 *(.rela.text)
 *(.rela.text.*)
 *(.rela.gnu.linkonce.t*)

.rel.fini
 *(.rel.fini)

.rela.fini
 *(.rela.fini)

.rel.rodata
 *(.rel.rodata)
 *(.rel.rodata.*)
 *(.rel.gnu.linkonce.r*)

.rela.rodata
 *(.rela.rodata)
 *(.rela.rodata.*)
 *(.rela.gnu.linkonce.r*)

.rel.data
 *(.rel.data)
 *(.rel.data.*)
 *(.rel.gnu.linkonce.d*)

.rela.data
 *(.rela.data)
 *(.rela.data.*)
 *(.rela.gnu.linkonce.d*)

.rel.ctors
 *(.rel.ctors)

.rela.ctors
 *(.rela.ctors)

.rel.dtors
 *(.rel.dtors)

.rela.dtors
 *(.rela.dtors)

.rel.got
 *(.rel.got)

.rela.got
 *(.rela.got)

.rel.bss
 *(.rel.bss)

.rela.bss
 *(.rela.bss)

.rel.plt
 *(.rel.plt)

.rela.plt
 *(.rela.plt)

.text           0x00000000     0x5f36
 *(.vectors)
 .vectors       0x00000000       0xac /usr/local/CrossPack-AVR-20131216/lib/gcc/avr/4.8.1/../../../../avr/lib/avr5/crtm32u4.o
                0x00000000                __vectors
                0x00000000                __vector_default
 *(.vectors)
 *(.progmem.gcc*)
 .progmem.gcc_sw_table.command_console_extra
                0x000000ac       0x92 obj_hhkb_rn42/rn42/rn42_task.o
 .progmem.gcc_sw_table.USB_Device_ProcessControlRequest
                0x0000013e       0x14 obj_hhkb_rn42/protocol/lufa/LUFA-git/LUFA/Drivers/USB/Core/DeviceStandardReq.o
 .progmem.gcc_sw_table.process_action
                0x00000152       0x20 obj_hhkb_rn42/common/action.o
                0x00000172                . = ALIGN (0x2)
                0x00000172                __trampolines_start = .
 *(.trampolines)
 .trampolines   0x00000172        0x0 linker stubs
 *(.trampolines*)
                0x00000172                __trampolines_end = .
 *(.progmem*)
 .progmem.data.__m.2326
                0x00000172        0x3 obj_hhkb_rn42/keymap_custom.o
 .progmem.data.__m.2324
                0x00000175        0x5 obj_hhkb_rn42/keymap_custom.o
 .progmem.data.__m.2321
                0x0000017a        0x3 obj_hhkb_rn42/keymap_custom.o
 .progmem.data.__m.2319
                0x0000017d        0x5 obj_hhkb_rn42/keymap_custom.o
 .progmem.data.__m.2316
                0x00000182        0x5 obj_hhkb_rn42/keymap_custom.o
 .progmem.data.__m.2313
                0x00000187       0x19 obj_hhkb_rn42/keymap_custom.o
 .progmem.data.fn_actions
                0x000001a0       0x1c obj_hhkb_rn42/keymap_custom.o
                0x000001a0                fn_actions
 .progmem.data.keymaps
                0x000001bc      0x1c0 obj_hhkb_rn42/keymap_custom.o
                0x000001bc                keymaps
 .progmem.data.__c.2271
                0x0000037c        0x3 obj_hhkb_rn42/rn42/rn42.o
 .progmem.data.__c.2265
                0x0000037f        0x5 obj_hhkb_rn42/rn42/rn42.o
 .progmem.data.__c.4830
                0x00000384        0x6 obj_hhkb_rn42/rn42/rn42_task.o
 .progmem.data.__c.4828
                0x0000038a        0xa obj_hhkb_rn42/rn42/rn42_task.o
 .progmem.data.__c.4826
                0x00000394        0xa obj_hhkb_rn42/rn42/rn42_task.o
 .progmem.data.__c.4824
                0x0000039e        0x7 obj_hhkb_rn42/rn42/rn42_task.o
 .progmem.data.__c.4822
                0x000003a5        0xa obj_hhkb_rn42/rn42/rn42_task.o
 .progmem.data.__c.4820
                0x000003af        0x7 obj_hhkb_rn42/rn42/rn42_task.o
 .progmem.data.__c.4818
                0x000003b6       0x14 obj_hhkb_rn42/rn42/rn42_task.o
 .progmem.data.__c.4816
                0x000003ca        0xb obj_hhkb_rn42/rn42/rn42_task.o
 .progmem.data.__c.4814
                0x000003d5        0x7 obj_hhkb_rn42/rn42/rn42_task.o
 .progmem.data.__c.4809
                0x000003dc        0x6 obj_hhkb_rn42/rn42/rn42_task.o
 .progmem.data.__c.4807
                0x000003e2       0x19 obj_hhkb_rn42/rn42/rn42_task.o
 .progmem.data.__c.4802
                0x000003fb        0x4 obj_hhkb_rn42/rn42/rn42_task.o
 .progmem.data.__c.4800
                0x000003ff        0x4 obj_hhkb_rn42/rn42/rn42_task.o
 .progmem.data.__c.4797
                0x00000403        0x4 obj_hhkb_rn42/rn42/rn42_task.o
 .progmem.data.__c.4795
                0x00000407       0x1a obj_hhkb_rn42/rn42/rn42_task.o
 .progmem.data.__c.4837
                0x00000421        0x6 obj_hhkb_rn42/rn42/rn42_task.o
 .progmem.data.__c.4835
                0x00000427        0x7 obj_hhkb_rn42/rn42/rn42_task.o
 .progmem.data.__c.4918
                0x0000042e        0xa obj_hhkb_rn42/rn42/rn42_task.o
 .progmem.data.__c.4916
                0x00000438        0xb obj_hhkb_rn42/rn42/rn42_task.o
 .progmem.data.__c.4913
                0x00000443        0x6 obj_hhkb_rn42/rn42/rn42_task.o
 .progmem.data.__c.4911
                0x00000449        0x6 obj_hhkb_rn42/rn42/rn42_task.o
 .progmem.data.__c.4909
                0x0000044f        0x6 obj_hhkb_rn42/rn42/rn42_task.o
 .progmem.data.__c.4907
                0x00000455        0xb obj_hhkb_rn42/rn42/rn42_task.o
 .progmem.data.__c.4904
                0x00000460       0x1d obj_hhkb_rn42/rn42/rn42_task.o
 .progmem.data.__c.4898
                0x0000047d        0xa obj_hhkb_rn42/rn42/rn42_task.o
 .progmem.data.__c.4896
                0x00000487       0x19 obj_hhkb_rn42/rn42/rn42_task.o
 .progmem.data.__c.4894
                0x000004a0        0x2 obj_hhkb_rn42/rn42/rn42_task.o
 .progmem.data.__c.4892
                0x000004a2        0x2 obj_hhkb_rn42/rn42/rn42_task.o
 .progmem.data.__c.4889
                0x000004a4        0x4 obj_hhkb_rn42/rn42/rn42_task.o
 .progmem.data.__c.4886
                0x000004a8        0x7 obj_hhkb_rn42/rn42/rn42_task.o
 .progmem.data.__c.4883
                0x000004af        0x6 obj_hhkb_rn42/rn42/rn42_task.o
 .progmem.data.__c.4879
                0x000004b5        0x5 obj_hhkb_rn42/rn42/rn42_task.o
 .progmem.data.__c.4876
                0x000004ba        0xa obj_hhkb_rn42/rn42/rn42_task.o
 .progmem.data.__c.4874
                0x000004c4        0xf obj_hhkb_rn42/rn42/rn42_task.o
 .progmem.data.__c.4872
                0x000004d3       0x11 obj_hhkb_rn42/rn42/rn42_task.o
 .progmem.data.__c.4870
                0x000004e4       0x1b obj_hhkb_rn42/rn42/rn42_task.o
 .progmem.data.__c.4868
                0x000004ff        0xa obj_hhkb_rn42/rn42/rn42_task.o
 .progmem.data.__c.4866
                0x00000509        0xf obj_hhkb_rn42/rn42/rn42_task.o
 .progmem.data.__c.4864
                0x00000518        0xe obj_hhkb_rn42/rn42/rn42_task.o
 .progmem.data.__c.4862
                0x00000526       0x19 obj_hhkb_rn42/rn42/rn42_task.o
 .progmem.data.__c.4858
                0x0000053f       0x20 obj_hhkb_rn42/rn42/rn42_task.o
 .progmem.data.__c.4856
                0x0000055f       0x12 obj_hhkb_rn42/rn42/rn42_task.o
 .progmem.data.__c.4854
                0x00000571       0x1b obj_hhkb_rn42/rn42/rn42_task.o
 .progmem.data.__c.4852
                0x0000058c       0x27 obj_hhkb_rn42/rn42/rn42_task.o
 .progmem.data.__c.4850
                0x000005b3       0x1a obj_hhkb_rn42/rn42/rn42_task.o
 .progmem.data.__c.4848
                0x000005cd       0x15 obj_hhkb_rn42/rn42/rn42_task.o
 .progmem.data.__c.4846
                0x000005e2       0x24 obj_hhkb_rn42/rn42/rn42_task.o
 .progmem.data.__c.4786
                0x00000606       0x15 obj_hhkb_rn42/rn42/rn42_task.o
 .progmem.data.__c.4772
                0x0000061b       0x12 obj_hhkb_rn42/rn42/rn42_task.o
 .progmem.data.__c.4766
                0x0000062d        0x6 obj_hhkb_rn42/rn42/rn42_task.o
 .progmem.data.__c.4764
                0x00000633        0x3 obj_hhkb_rn42/rn42/rn42_task.o
 .progmem.data.__c.4722
                0x00000636        0x4 obj_hhkb_rn42/rn42/main.o
 .progmem.data.__c.4720
                0x0000063a       0x10 obj_hhkb_rn42/rn42/main.o
 .progmem.data.__c.4718
                0x0000064a        0xc obj_hhkb_rn42/rn42/main.o
 .progmem.data.__c.4716
                0x00000656        0xb obj_hhkb_rn42/rn42/main.o
 .progmem.data.__c.4716
                0x00000661        0x4 obj_hhkb_rn42/protocol/lufa/lufa.o
 .progmem.data.__c.4711
                0x00000665        0x4 obj_hhkb_rn42/protocol/lufa/lufa.o
 .progmem.data.ProductString
                0x00000669       0x14 obj_hhkb_rn42/protocol/lufa/descriptor.o
                0x00000669                ProductString
 .progmem.data.ManufacturerString
                0x0000067d       0x10 obj_hhkb_rn42/protocol/lufa/descriptor.o
                0x0000067d                ManufacturerString
 .progmem.data.LanguageString
                0x0000068d        0x4 obj_hhkb_rn42/protocol/lufa/descriptor.o
                0x0000068d                LanguageString
 .progmem.data.ConfigurationDescriptor
                0x00000691       0x74 obj_hhkb_rn42/protocol/lufa/descriptor.o
                0x00000691                ConfigurationDescriptor
 .progmem.data.DeviceDescriptor
                0x00000705       0x12 obj_hhkb_rn42/protocol/lufa/descriptor.o
                0x00000705                DeviceDescriptor
 .progmem.data.ConsoleReport
                0x00000717       0x22 obj_hhkb_rn42/protocol/lufa/descriptor.o
                0x00000717                ConsoleReport
 .progmem.data.ExtrakeyReport
                0x00000739       0x36 obj_hhkb_rn42/protocol/lufa/descriptor.o
                0x00000739                ExtrakeyReport
 .progmem.data.MouseReport
                0x0000076f       0x4d obj_hhkb_rn42/protocol/lufa/descriptor.o
                0x0000076f                MouseReport
 .progmem.data.KeyboardReport
                0x000007bc       0x40 obj_hhkb_rn42/protocol/lufa/descriptor.o
                0x000007bc                KeyboardReport
 .progmem.data.__c.2055
                0x000007fc       0x10 obj_hhkb_rn42/common/host.o
 .progmem.data.__c.2050
                0x0000080c        0xe obj_hhkb_rn42/common/host.o
 .progmem.data.__c.2042
                0x0000081a        0x2 obj_hhkb_rn42/common/host.o
 .progmem.data.__c.2037
                0x0000081c        0x6 obj_hhkb_rn42/common/host.o
 .progmem.data.__c.2034
                0x00000822        0xb obj_hhkb_rn42/common/host.o
 .progmem.data.__c.2384
                0x0000082d        0xb obj_hhkb_rn42/common/keyboard.o
 .progmem.data.__c.1714
                0x00000838        0xe obj_hhkb_rn42/common/matrix.o
 .progmem.data.__c.1711
                0x00000846        0xe obj_hhkb_rn42/common/matrix.o
 .progmem.data.__c.2090
                0x00000854       0x12 obj_hhkb_rn42/common/action_util.o
 .progmem.data.__c.2115
                0x00000866        0x3 obj_hhkb_rn42/common/mousekey.o
 .progmem.data.__c.2113
                0x00000869        0x3 obj_hhkb_rn42/common/mousekey.o
 .progmem.data.__c.2111
                0x0000086c        0x2 obj_hhkb_rn42/common/mousekey.o
 .progmem.data.__c.2109
                0x0000086e        0x3 obj_hhkb_rn42/common/mousekey.o
 .progmem.data.__c.2107
                0x00000871        0x3 obj_hhkb_rn42/common/mousekey.o
 .progmem.data.__c.2105
                0x00000874        0x3 obj_hhkb_rn42/common/mousekey.o
 .progmem.data.__c.2103
                0x00000877        0x2 obj_hhkb_rn42/common/mousekey.o
 .progmem.data.__c.2101
                0x00000879        0x3 obj_hhkb_rn42/common/mousekey.o
 .progmem.data.__c.2099
                0x0000087c        0x2 obj_hhkb_rn42/common/mousekey.o
 .progmem.data.__c.2097
                0x0000087e        0x3 obj_hhkb_rn42/common/mousekey.o
 .progmem.data.__c.2095
                0x00000881        0x2 obj_hhkb_rn42/common/mousekey.o
 .progmem.data.__c.2093
                0x00000883        0x3 obj_hhkb_rn42/common/mousekey.o
 .progmem.data.__c.2091
                0x00000886        0x2 obj_hhkb_rn42/common/mousekey.o
 .progmem.data.__c.2089
                0x00000888        0x5 obj_hhkb_rn42/common/mousekey.o
 .progmem.data.__c.2087
                0x0000088d       0x23 obj_hhkb_rn42/common/mousekey.o
 .progmem.data.__c.2729
                0x000008b0       0x1b obj_hhkb_rn42/common/command.o
 .progmem.data.__c.2726
                0x000008cb       0x19 obj_hhkb_rn42/common/command.o
 .progmem.data.__c.2723
                0x000008e4       0x15 obj_hhkb_rn42/common/command.o
 .progmem.data.__c.2720
                0x000008f9       0x13 obj_hhkb_rn42/common/command.o
 .progmem.data.__c.2717
                0x0000090c       0x12 obj_hhkb_rn42/common/command.o
 .progmem.data.__c.2713
                0x0000091e        0xf obj_hhkb_rn42/common/command.o
 .progmem.data.__c.2706
                0x0000092d       0x1b obj_hhkb_rn42/common/command.o
 .progmem.data.__c.2703
                0x00000948       0x19 obj_hhkb_rn42/common/command.o
 .progmem.data.__c.2700
                0x00000961       0x15 obj_hhkb_rn42/common/command.o
 .progmem.data.__c.2697
                0x00000976       0x13 obj_hhkb_rn42/common/command.o
 .progmem.data.__c.2694
                0x00000989       0x12 obj_hhkb_rn42/common/command.o
 .progmem.data.__c.2690
                0x0000099b        0xf obj_hhkb_rn42/common/command.o
 .progmem.data.__c.2683
                0x000009aa        0x2 obj_hhkb_rn42/common/command.o
 .progmem.data.__c.2681
                0x000009ac        0x3 obj_hhkb_rn42/common/command.o
 .progmem.data.__c.2679
                0x000009af       0x17 obj_hhkb_rn42/common/command.o
 .progmem.data.__c.2677
                0x000009c6        0x2 obj_hhkb_rn42/common/command.o
 .progmem.data.__c.2675
                0x000009c8        0x3 obj_hhkb_rn42/common/command.o
 .progmem.data.__c.2673
                0x000009cb       0x15 obj_hhkb_rn42/common/command.o
 .progmem.data.__c.2671
                0x000009e0        0x2 obj_hhkb_rn42/common/command.o
 .progmem.data.__c.2669
                0x000009e2        0x3 obj_hhkb_rn42/common/command.o
 .progmem.data.__c.2667
                0x000009e5       0x11 obj_hhkb_rn42/common/command.o
 .progmem.data.__c.2665
                0x000009f6        0x2 obj_hhkb_rn42/common/command.o
 .progmem.data.__c.2663
                0x000009f8        0x3 obj_hhkb_rn42/common/command.o
 .progmem.data.__c.2661
                0x000009fb        0xf obj_hhkb_rn42/common/command.o
 .progmem.data.__c.2659
                0x00000a0a        0x2 obj_hhkb_rn42/common/command.o
 .progmem.data.__c.2657
                0x00000a0c        0x3 obj_hhkb_rn42/common/command.o
 .progmem.data.__c.2655
                0x00000a0f       0x12 obj_hhkb_rn42/common/command.o
 .progmem.data.__c.2653
                0x00000a21        0x2 obj_hhkb_rn42/common/command.o
 .progmem.data.__c.2651
                0x00000a23        0x3 obj_hhkb_rn42/common/command.o
 .progmem.data.__c.2649
                0x00000a26       0x12 obj_hhkb_rn42/common/command.o
 .progmem.data.__c.2647
                0x00000a38        0xe obj_hhkb_rn42/common/command.o
 .progmem.data.__c.2767
                0x00000a46        0x3 obj_hhkb_rn42/common/command.o
 .progmem.data.__c.2765
                0x00000a49        0x6 obj_hhkb_rn42/common/command.o
 .progmem.data.__c.2763
                0x00000a4f        0x2 obj_hhkb_rn42/common/command.o
 .progmem.data.__c.2760
                0x00000a51        0xd obj_hhkb_rn42/common/command.o
 .progmem.data.__c.2746
                0x00000a5e        0x4 obj_hhkb_rn42/common/command.o
 .progmem.data.__c.2736
                0x00000a62       0x4e obj_hhkb_rn42/common/command.o
 .progmem.data.__c.2734
                0x00000ab0       0xfb obj_hhkb_rn42/common/command.o
 .progmem.data.__c.2639
                0x00000bab        0x2 obj_hhkb_rn42/common/command.o
 .progmem.data.__c.2636
                0x00000bad        0x4 obj_hhkb_rn42/common/command.o
 .progmem.data.__c.2641
                0x00000bb1        0x4 obj_hhkb_rn42/common/command.o
 .progmem.data.__c.2785
                0x00000bb5        0x5 obj_hhkb_rn42/common/command.o
 .progmem.data.__c.2625
                0x00000bba       0x27 obj_hhkb_rn42/common/command.o
 .progmem.data.__c.2555
                0x00000be1       0x93 obj_hhkb_rn42/common/command.o
 .progmem.data.__c.2620
                0x00000c74        0x2 obj_hhkb_rn42/common/command.o
 .progmem.data.__c.2611
                0x00000c76       0x17 obj_hhkb_rn42/common/command.o
 .progmem.data.__c.2609
                0x00000c8d       0x13 obj_hhkb_rn42/common/command.o
 .progmem.data.__c.2607
                0x00000ca0       0x17 obj_hhkb_rn42/common/command.o
 .progmem.data.__c.2605
                0x00000cb7       0x1a obj_hhkb_rn42/common/command.o
 .progmem.data.__c.2603
                0x00000cd1        0xe obj_hhkb_rn42/common/command.o
 .progmem.data.__c.2600
                0x00000cdf       0x2e obj_hhkb_rn42/common/command.o
 .progmem.data.__c.2598
                0x00000d0d       0x36 obj_hhkb_rn42/common/command.o
 .progmem.data.__c.2596
                0x00000d43       0x2d obj_hhkb_rn42/common/command.o
 .progmem.data.__c.2594
                0x00000d70       0x37 obj_hhkb_rn42/common/command.o
 .progmem.data.__c.2592
                0x00000da7       0x2d obj_hhkb_rn42/common/command.o
 .progmem.data.__c.2590
                0x00000dd4        0xf obj_hhkb_rn42/common/command.o
 .progmem.data.__c.2587
                0x00000de3        0xd obj_hhkb_rn42/common/command.o
 .progmem.data.__c.2585
                0x00000df0        0xc obj_hhkb_rn42/common/command.o
 .progmem.data.__c.2582
                0x00000dfc       0x10 obj_hhkb_rn42/common/command.o
 .progmem.data.__c.2580
                0x00000e0c        0xf obj_hhkb_rn42/common/command.o
 .progmem.data.__c.2577
                0x00000e1b        0xe obj_hhkb_rn42/common/command.o
 .progmem.data.__c.2575
                0x00000e29        0xd obj_hhkb_rn42/common/command.o
 .progmem.data.__c.2572
                0x00000e36        0xc obj_hhkb_rn42/common/command.o
 .progmem.data.__c.2570
                0x00000e42        0xd obj_hhkb_rn42/common/command.o
 .progmem.data.__c.2567
                0x00000e4f       0x11 obj_hhkb_rn42/common/command.o
 .progmem.data.__c.2564
                0x00000e60        0x4 obj_hhkb_rn42/common/command.o
                0x00000e64                . = ALIGN (0x2)
 *(.jumptables)
 *(.jumptables*)
 *(.lowtext)
 *(.lowtext*)
                0x00000e64                __ctors_start = .
 *(.ctors)
                0x00000e64                __ctors_end = .
                0x00000e64                __dtors_start = .
 *(.dtors)
                0x00000e64                __dtors_end = .
 SORT(*)(.ctors)
 SORT(*)(.dtors)
 *(.init0)
 .init0         0x00000e64        0x0 /usr/local/CrossPack-AVR-20131216/lib/gcc/avr/4.8.1/../../../../avr/lib/avr5/crtm32u4.o
                0x00000e64                __init
 *(.init0)
 *(.init1)
 *(.init1)
 *(.init2)
 .init2         0x00000e64        0xc /usr/local/CrossPack-AVR-20131216/lib/gcc/avr/4.8.1/../../../../avr/lib/avr5/crtm32u4.o
 *(.init2)
 *(.init3)
 .init3         0x00000e70       0x4e obj_hhkb_rn42/common/avr/bootloader.o
                0x00000e70                bootloader_jump_after_watchdog_reset
 *(.init3)
 *(.init4)
 .init4         0x00000ebe       0x16 /usr/local/CrossPack-AVR-20131216/lib/gcc/avr/4.8.1/avr5/libgcc.a(_copy_data.o)
                0x00000ebe                __do_copy_data
 .init4         0x00000ed4       0x10 /usr/local/CrossPack-AVR-20131216/lib/gcc/avr/4.8.1/avr5/libgcc.a(_clear_bss.o)
                0x00000ed4                __do_clear_bss
 *(.init4)
 *(.init5)
 *(.init5)
 *(.init6)
 *(.init6)
 *(.init7)
 *(.init7)
 *(.init8)
 *(.init8)
 *(.init9)
 .init9         0x00000ee4        0x8 /usr/local/CrossPack-AVR-20131216/lib/gcc/avr/4.8.1/../../../../avr/lib/avr5/crtm32u4.o
 *(.init9)
 *(.text)
 .text          0x00000eec        0x4 /usr/local/CrossPack-AVR-20131216/lib/gcc/avr/4.8.1/../../../../avr/lib/avr5/crtm32u4.o
                0x00000eec                __vector_42
                0x00000eec                __vector_22
                0x00000eec                __vector_28
                0x00000eec                __vector_1
                0x00000eec                __vector_32
                0x00000eec                __vector_34
                0x00000eec                __vector_24
                0x00000eec                __bad_interrupt
                0x00000eec                __vector_6
                0x00000eec                __vector_31
                0x00000eec                __vector_35
                0x00000eec                __vector_39
                0x00000eec                __vector_3
                0x00000eec                __vector_23
                0x00000eec                __vector_30
                0x00000eec                __vector_13
                0x00000eec                __vector_17
                0x00000eec                __vector_19
                0x00000eec                __vector_7
                0x00000eec                __vector_41
                0x00000eec                __vector_27
                0x00000eec                __vector_5
                0x00000eec                __vector_33
                0x00000eec                __vector_37
                0x00000eec                __vector_4
                0x00000eec                __vector_9
                0x00000eec                __vector_2
                0x00000eec                __vector_15
                0x00000eec                __vector_36
                0x00000eec                __vector_29
                0x00000eec                __vector_40
                0x00000eec                __vector_8
                0x00000eec                __vector_26
                0x00000eec                __vector_14
                0x00000eec                __vector_16
                0x00000eec                __vector_18
                0x00000eec                __vector_20
                0x00000eec                __vector_38
 .text          0x00000ef0       0x6e obj_hhkb_rn42/rn42/suart.o
                0x00000ef0                xmit
                0x00000f10                rcvr
                0x00000f36                recv
 .text          0x00000f5e      0x15c obj_hhkb_rn42/common/avr/xprintf.o
                0x00000f5e                xputc
                0x00000f76                xputs
                0x00000f84                xitoa
                0x000010a8                __xprintf
                0x000010ba                . = ALIGN (0x2)
 *(.text.*)
 .text.action_get_macro
                0x000010ba       0x54 obj_hhkb_rn42/keymap_custom.o
                0x000010ba                action_get_macro
 .text.action_function
                0x0000110e       0xb0 obj_hhkb_rn42/keymap_custom.o
                0x0000110e                action_function
 .text.KEY_POWER_OFF
                0x000011be        0xc obj_hhkb_rn42/matrix.o
 .text.KEY_POWER_ON
                0x000011ca       0x1a obj_hhkb_rn42/matrix.o
 .text.matrix_init
                0x000011e4       0x56 obj_hhkb_rn42/matrix.o
                0x000011e4                matrix_init
 .text.matrix_scan
                0x0000123a      0x1aa obj_hhkb_rn42/matrix.o
                0x0000123a                matrix_scan
 .text.matrix_get_row
                0x000013e4       0x10 obj_hhkb_rn42/matrix.o
                0x000013e4                matrix_get_row
 .text.matrix_power_up
                0x000013f4        0x4 obj_hhkb_rn42/matrix.o
                0x000013f4                matrix_power_up
 .text.matrix_power_down
                0x000013f8        0x4 obj_hhkb_rn42/matrix.o
                0x000013f8                matrix_power_down
 .text.led_set  0x000013fc        0xe obj_hhkb_rn42/led.o
                0x000013fc                led_set
 .text.serial_init
                0x0000140a       0x32 obj_hhkb_rn42/serial_uart.o
                0x0000140a                serial_init
 .text.serial_recv2
                0x0000143c       0x46 obj_hhkb_rn42/serial_uart.o
                0x0000143c                serial_recv2
 .text.serial_send
                0x00001482        0xe obj_hhkb_rn42/serial_uart.o
                0x00001482                serial_send
 .text.__vector_25
                0x00001490       0x74 obj_hhkb_rn42/serial_uart.o
                0x00001490                __vector_25
 .text.keyboard_leds
                0x00001504        0x6 obj_hhkb_rn42/rn42/rn42.o
 .text.send_system
                0x0000150a        0x2 obj_hhkb_rn42/rn42/rn42.o
 .text.config_keyboard_leds
                0x0000150c        0x6 obj_hhkb_rn42/rn42/rn42.o
 .text.config_send_keyboard
                0x00001512        0x2 obj_hhkb_rn42/rn42/rn42.o
 .text.config_send_mouse
                0x00001514        0x2 obj_hhkb_rn42/rn42/rn42.o
 .text.config_send_system
                0x00001516        0x2 obj_hhkb_rn42/rn42/rn42.o
 .text.config_send_consumer
                0x00001518        0x2 obj_hhkb_rn42/rn42/rn42.o
 .text.send_consumer
                0x0000151a       0xc0 obj_hhkb_rn42/rn42/rn42.o
 .text.send_mouse
                0x000015da       0x34 obj_hhkb_rn42/rn42/rn42.o
 .text.send_keyboard
                0x0000160e       0x4c obj_hhkb_rn42/rn42/rn42.o
 .text.rn42_getc
                0x0000165a        0x4 obj_hhkb_rn42/rn42/rn42.o
                0x0000165a                rn42_getc
 .text.rn42_gets
                0x0000165e       0x62 obj_hhkb_rn42/rn42/rn42.o
                0x0000165e                rn42_gets
 .text.rn42_putc
                0x000016c0        0x4 obj_hhkb_rn42/rn42/rn42.o
                0x000016c0                rn42_putc
 .text.rn42_autoconnecting
                0x000016c4        0xa obj_hhkb_rn42/rn42/rn42.o
                0x000016c4                rn42_autoconnecting
 .text.rn42_autoconnect
                0x000016ce        0x6 obj_hhkb_rn42/rn42/rn42.o
                0x000016ce                rn42_autoconnect
 .text.rn42_init
                0x000016d4       0x20 obj_hhkb_rn42/rn42/rn42.o
                0x000016d4                rn42_init
 .text.rn42_disconnect
                0x000016f4        0x6 obj_hhkb_rn42/rn42/rn42.o
                0x000016f4                rn42_disconnect
 .text.rn42_rts
                0x000016fa        0x8 obj_hhkb_rn42/rn42/rn42.o
                0x000016fa                rn42_rts
 .text.rn42_linked
                0x00001702        0xa obj_hhkb_rn42/rn42/rn42.o
                0x00001702                rn42_linked
 .text.rn42_set_leds
                0x0000170c        0x6 obj_hhkb_rn42/rn42/rn42.o
                0x0000170c                rn42_set_leds
 .text.rn42_send_str
                0x00001712       0x1e obj_hhkb_rn42/rn42/rn42.o
                0x00001712                rn42_send_str
 .text.rn42_print_response
                0x00001730       0x30 obj_hhkb_rn42/rn42/rn42.o
                0x00001730                rn42_print_response
 .text.rn42_send_command
                0x00001760       0x4c obj_hhkb_rn42/rn42/rn42.o
                0x00001760                rn42_send_command
 .text.enter_command_mode
                0x000017ac       0x76 obj_hhkb_rn42/rn42/rn42_task.o
 .text.exit_command_mode
                0x00001822       0x24 obj_hhkb_rn42/rn42/rn42_task.o
 .text.rn42_task_init
                0x00001846        0x4 obj_hhkb_rn42/rn42/rn42_task.o
                0x00001846                rn42_task_init
 .text.rn42_task
                0x0000184a      0x226 obj_hhkb_rn42/rn42/rn42_task.o
                0x0000184a                rn42_task
 .text.command_extra
                0x00001a70      0x45a obj_hhkb_rn42/rn42/rn42_task.o
                0x00001a70                command_extra
 .text.command_console_extra
                0x00001eca      0x2e6 obj_hhkb_rn42/rn42/rn42_task.o
                0x00001eca                command_console_extra
 .text.battery_led
                0x000021b0       0x22 obj_hhkb_rn42/rn42/battery.o
                0x000021b0                battery_led
 .text.battery_init
                0x000021d2       0x8a obj_hhkb_rn42/rn42/battery.o
                0x000021d2                battery_init
 .text.battery_charging
                0x0000225c       0x42 obj_hhkb_rn42/rn42/battery.o
                0x0000225c                battery_charging
 .text.battery_voltage
                0x0000229e       0x6e obj_hhkb_rn42/rn42/battery.o
                0x0000229e                battery_voltage
 .text.battery_status
                0x0000230c       0x38 obj_hhkb_rn42/rn42/battery.o
                0x0000230c                battery_status
 .text.sendchar_func
                0x00002344       0x14 obj_hhkb_rn42/rn42/main.o
 .text.startup.main
                0x00002358       0xfa obj_hhkb_rn42/rn42/main.o
                0x00002358                main
 .text.keyboard_leds
                0x00002452        0x6 obj_hhkb_rn42/protocol/lufa/lufa.o
 .text.sendchar
                0x00002458       0xc8 obj_hhkb_rn42/protocol/lufa/lufa.o
                0x00002458                sendchar
 .text.send_consumer
                0x00002520       0x66 obj_hhkb_rn42/protocol/lufa/lufa.o
 .text.send_system
                0x00002586       0x68 obj_hhkb_rn42/protocol/lufa/lufa.o
 .text.send_mouse
                0x000025ee       0x46 obj_hhkb_rn42/protocol/lufa/lufa.o
 .text.send_keyboard
                0x00002634       0x62 obj_hhkb_rn42/protocol/lufa/lufa.o
 .text.EVENT_USB_Device_Connect
                0x00002696       0x24 obj_hhkb_rn42/protocol/lufa/lufa.o
                0x00002696                EVENT_USB_Device_Connect
 .text.EVENT_USB_Device_Disconnect
                0x000026ba        0xe obj_hhkb_rn42/protocol/lufa/lufa.o
                0x000026ba                EVENT_USB_Device_Disconnect
 .text.EVENT_USB_Device_Reset
                0x000026c8        0x2 obj_hhkb_rn42/protocol/lufa/lufa.o
                0x000026c8                EVENT_USB_Device_Reset
 .text.EVENT_USB_Device_StartOfFrame
                0x000026ca       0x80 obj_hhkb_rn42/protocol/lufa/lufa.o
                0x000026ca                EVENT_USB_Device_StartOfFrame
 .text.EVENT_USB_Device_ConfigurationChanged
                0x0000274a       0x28 obj_hhkb_rn42/protocol/lufa/lufa.o
                0x0000274a                EVENT_USB_Device_ConfigurationChanged
 .text.EVENT_USB_Device_ControlRequest
                0x00002772      0x160 obj_hhkb_rn42/protocol/lufa/lufa.o
                0x00002772                EVENT_USB_Device_ControlRequest
 .text.hook_usb_suspend_entry
                0x000028d2       0x1a obj_hhkb_rn42/protocol/lufa/lufa.o
                0x000028d2                hook_usb_suspend_entry
 .text.EVENT_USB_Device_Suspend
                0x000028ec        0x4 obj_hhkb_rn42/protocol/lufa/lufa.o
                0x000028ec                EVENT_USB_Device_Suspend
 .text.hook_usb_wakeup
                0x000028f0        0xe obj_hhkb_rn42/protocol/lufa/lufa.o
                0x000028f0                hook_usb_wakeup
 .text.EVENT_USB_Device_WakeUp
                0x000028fe        0x4 obj_hhkb_rn42/protocol/lufa/lufa.o
                0x000028fe                EVENT_USB_Device_WakeUp
 .text.CALLBACK_USB_GetDescriptor
                0x00002902       0xb2 obj_hhkb_rn42/protocol/lufa/descriptor.o
                0x00002902                CALLBACK_USB_GetDescriptor
 .text.USB_Device_SendRemoteWakeup
                0x000029b4       0x2c obj_hhkb_rn42/protocol/lufa/LUFA-git/LUFA/Drivers/USB/Core/AVR8/Device_AVR8.o
                0x000029b4                USB_Device_SendRemoteWakeup
 .text.Endpoint_Write_Stream_LE
                0x000029e0       0x92 obj_hhkb_rn42/protocol/lufa/LUFA-git/LUFA/Drivers/USB/Core/AVR8/EndpointStream_AVR8.o
                0x000029e0                Endpoint_Write_Stream_LE
 .text.Endpoint_Write_Control_Stream_LE
                0x00002a72       0xc2 obj_hhkb_rn42/protocol/lufa/LUFA-git/LUFA/Drivers/USB/Core/AVR8/EndpointStream_AVR8.o
                0x00002a72                Endpoint_Write_Control_Stream_LE
 .text.Endpoint_Write_Control_PStream_LE
                0x00002b34       0xc4 obj_hhkb_rn42/protocol/lufa/LUFA-git/LUFA/Drivers/USB/Core/AVR8/EndpointStream_AVR8.o
                0x00002b34                Endpoint_Write_Control_PStream_LE
 .text.Endpoint_ConfigureEndpoint_Prv
                0x00002bf8       0x6a obj_hhkb_rn42/protocol/lufa/LUFA-git/LUFA/Drivers/USB/Core/AVR8/Endpoint_AVR8.o
                0x00002bf8                Endpoint_ConfigureEndpoint_Prv
 .text.Endpoint_ClearStatusStage
                0x00002c62       0x42 obj_hhkb_rn42/protocol/lufa/LUFA-git/LUFA/Drivers/USB/Core/AVR8/Endpoint_AVR8.o
                0x00002c62                Endpoint_ClearStatusStage
 .text.Endpoint_WaitUntilReady
                0x00002ca4       0x60 obj_hhkb_rn42/protocol/lufa/LUFA-git/LUFA/Drivers/USB/Core/AVR8/Endpoint_AVR8.o
                0x00002ca4                Endpoint_WaitUntilReady
 .text.USB_Disable
                0x00002d04       0x34 obj_hhkb_rn42/protocol/lufa/LUFA-git/LUFA/Drivers/USB/Core/AVR8/USBController_AVR8.o
                0x00002d04                USB_Disable
 .text.USB_ResetInterface
                0x00002d38       0x86 obj_hhkb_rn42/protocol/lufa/LUFA-git/LUFA/Drivers/USB/Core/AVR8/USBController_AVR8.o
                0x00002d38                USB_ResetInterface
 .text.USB_Init
                0x00002dbe       0x22 obj_hhkb_rn42/protocol/lufa/LUFA-git/LUFA/Drivers/USB/Core/AVR8/USBController_AVR8.o
                0x00002dbe                USB_Init
 .text.USB_INT_DisableAllInterrupts
                0x00002de0       0x10 obj_hhkb_rn42/protocol/lufa/LUFA-git/LUFA/Drivers/USB/Core/AVR8/USBInterrupt_AVR8.o
                0x00002de0                USB_INT_DisableAllInterrupts
 .text.USB_INT_ClearAllInterrupts
                0x00002df0        0xa obj_hhkb_rn42/protocol/lufa/LUFA-git/LUFA/Drivers/USB/Core/AVR8/USBInterrupt_AVR8.o
                0x00002df0                USB_INT_ClearAllInterrupts
 .text.__vector_10
                0x00002dfa      0x1a4 obj_hhkb_rn42/protocol/lufa/LUFA-git/LUFA/Drivers/USB/Core/AVR8/USBInterrupt_AVR8.o
                0x00002dfa                __vector_10
 .text.__vector_11
                0x00002f9e       0x78 obj_hhkb_rn42/protocol/lufa/LUFA-git/LUFA/Drivers/USB/Core/AVR8/USBInterrupt_AVR8.o
                0x00002f9e                __vector_11
 .text.USB_Device_ProcessControlRequest
                0x00003016      0x29c obj_hhkb_rn42/protocol/lufa/LUFA-git/LUFA/Drivers/USB/Core/DeviceStandardReq.o
                0x00003016                USB_Device_ProcessControlRequest
 .text.host_set_driver
                0x000032b2        0xa obj_hhkb_rn42/common/host.o
                0x000032b2                host_set_driver
 .text.host_get_driver
                0x000032bc        0xa obj_hhkb_rn42/common/host.o
                0x000032bc                host_get_driver
 .text.host_keyboard_leds
                0x000032c6       0x18 obj_hhkb_rn42/common/host.o
                0x000032c6                host_keyboard_leds
 .text.host_keyboard_send
                0x000032de       0x8a obj_hhkb_rn42/common/host.o
                0x000032de                host_keyboard_send
 .text.host_mouse_send
                0x00003368       0x16 obj_hhkb_rn42/common/host.o
                0x00003368                host_mouse_send
 .text.host_system_send
                0x0000337e       0x5c obj_hhkb_rn42/common/host.o
                0x0000337e                host_system_send
 .text.host_consumer_send
                0x000033da       0x5c obj_hhkb_rn42/common/host.o
                0x000033da                host_consumer_send
 .text.keyboard_init
                0x00003436        0x8 obj_hhkb_rn42/common/keyboard.o
                0x00003436                keyboard_init
 .text.keyboard_task
                0x0000343e      0x17a obj_hhkb_rn42/common/keyboard.o
                0x0000343e                keyboard_task
 .text.keyboard_set_leds
                0x000035b8        0x4 obj_hhkb_rn42/common/keyboard.o
                0x000035b8                keyboard_set_leds
 .text.matrix_clear
                0x000035bc        0x2 obj_hhkb_rn42/common/matrix.o
                0x000035bc                matrix_clear
 .text.matrix_print
                0x000035be       0x68 obj_hhkb_rn42/common/matrix.o
                0x000035be                matrix_print
 .text.action_exec
                0x00003626       0x84 obj_hhkb_rn42/common/action.o
                0x00003626                action_exec
 .text.register_code
                0x000036aa      0x154 obj_hhkb_rn42/common/action.o
                0x000036aa                register_code
 .text.unregister_code
                0x000037fe       0x50 obj_hhkb_rn42/common/action.o
                0x000037fe                unregister_code
 .text.register_mods
                0x0000384e        0xe obj_hhkb_rn42/common/action.o
                0x0000384e                register_mods
 .text.unregister_mods
                0x0000385c        0xe obj_hhkb_rn42/common/action.o
                0x0000385c                unregister_mods
 .text.process_action
                0x0000386a      0x63e obj_hhkb_rn42/common/action.o
                0x0000386a                process_action
 .text.clear_keyboard_but_mods
                0x00003ea8       0x24 obj_hhkb_rn42/common/action.o
                0x00003ea8                clear_keyboard_but_mods
 .text.clear_keyboard
                0x00003ecc        0x8 obj_hhkb_rn42/common/action.o
                0x00003ecc                clear_keyboard
 .text.is_tap_key
                0x00003ed4       0x6e obj_hhkb_rn42/common/action.o
                0x00003ed4                is_tap_key
 .text.debug_event
                0x00003f42       0x1e obj_hhkb_rn42/common/action.o
                0x00003f42                debug_event
 .text.debug_record
                0x00003f60       0x20 obj_hhkb_rn42/common/action.o
                0x00003f60                debug_record
 .text.debug_waiting_buffer
                0x00003f80       0x42 obj_hhkb_rn42/common/action_tapping.o
 .text.debug_tapping_key
                0x00003fc2       0x1c obj_hhkb_rn42/common/action_tapping.o
 .text.waiting_buffer_scan_tap
                0x00003fde       0xd0 obj_hhkb_rn42/common/action_tapping.o
 .text.process_tapping
                0x000040ae      0x3da obj_hhkb_rn42/common/action_tapping.o
 .text.action_tapping_process
                0x00004488      0x15a obj_hhkb_rn42/common/action_tapping.o
                0x00004488                action_tapping_process
 .text.action_macro_play
                0x000045e2      0x13a obj_hhkb_rn42/common/action_macro.o
                0x000045e2                action_macro_play
 .text.default_layer_state_set
                0x0000471c       0x18 obj_hhkb_rn42/common/action_layer.o
 .text.layer_state_set
                0x00004734       0x18 obj_hhkb_rn42/common/action_layer.o
 .text.default_layer_debug
                0x0000474c        0x2 obj_hhkb_rn42/common/action_layer.o
                0x0000474c                default_layer_debug
 .text.default_layer_set
                0x0000474e        0x4 obj_hhkb_rn42/common/action_layer.o
                0x0000474e                default_layer_set
 .text.default_layer_or
                0x00004752       0x24 obj_hhkb_rn42/common/action_layer.o
                0x00004752                default_layer_or
 .text.default_layer_and
                0x00004776       0x24 obj_hhkb_rn42/common/action_layer.o
                0x00004776                default_layer_and
 .text.default_layer_xor
                0x0000479a       0x24 obj_hhkb_rn42/common/action_layer.o
                0x0000479a                default_layer_xor
 .text.layer_clear
                0x000047be        0xa obj_hhkb_rn42/common/action_layer.o
                0x000047be                layer_clear
 .text.layer_move
                0x000047c8       0x1e obj_hhkb_rn42/common/action_layer.o
                0x000047c8                layer_move
 .text.layer_on
                0x000047e6       0x36 obj_hhkb_rn42/common/action_layer.o
                0x000047e6                layer_on
 .text.layer_off
                0x0000481c       0x3e obj_hhkb_rn42/common/action_layer.o
                0x0000481c                layer_off
 .text.layer_invert
                0x0000485a       0x36 obj_hhkb_rn42/common/action_layer.o
                0x0000485a                layer_invert
 .text.layer_or
                0x00004890       0x24 obj_hhkb_rn42/common/action_layer.o
                0x00004890                layer_or
 .text.layer_and
                0x000048b4       0x24 obj_hhkb_rn42/common/action_layer.o
                0x000048b4                layer_and
 .text.layer_xor
                0x000048d8       0x24 obj_hhkb_rn42/common/action_layer.o
                0x000048d8                layer_xor
 .text.layer_debug
                0x000048fc        0x2 obj_hhkb_rn42/common/action_layer.o
                0x000048fc                layer_debug
 .text.layer_switch_get_action
                0x000048fe       0x84 obj_hhkb_rn42/common/action_layer.o
                0x000048fe                layer_switch_get_action
 .text.add_key  0x00004982       0x42 obj_hhkb_rn42/common/action_util.o
                0x00004982                add_key
 .text.del_key  0x000049c4       0x26 obj_hhkb_rn42/common/action_util.o
                0x000049c4                del_key
 .text.clear_keys
                0x000049ea       0x1c obj_hhkb_rn42/common/action_util.o
                0x000049ea                clear_keys
 .text.get_mods
                0x00004a06        0x6 obj_hhkb_rn42/common/action_util.o
                0x00004a06                get_mods
 .text.add_mods
                0x00004a0c        0xc obj_hhkb_rn42/common/action_util.o
                0x00004a0c                add_mods
 .text.del_mods
                0x00004a18        0xe obj_hhkb_rn42/common/action_util.o
                0x00004a18                del_mods
 .text.set_mods
                0x00004a26        0x6 obj_hhkb_rn42/common/action_util.o
                0x00004a26                set_mods
 .text.clear_mods
                0x00004a2c        0x6 obj_hhkb_rn42/common/action_util.o
                0x00004a2c                clear_mods
 .text.add_weak_mods
                0x00004a32        0xc obj_hhkb_rn42/common/action_util.o
                0x00004a32                add_weak_mods
 .text.del_weak_mods
                0x00004a3e        0xe obj_hhkb_rn42/common/action_util.o
                0x00004a3e                del_weak_mods
 .text.clear_weak_mods
                0x00004a4c        0x6 obj_hhkb_rn42/common/action_util.o
                0x00004a4c                clear_weak_mods
 .text.set_oneshot_mods
                0x00004a52       0x12 obj_hhkb_rn42/common/action_util.o
                0x00004a52                set_oneshot_mods
 .text.clear_oneshot_mods
                0x00004a64        0xe obj_hhkb_rn42/common/action_util.o
                0x00004a64                clear_oneshot_mods
 .text.has_anykey
                0x00004a72       0x26 obj_hhkb_rn42/common/action_util.o
                0x00004a72                has_anykey
 .text.send_keyboard_report
                0x00004a98       0xb2 obj_hhkb_rn42/common/action_util.o
                0x00004a98                send_keyboard_report
 .text.print_set_sendchar
                0x00004b4a        0xa obj_hhkb_rn42/common/print.o
                0x00004b4a                print_set_sendchar
 .text.bitrev   0x00004b54       0x24 obj_hhkb_rn42/common/util.o
                0x00004b54                bitrev
 .text.hook_keyboard_loop
                0x00004b78        0x2 obj_hhkb_rn42/common/hook.o
                0x00004b78                hook_keyboard_loop
 .text.hook_matrix_change
                0x00004b7a       0x1e obj_hhkb_rn42/common/hook.o
                0x00004b7a                hook_matrix_change
 .text.hook_default_layer_change
                0x00004b98        0x2 obj_hhkb_rn42/common/hook.o
                0x00004b98                hook_default_layer_change
 .text.hook_layer_change
                0x00004b9a        0x2 obj_hhkb_rn42/common/hook.o
                0x00004b9a                hook_layer_change
 .text.hook_keyboard_leds_change
                0x00004b9c        0x4 obj_hhkb_rn42/common/hook.o
                0x00004b9c                hook_keyboard_leds_change
 .text.suspend_power_down
                0x00004ba0       0x4c obj_hhkb_rn42/common/avr/suspend.o
                0x00004ba0                suspend_power_down
 .text.suspend_wakeup_condition
                0x00004bec       0x2a obj_hhkb_rn42/common/avr/suspend.o
                0x00004bec                suspend_wakeup_condition
 .text.suspend_wakeup_init
                0x00004c16        0x8 obj_hhkb_rn42/common/avr/suspend.o
                0x00004c16                suspend_wakeup_init
 .text.__vector_12
                0x00004c1e       0x52 obj_hhkb_rn42/common/avr/suspend.o
                0x00004c1e                __vector_12
 .text.timer_init
                0x00004c70       0x12 obj_hhkb_rn42/common/avr/timer.o
                0x00004c70                timer_init
 .text.timer_read
                0x00004c82       0x18 obj_hhkb_rn42/common/avr/timer.o
                0x00004c82                timer_read
 .text.timer_read32
                0x00004c9a       0x18 obj_hhkb_rn42/common/avr/timer.o
                0x00004c9a                timer_read32
 .text.timer_elapsed
                0x00004cb2       0x52 obj_hhkb_rn42/common/avr/timer.o
                0x00004cb2                timer_elapsed
 .text.timer_elapsed32
                0x00004d04       0x58 obj_hhkb_rn42/common/avr/timer.o
                0x00004d04                timer_elapsed32
 .text.__vector_21
                0x00004d5c       0x4a obj_hhkb_rn42/common/avr/timer.o
                0x00004d5c                __vector_21
 .text.bootloader_jump
                0x00004da6       0x46 obj_hhkb_rn42/common/avr/bootloader.o
                0x00004da6                bootloader_jump
 .text.keymap_key_to_keycode
                0x00004dec       0x24 obj_hhkb_rn42/common/keymap.o
                0x00004dec                keymap_key_to_keycode
 .text.keymap_fn_to_action
                0x00004e10       0x12 obj_hhkb_rn42/common/keymap.o
                0x00004e10                keymap_fn_to_action
 .text.action_for_key
                0x00004e22      0x140 obj_hhkb_rn42/common/keymap.o
                0x00004e22                action_for_key
 .text.move_unit
                0x00004f62       0x90 obj_hhkb_rn42/common/mousekey.o
 .text.wheel_unit
                0x00004ff2       0x72 obj_hhkb_rn42/common/mousekey.o
 .text.mousekey_on
                0x00005064       0xd0 obj_hhkb_rn42/common/mousekey.o
                0x00005064                mousekey_on
 .text.mousekey_off
                0x00005134      0x10a obj_hhkb_rn42/common/mousekey.o
                0x00005134                mousekey_off
 .text.mousekey_send
                0x0000523e      0x11a obj_hhkb_rn42/common/mousekey.o
                0x0000523e                mousekey_send
 .text.mousekey_task
                0x00005358      0x142 obj_hhkb_rn42/common/mousekey.o
                0x00005358                mousekey_task
 .text.mousekey_clear
                0x0000549a       0x18 obj_hhkb_rn42/common/mousekey.o
                0x0000549a                mousekey_clear
 .text.mousekey_console_help
                0x000054b2       0x2e obj_hhkb_rn42/common/command.o
 .text.mousekey_param_inc
                0x000054e0      0x146 obj_hhkb_rn42/common/command.o
 .text.mousekey_param_dec
                0x00005626       0xfc obj_hhkb_rn42/common/command.o
 .text.switch_default_layer
                0x00005722       0x3c obj_hhkb_rn42/common/command.o
 .text.command_common
                0x0000575e      0x234 obj_hhkb_rn42/common/command.o
 .text.command_proc
                0x00005992      0x2a4 obj_hhkb_rn42/common/command.o
                0x00005992                command_proc
 .text.avr-libc.fplib
                0x00005c36        0xa /usr/local/CrossPack-AVR-20131216/lib/gcc/avr/4.8.1/../../../../avr/lib/avr5/libm.a(fixsfsi.o)
                0x00005c36                __fixsfsi
 .text.avr-libc.fplib
                0x00005c40       0x58 /usr/local/CrossPack-AVR-20131216/lib/gcc/avr/4.8.1/../../../../avr/lib/avr5/libm.a(fixunssfsi.o)
                0x00005c40                __fixunssfsi
 .text.avr-libc.fplib
                0x00005c98       0x7a /usr/local/CrossPack-AVR-20131216/lib/gcc/avr/4.8.1/../../../../avr/lib/avr5/libm.a(floatsisf.o)
                0x00005c98                __floatunsisf
                0x00005c9c                __floatsisf
 .text.avr-libc.fplib
                0x00005d12       0x44 /usr/local/CrossPack-AVR-20131216/lib/gcc/avr/4.8.1/../../../../avr/lib/avr5/libm.a(fp_split3.o)
                0x00005d12                __fp_split3
                0x00005d22                __fp_splitA
 .text.avr-libc.fplib
                0x00005d56        0xe /usr/local/CrossPack-AVR-20131216/lib/gcc/avr/4.8.1/../../../../avr/lib/avr5/libm.a(fp_zero.o)
                0x00005d56                __fp_zero
                0x00005d58                __fp_szero
 .text.avr-libc.fplib
                0x00005d64        0x4 /usr/local/CrossPack-AVR-20131216/lib/gcc/avr/4.8.1/../../../../avr/lib/avr5/libm.a(mulsf3.o)
                0x00005d64                __mulsf3
 .text.avr-libc.fplib
                0x00005d68       0xc2 /usr/local/CrossPack-AVR-20131216/lib/gcc/avr/4.8.1/../../../../avr/lib/avr5/libm.a(mulsf3x.o)
                0x00005d7c                __mulsf3x
                0x00005d80                __mulsf3_pse
 .text.avr-libc.fplib
                0x00005e2a        0xc /usr/local/CrossPack-AVR-20131216/lib/gcc/avr/4.8.1/../../../../avr/lib/avr5/libm.a(fp_inf.o)
                0x00005e2a                __fp_inf
 .text.avr-libc.fplib
                0x00005e36        0x6 /usr/local/CrossPack-AVR-20131216/lib/gcc/avr/4.8.1/../../../../avr/lib/avr5/libm.a(fp_nan.o)
                0x00005e36                __fp_nan
 .text.avr-libc.fplib
                0x00005e3c        0xe /usr/local/CrossPack-AVR-20131216/lib/gcc/avr/4.8.1/../../../../avr/lib/avr5/libm.a(fp_pscA.o)
                0x00005e3c                __fp_pscA
 .text.avr-libc.fplib
                0x00005e4a        0xe /usr/local/CrossPack-AVR-20131216/lib/gcc/avr/4.8.1/../../../../avr/lib/avr5/libm.a(fp_pscB.o)
                0x00005e4a                __fp_pscB
 .text.avr-libc.fplib
                0x00005e58       0x22 /usr/local/CrossPack-AVR-20131216/lib/gcc/avr/4.8.1/../../../../avr/lib/avr5/libm.a(fp_round.o)
                0x00005e58                __fp_round
 .text.libgcc.div
                0x00005e7a       0x18 /usr/local/CrossPack-AVR-20131216/lib/gcc/avr/4.8.1/avr5/libgcc.a(_udivmodqi4.o)
                0x00005e7a                __udivmodqi4
 .text.libgcc.div
                0x00005e92       0x28 /usr/local/CrossPack-AVR-20131216/lib/gcc/avr/4.8.1/avr5/libgcc.a(_udivmodhi4.o)
                0x00005e92                __udivmodhi4
 .text.libgcc.div
                0x00005eba       0x28 /usr/local/CrossPack-AVR-20131216/lib/gcc/avr/4.8.1/avr5/libgcc.a(_divmodhi4.o)
                0x00005eba                __divmodhi4
                0x00005eba                _div
 .text.libgcc.div
                0x00005ee2       0x44 /usr/local/CrossPack-AVR-20131216/lib/gcc/avr/4.8.1/avr5/libgcc.a(_udivmodsi4.o)
                0x00005ee2                __udivmodsi4
 .text.libgcc   0x00005f26        0xc /usr/local/CrossPack-AVR-20131216/lib/gcc/avr/4.8.1/avr5/libgcc.a(_tablejump.o)
                0x00005f26                __tablejump2__
                0x00005f2a                __tablejump__
                0x00005f32                . = ALIGN (0x2)
 *(.fini9)
 .fini9         0x00005f32        0x0 /usr/local/CrossPack-AVR-20131216/lib/gcc/avr/4.8.1/avr5/libgcc.a(_exit.o)
                0x00005f32                exit
                0x00005f32                _exit
 *(.fini9)
 *(.fini8)
 *(.fini8)
 *(.fini7)
 *(.fini7)
 *(.fini6)
 *(.fini6)
 *(.fini5)
 *(.fini5)
 *(.fini4)
 *(.fini4)
 *(.fini3)
 *(.fini3)
 *(.fini2)
 *(.fini2)
 *(.fini1)
 *(.fini1)
 *(.fini0)
 .fini0         0x00005f32        0x4 /usr/local/CrossPack-AVR-20131216/lib/gcc/avr/4.8.1/avr5/libgcc.a(_exit.o)
 *(.fini0)
                0x00005f36                _etext = .

.data           0x00800100       0x9a load address 0x00005f36
                0x00800100                PROVIDE (__data_start, .)
 *(.data)
 .data          0x00800100        0x0 /usr/local/CrossPack-AVR-20131216/lib/gcc/avr/4.8.1/../../../../avr/lib/avr5/crtm32u4.o
 .data          0x00800100        0x0 obj_hhkb_rn42/keymap_custom.o
 .data          0x00800100        0x0 obj_hhkb_rn42/matrix.o
 .data          0x00800100        0x0 obj_hhkb_rn42/led.o
 .data          0x00800100        0x0 obj_hhkb_rn42/serial_uart.o
 .data          0x00800100        0x0 obj_hhkb_rn42/rn42/suart.o
 .data          0x00800100        0x0 obj_hhkb_rn42/rn42/rn42.o
 .data          0x00800100        0x0 obj_hhkb_rn42/rn42/rn42_task.o
 .data          0x00800100        0x0 obj_hhkb_rn42/rn42/battery.o
 .data          0x00800100        0x0 obj_hhkb_rn42/rn42/main.o
 .data          0x00800100        0x0 obj_hhkb_rn42/protocol/lufa/lufa.o
 .data          0x00800100        0x0 obj_hhkb_rn42/protocol/lufa/descriptor.o
 .data          0x00800100        0x0 obj_hhkb_rn42/protocol/lufa/LUFA-git/LUFA/Drivers/USB/Class/Common/HIDParser.o
 .data          0x00800100        0x0 obj_hhkb_rn42/protocol/lufa/LUFA-git/LUFA/Drivers/USB/Core/AVR8/Device_AVR8.o
 .data          0x00800100        0x0 obj_hhkb_rn42/protocol/lufa/LUFA-git/LUFA/Drivers/USB/Core/AVR8/EndpointStream_AVR8.o
 .data          0x00800100        0x0 obj_hhkb_rn42/protocol/lufa/LUFA-git/LUFA/Drivers/USB/Core/AVR8/Endpoint_AVR8.o
 .data          0x00800100        0x0 obj_hhkb_rn42/protocol/lufa/LUFA-git/LUFA/Drivers/USB/Core/AVR8/Host_AVR8.o
 .data          0x00800100        0x0 obj_hhkb_rn42/protocol/lufa/LUFA-git/LUFA/Drivers/USB/Core/AVR8/PipeStream_AVR8.o
 .data          0x00800100        0x0 obj_hhkb_rn42/protocol/lufa/LUFA-git/LUFA/Drivers/USB/Core/AVR8/Pipe_AVR8.o
 .data          0x00800100        0x0 obj_hhkb_rn42/protocol/lufa/LUFA-git/LUFA/Drivers/USB/Core/AVR8/USBController_AVR8.o
 .data          0x00800100        0x0 obj_hhkb_rn42/protocol/lufa/LUFA-git/LUFA/Drivers/USB/Core/AVR8/USBInterrupt_AVR8.o
 .data          0x00800100        0x0 obj_hhkb_rn42/protocol/lufa/LUFA-git/LUFA/Drivers/USB/Core/ConfigDescriptors.o
 .data          0x00800100        0x0 obj_hhkb_rn42/protocol/lufa/LUFA-git/LUFA/Drivers/USB/Core/DeviceStandardReq.o
 .data          0x00800100        0x0 obj_hhkb_rn42/protocol/lufa/LUFA-git/LUFA/Drivers/USB/Core/Events.o
 .data          0x00800100        0x0 obj_hhkb_rn42/protocol/lufa/LUFA-git/LUFA/Drivers/USB/Core/HostStandardReq.o
 .data          0x00800100        0x0 obj_hhkb_rn42/protocol/lufa/LUFA-git/LUFA/Drivers/USB/Core/USBTask.o
 .data          0x00800100        0x0 obj_hhkb_rn42/common/host.o
 .data          0x00800100        0x0 obj_hhkb_rn42/common/keyboard.o
 .data          0x00800100        0x0 obj_hhkb_rn42/common/matrix.o
 .data          0x00800100        0x0 obj_hhkb_rn42/common/action.o
 .data          0x00800100        0x0 obj_hhkb_rn42/common/action_tapping.o
 .data          0x00800100        0x0 obj_hhkb_rn42/common/action_macro.o
 .data          0x00800100        0x0 obj_hhkb_rn42/common/action_layer.o
 .data          0x00800100        0x0 obj_hhkb_rn42/common/action_util.o
 .data          0x00800100        0x0 obj_hhkb_rn42/common/print.o
 .data          0x00800100        0x0 obj_hhkb_rn42/common/debug.o
 .data          0x00800100        0x0 obj_hhkb_rn42/common/util.o
 .data          0x00800100        0x0 obj_hhkb_rn42/common/hook.o
 .data          0x00800100        0x0 obj_hhkb_rn42/common/avr/suspend.o
 .data          0x00800100        0x0 obj_hhkb_rn42/common/avr/xprintf.o
 .data          0x00800100        0x0 obj_hhkb_rn42/common/avr/timer.o
 .data          0x00800100        0x0 obj_hhkb_rn42/common/avr/bootloader.o
 .data          0x00800100        0x0 obj_hhkb_rn42/common/keymap.o
 .data          0x00800100        0x0 obj_hhkb_rn42/common/mousekey.o
 .data          0x00800100        0x0 obj_hhkb_rn42/common/command.o
 .data          0x00800100        0x0 /usr/local/CrossPack-AVR-20131216/lib/gcc/avr/4.8.1/../../../../avr/lib/avr5/libm.a(fixsfsi.o)
 .data          0x00800100        0x0 /usr/local/CrossPack-AVR-20131216/lib/gcc/avr/4.8.1/../../../../avr/lib/avr5/libm.a(fixunssfsi.o)
 .data          0x00800100        0x0 /usr/local/CrossPack-AVR-20131216/lib/gcc/avr/4.8.1/../../../../avr/lib/avr5/libm.a(floatsisf.o)
 .data          0x00800100        0x0 /usr/local/CrossPack-AVR-20131216/lib/gcc/avr/4.8.1/../../../../avr/lib/avr5/libm.a(fp_split3.o)
 .data          0x00800100        0x0 /usr/local/CrossPack-AVR-20131216/lib/gcc/avr/4.8.1/../../../../avr/lib/avr5/libm.a(fp_zero.o)
 .data          0x00800100        0x0 /usr/local/CrossPack-AVR-20131216/lib/gcc/avr/4.8.1/../../../../avr/lib/avr5/libm.a(mulsf3.o)
 .data          0x00800100        0x0 /usr/local/CrossPack-AVR-20131216/lib/gcc/avr/4.8.1/../../../../avr/lib/avr5/libm.a(mulsf3x.o)
 .data          0x00800100        0x0 /usr/local/CrossPack-AVR-20131216/lib/gcc/avr/4.8.1/../../../../avr/lib/avr5/libm.a(fp_inf.o)
 .data          0x00800100        0x0 /usr/local/CrossPack-AVR-20131216/lib/gcc/avr/4.8.1/../../../../avr/lib/avr5/libm.a(fp_nan.o)
 .data          0x00800100        0x0 /usr/local/CrossPack-AVR-20131216/lib/gcc/avr/4.8.1/../../../../avr/lib/avr5/libm.a(fp_pscA.o)
 .data          0x00800100        0x0 /usr/local/CrossPack-AVR-20131216/lib/gcc/avr/4.8.1/../../../../avr/lib/avr5/libm.a(fp_pscB.o)
 .data          0x00800100        0x0 /usr/local/CrossPack-AVR-20131216/lib/gcc/avr/4.8.1/../../../../avr/lib/avr5/libm.a(fp_round.o)
 .data          0x00800100        0x0 /usr/local/CrossPack-AVR-20131216/lib/gcc/avr/4.8.1/avr5/libgcc.a(_udivmodqi4.o)
 .data          0x00800100        0x0 /usr/local/CrossPack-AVR-20131216/lib/gcc/avr/4.8.1/avr5/libgcc.a(_udivmodhi4.o)
 .data          0x00800100        0x0 /usr/local/CrossPack-AVR-20131216/lib/gcc/avr/4.8.1/avr5/libgcc.a(_divmodhi4.o)
 .data          0x00800100        0x0 /usr/local/CrossPack-AVR-20131216/lib/gcc/avr/4.8.1/avr5/libgcc.a(_udivmodsi4.o)
 .data          0x00800100        0x0 /usr/local/CrossPack-AVR-20131216/lib/gcc/avr/4.8.1/avr5/libgcc.a(_exit.o)
 .data          0x00800100        0x0 /usr/local/CrossPack-AVR-20131216/lib/gcc/avr/4.8.1/avr5/libgcc.a(_tablejump.o)
 .data          0x00800100        0x0 /usr/local/CrossPack-AVR-20131216/lib/gcc/avr/4.8.1/avr5/libgcc.a(_copy_data.o)
 .data          0x00800100        0x0 /usr/local/CrossPack-AVR-20131216/lib/gcc/avr/4.8.1/avr5/libgcc.a(_clear_bss.o)
 .data          0x00800100        0x0 /usr/local/CrossPack-AVR-20131216/lib/gcc/avr/4.8.1/../../../../avr/lib/avr5/libc.a(eerd_byte_atmega32u4.o)
 .data          0x00800100        0x0 /usr/local/CrossPack-AVR-20131216/lib/gcc/avr/4.8.1/../../../../avr/lib/avr5/libc.a(eeupd_byte_atmega32u4.o)
 *(.data*)
 .data.rn42_config_driver
                0x00800100        0xa obj_hhkb_rn42/rn42/rn42.o
                0x00800100                rn42_config_driver
 .data.rn42_driver
                0x0080010a        0xa obj_hhkb_rn42/rn42/rn42.o
                0x0080010a                rn42_driver
 .data.prev_driver
                0x00800114        0x2 obj_hhkb_rn42/rn42/rn42_task.o
 .data.lufa_driver
                0x00800116        0xa obj_hhkb_rn42/protocol/lufa/lufa.o
                0x00800116                lufa_driver
 .data.keyboard_protocol
                0x00800120        0x1 obj_hhkb_rn42/protocol/lufa/lufa.o
                0x00800120                keyboard_protocol
 .data.keyboard_report
                0x00800121        0x2 obj_hhkb_rn42/common/action_util.o
                0x00800121                keyboard_report
 .data.mk_wheel_time_to_max
                0x00800123        0x1 obj_hhkb_rn42/common/mousekey.o
                0x00800123                mk_wheel_time_to_max
 .data.mk_wheel_max_speed
                0x00800124        0x1 obj_hhkb_rn42/common/mousekey.o
                0x00800124                mk_wheel_max_speed
 .data.mk_time_to_max
                0x00800125        0x1 obj_hhkb_rn42/common/mousekey.o
                0x00800125                mk_time_to_max
 .data.mk_max_speed
                0x00800126        0x1 obj_hhkb_rn42/common/mousekey.o
                0x00800126                mk_max_speed
 .data.mk_interval
                0x00800127        0x1 obj_hhkb_rn42/common/mousekey.o
                0x00800127                mk_interval
 .data.mk_delay
                0x00800128        0x1 obj_hhkb_rn42/common/mousekey.o
                0x00800128                mk_delay
 *(.rodata)
 *(.rodata*)
 .rodata.str1.1
                0x00800129       0x53 obj_hhkb_rn42/rn42/rn42_task.o
 .rodata.CSWTCH.3
                0x0080017c        0x4 obj_hhkb_rn42/protocol/lufa/descriptor.o
 .rodata.CSWTCH.2
                0x00800180        0x8 obj_hhkb_rn42/protocol/lufa/descriptor.o
 .rodata.CSWTCH.1
                0x00800188        0x8 obj_hhkb_rn42/protocol/lufa/descriptor.o
 .rodata.str1.1
                0x00000000       0x53 obj_hhkb_rn42/common/matrix.o
                                  0x1 (size before relaxing)
 .rodata.CSWTCH.41
                0x00800190        0xa obj_hhkb_rn42/common/command.o
 *(.gnu.linkonce.d*)
                0x0080019a                . = ALIGN (0x2)
                0x0080019a                _edata = .
                0x0080019a                PROVIDE (__data_end, .)

.bss            0x0080019a      0x1c6
                0x0080019a                PROVIDE (__bss_start, .)
 *(.bss)
 .bss           0x0080019a        0x2 obj_hhkb_rn42/common/avr/xprintf.o
                0x0080019a                xfunc_out
 *(.bss*)
 .bss.ctrl_mod.2333
                0x0080019c        0x1 obj_hhkb_rn42/keymap_custom.o
 .bss._matrix1  0x0080019d        0x8 obj_hhkb_rn42/matrix.o
 .bss._matrix0  0x008001a5        0x8 obj_hhkb_rn42/matrix.o
 .bss.matrix_prev
                0x008001ad        0x2 obj_hhkb_rn42/matrix.o
 .bss.matrix    0x008001af        0x2 obj_hhkb_rn42/matrix.o
 .bss.matrix_last_modified
                0x008001b1        0x4 obj_hhkb_rn42/matrix.o
 .bss.rbuf_tail
                0x008001b5        0x1 obj_hhkb_rn42/serial_uart.o
 .bss.rbuf_head
                0x008001b6        0x1 obj_hhkb_rn42/serial_uart.o
 .bss.rbuf      0x008001b7      0x100 obj_hhkb_rn42/serial_uart.o
 .bss.s.2264    0x008002b7        0x2 obj_hhkb_rn42/rn42/rn42.o
 .bss.s.2207    0x008002b9       0x18 obj_hhkb_rn42/rn42/rn42.o
 .bss.leds      0x008002d1        0x1 obj_hhkb_rn42/rn42/rn42.o
 .bss.prev_timer.4778
                0x008002d2        0x2 obj_hhkb_rn42/rn42/rn42_task.o
 .bss.state.4762
                0x008002d4        0x1 obj_hhkb_rn42/rn42/rn42_task.o
 .bss.force_usb
                0x008002d5        0x1 obj_hhkb_rn42/rn42/rn42_task.o
 .bss.config_mode
                0x008002d6        0x1 obj_hhkb_rn42/rn42/rn42_task.o
 .bss.low.1634  0x008002d7        0x1 obj_hhkb_rn42/rn42/battery.o
 .bss.timeouted.4795
                0x008002d8        0x1 obj_hhkb_rn42/protocol/lufa/lufa.o
 .bss.count.4729
                0x008002d9        0x1 obj_hhkb_rn42/protocol/lufa/lufa.o
 .bss._led_stats
                0x008002da        0x1 obj_hhkb_rn42/protocol/lufa/lufa.o
 .bss.console_flush
                0x008002db        0x1 obj_hhkb_rn42/protocol/lufa/lufa.o
 .bss.keyboard_report_sent
                0x008002dc        0x8 obj_hhkb_rn42/protocol/lufa/lufa.o
 .bss.keyboard_led_stats
                0x008002e4        0x1 obj_hhkb_rn42/protocol/lufa/lufa.o
 .bss.keyboard_idle
                0x008002e5        0x1 obj_hhkb_rn42/protocol/lufa/lufa.o
                0x008002e5                keyboard_idle
 .bss.last_consumer_report
                0x008002e6        0x2 obj_hhkb_rn42/common/host.o
 .bss.last_system_report
                0x008002e8        0x2 obj_hhkb_rn42/common/host.o
 .bss.driver    0x008002ea        0x2 obj_hhkb_rn42/common/host.o
 .bss.led_status.2367
                0x008002ec        0x1 obj_hhkb_rn42/common/keyboard.o
 .bss.matrix_prev.2366
                0x008002ed        0x8 obj_hhkb_rn42/common/keyboard.o
 .bss.waiting_buffer_tail
                0x008002f5        0x1 obj_hhkb_rn42/common/action_tapping.o
 .bss.waiting_buffer_head
                0x008002f6        0x1 obj_hhkb_rn42/common/action_tapping.o
 .bss.waiting_buffer
                0x008002f7       0x30 obj_hhkb_rn42/common/action_tapping.o
 .bss.tapping_key
                0x00800327        0x6 obj_hhkb_rn42/common/action_tapping.o
 .bss.layer_state
                0x0080032d        0x4 obj_hhkb_rn42/common/action_layer.o
                0x0080032d                layer_state
 .bss.default_layer_state
                0x00800331        0x4 obj_hhkb_rn42/common/action_layer.o
                0x00800331                default_layer_state
 .bss.oneshot_time
                0x00800335        0x2 obj_hhkb_rn42/common/action_util.o
 .bss.oneshot_mods
                0x00800337        0x1 obj_hhkb_rn42/common/action_util.o
 .bss.__compound_literal.0
                0x00800338        0x8 obj_hhkb_rn42/common/action_util.o
 .bss.weak_mods
                0x00800340        0x1 obj_hhkb_rn42/common/action_util.o
 .bss.real_mods
                0x00800341        0x1 obj_hhkb_rn42/common/action_util.o
 .bss.debug_config
                0x00800342        0x1 obj_hhkb_rn42/common/debug.o
                0x00800342                debug_config
 .bss.wdt_timeout
                0x00800343        0x1 obj_hhkb_rn42/common/avr/suspend.o
 .bss.timer_count
                0x00800344        0x4 obj_hhkb_rn42/common/avr/timer.o
                0x00800344                timer_count
 .bss.last_timer
                0x00800348        0x2 obj_hhkb_rn42/common/mousekey.o
 .bss.mousekey_accel
                0x0080034a        0x1 obj_hhkb_rn42/common/mousekey.o
 .bss.mousekey_repeat
                0x0080034b        0x1 obj_hhkb_rn42/common/mousekey.o
 .bss.mouse_report
                0x0080034c        0x5 obj_hhkb_rn42/common/mousekey.o
 .bss.mousekey_param
                0x00800351        0x1 obj_hhkb_rn42/common/command.o
 .bss.command_state
                0x00800352        0x1 obj_hhkb_rn42/common/command.o
                0x00800352                command_state
 *(COMMON)
 COMMON         0x00800353        0x3 obj_hhkb_rn42/protocol/lufa/LUFA-git/LUFA/Drivers/USB/Core/DeviceStandardReq.o
                0x00800353                USB_Device_ConfigurationNumber
                0x00800354                USB_Device_CurrentlySelfPowered
                0x00800355                USB_Device_RemoteWakeupEnabled
 COMMON         0x00800356        0xa obj_hhkb_rn42/protocol/lufa/LUFA-git/LUFA/Drivers/USB/Core/USBTask.o
                0x00800356                USB_IsInitialized
                0x00800357                USB_DeviceState
                0x00800358                USB_ControlRequest
                0x00800360                PROVIDE (__bss_end, .)
                0x00005f36                __data_load_start = LOADADDR (.data)
                0x00005fd0                __data_load_end = (__data_load_start + SIZEOF (.data))

.noinit         0x00800360        0x4
                0x00800360                PROVIDE (__noinit_start, .)
 *(.noinit*)
 .noinit        0x00800360        0x4 obj_hhkb_rn42/common/avr/bootloader.o
                0x00800360                reset_key
                0x00800364                PROVIDE (__noinit_end, .)
                0x00800364                _end = .
                0x00800364                PROVIDE (__heap_start, .)

.eeprom         0x00810000        0x0
 *(.eeprom*)
                0x00810000                __eeprom_end = .

.fuse
 *(.fuse)
 *(.lfuse)
 *(.hfuse)
 *(.efuse)

.lock
 *(.lock*)

.signature
 *(.signature*)

.user_signatures
 *(.user_signatures*)

.stab           0x00000000      0xbb8
 *(.stab)
 .stab          0x00000000      0x30c obj_hhkb_rn42/rn42/suart.o
 .stab          0x0000030c      0x8ac obj_hhkb_rn42/common/avr/xprintf.o
                                0x8b8 (size before relaxing)

.stabstr        0x00000000       0xfe
 *(.stabstr)
 .stabstr       0x00000000       0xfe obj_hhkb_rn42/rn42/suart.o

.stab.excl
 *(.stab.excl)

.stab.exclstr
 *(.stab.exclstr)

.stab.index
 *(.stab.index)

.stab.indexstr
 *(.stab.indexstr)

.comment        0x00000000       0x11
 *(.comment)
 .comment       0x00000000       0x11 obj_hhkb_rn42/keymap_custom.o
                                 0x12 (size before relaxing)
 .comment       0x00000000       0x12 obj_hhkb_rn42/matrix.o
 .comment       0x00000000       0x12 obj_hhkb_rn42/led.o
 .comment       0x00000000       0x12 obj_hhkb_rn42/serial_uart.o
 .comment       0x00000000       0x12 obj_hhkb_rn42/rn42/rn42.o
 .comment       0x00000000       0x12 obj_hhkb_rn42/rn42/rn42_task.o
 .comment       0x00000000       0x12 obj_hhkb_rn42/rn42/battery.o
 .comment       0x00000000       0x12 obj_hhkb_rn42/rn42/main.o
 .comment       0x00000000       0x12 obj_hhkb_rn42/protocol/lufa/lufa.o
 .comment       0x00000000       0x12 obj_hhkb_rn42/protocol/lufa/descriptor.o
 .comment       0x00000000       0x12 obj_hhkb_rn42/protocol/lufa/LUFA-git/LUFA/Drivers/USB/Class/Common/HIDParser.o
 .comment       0x00000000       0x12 obj_hhkb_rn42/protocol/lufa/LUFA-git/LUFA/Drivers/USB/Core/AVR8/Device_AVR8.o
 .comment       0x00000000       0x12 obj_hhkb_rn42/protocol/lufa/LUFA-git/LUFA/Drivers/USB/Core/AVR8/EndpointStream_AVR8.o
 .comment       0x00000000       0x12 obj_hhkb_rn42/protocol/lufa/LUFA-git/LUFA/Drivers/USB/Core/AVR8/Endpoint_AVR8.o
 .comment       0x00000000       0x12 obj_hhkb_rn42/protocol/lufa/LUFA-git/LUFA/Drivers/USB/Core/AVR8/Host_AVR8.o
 .comment       0x00000000       0x12 obj_hhkb_rn42/protocol/lufa/LUFA-git/LUFA/Drivers/USB/Core/AVR8/PipeStream_AVR8.o
 .comment       0x00000000       0x12 obj_hhkb_rn42/protocol/lufa/LUFA-git/LUFA/Drivers/USB/Core/AVR8/Pipe_AVR8.o
 .comment       0x00000000       0x12 obj_hhkb_rn42/protocol/lufa/LUFA-git/LUFA/Drivers/USB/Core/AVR8/USBController_AVR8.o
 .comment       0x00000000       0x12 obj_hhkb_rn42/protocol/lufa/LUFA-git/LUFA/Drivers/USB/Core/AVR8/USBInterrupt_AVR8.o
 .comment       0x00000000       0x12 obj_hhkb_rn42/protocol/lufa/LUFA-git/LUFA/Drivers/USB/Core/ConfigDescriptors.o
 .comment       0x00000000       0x12 obj_hhkb_rn42/protocol/lufa/LUFA-git/LUFA/Drivers/USB/Core/DeviceStandardReq.o
 .comment       0x00000000       0x12 obj_hhkb_rn42/protocol/lufa/LUFA-git/LUFA/Drivers/USB/Core/Events.o
 .comment       0x00000000       0x12 obj_hhkb_rn42/protocol/lufa/LUFA-git/LUFA/Drivers/USB/Core/HostStandardReq.o
 .comment       0x00000000       0x12 obj_hhkb_rn42/protocol/lufa/LUFA-git/LUFA/Drivers/USB/Core/USBTask.o
 .comment       0x00000000       0x12 obj_hhkb_rn42/common/host.o
 .comment       0x00000000       0x12 obj_hhkb_rn42/common/keyboard.o
 .comment       0x00000000       0x12 obj_hhkb_rn42/common/matrix.o
 .comment       0x00000000       0x12 obj_hhkb_rn42/common/action.o
 .comment       0x00000000       0x12 obj_hhkb_rn42/common/action_tapping.o
 .comment       0x00000000       0x12 obj_hhkb_rn42/common/action_macro.o
 .comment       0x00000000       0x12 obj_hhkb_rn42/common/action_layer.o
 .comment       0x00000000       0x12 obj_hhkb_rn42/common/action_util.o
 .comment       0x00000000       0x12 obj_hhkb_rn42/common/print.o
 .comment       0x00000000       0x12 obj_hhkb_rn42/common/debug.o
 .comment       0x00000000       0x12 obj_hhkb_rn42/common/util.o
 .comment       0x00000000       0x12 obj_hhkb_rn42/common/hook.o
 .comment       0x00000000       0x12 obj_hhkb_rn42/common/avr/suspend.o
 .comment       0x00000000       0x12 obj_hhkb_rn42/common/avr/timer.o
 .comment       0x00000000       0x12 obj_hhkb_rn42/common/avr/bootloader.o
 .comment       0x00000000       0x12 obj_hhkb_rn42/common/keymap.o
 .comment       0x00000000       0x12 obj_hhkb_rn42/common/mousekey.o
 .comment       0x00000000       0x12 obj_hhkb_rn42/common/command.o

.debug
 *(.debug)

.line
 *(.line)

.debug_srcinfo
 *(.debug_srcinfo)

.debug_sfnames
 *(.debug_sfnames)

.debug_aranges  0x00000000      0xca8
 *(.debug_aranges)
 .debug_aranges
                0x00000000       0x28 obj_hhkb_rn42/keymap_custom.o
 .debug_aranges
                0x00000028       0x50 obj_hhkb_rn42/matrix.o
 .debug_aranges
                0x00000078       0x20 obj_hhkb_rn42/led.o
 .debug_aranges
                0x00000098       0x40 obj_hhkb_rn42/serial_uart.o
 .debug_aranges
                0x000000d8       0xe8 obj_hhkb_rn42/rn42/rn42.o
 .debug_aranges
                0x000001c0       0x48 obj_hhkb_rn42/rn42/rn42_task.o
 .debug_aranges
                0x00000208       0x40 obj_hhkb_rn42/rn42/battery.o
 .debug_aranges
                0x00000248       0x28 obj_hhkb_rn42/rn42/main.o
 .debug_aranges
                0x00000270       0xb8 obj_hhkb_rn42/protocol/lufa/lufa.o
 .debug_aranges
                0x00000328       0x20 obj_hhkb_rn42/protocol/lufa/descriptor.o
 .debug_aranges
                0x00000348       0x38 obj_hhkb_rn42/protocol/lufa/LUFA-git/LUFA/Drivers/USB/Class/Common/HIDParser.o
 .debug_aranges
                0x00000380       0x20 obj_hhkb_rn42/protocol/lufa/LUFA-git/LUFA/Drivers/USB/Core/AVR8/Device_AVR8.o
 .debug_aranges
                0x000003a0       0xc8 obj_hhkb_rn42/protocol/lufa/LUFA-git/LUFA/Drivers/USB/Core/AVR8/EndpointStream_AVR8.o
 .debug_aranges
                0x00000468       0x40 obj_hhkb_rn42/protocol/lufa/LUFA-git/LUFA/Drivers/USB/Core/AVR8/Endpoint_AVR8.o
 .debug_aranges
                0x000004a8       0x18 obj_hhkb_rn42/protocol/lufa/LUFA-git/LUFA/Drivers/USB/Core/AVR8/Host_AVR8.o
 .debug_aranges
                0x000004c0       0x18 obj_hhkb_rn42/protocol/lufa/LUFA-git/LUFA/Drivers/USB/Core/AVR8/PipeStream_AVR8.o
 .debug_aranges
                0x000004d8       0x18 obj_hhkb_rn42/protocol/lufa/LUFA-git/LUFA/Drivers/USB/Core/AVR8/Pipe_AVR8.o
 .debug_aranges
                0x000004f0       0x30 obj_hhkb_rn42/protocol/lufa/LUFA-git/LUFA/Drivers/USB/Core/AVR8/USBController_AVR8.o
 .debug_aranges
                0x00000520       0x38 obj_hhkb_rn42/protocol/lufa/LUFA-git/LUFA/Drivers/USB/Core/AVR8/USBInterrupt_AVR8.o
 .debug_aranges
                0x00000558       0x40 obj_hhkb_rn42/protocol/lufa/LUFA-git/LUFA/Drivers/USB/Core/ConfigDescriptors.o
 .debug_aranges
                0x00000598       0x20 obj_hhkb_rn42/protocol/lufa/LUFA-git/LUFA/Drivers/USB/Core/DeviceStandardReq.o
 .debug_aranges
                0x000005b8       0x20 obj_hhkb_rn42/protocol/lufa/LUFA-git/LUFA/Drivers/USB/Core/Events.o
 .debug_aranges
                0x000005d8       0x18 obj_hhkb_rn42/protocol/lufa/LUFA-git/LUFA/Drivers/USB/Core/HostStandardReq.o
 .debug_aranges
                0x000005f0       0x20 obj_hhkb_rn42/protocol/lufa/LUFA-git/LUFA/Drivers/USB/Core/USBTask.o
 .debug_aranges
                0x00000610       0x60 obj_hhkb_rn42/common/host.o
 .debug_aranges
                0x00000670       0x38 obj_hhkb_rn42/common/keyboard.o
 .debug_aranges
                0x000006a8       0x58 obj_hhkb_rn42/common/matrix.o
 .debug_aranges
                0x00000700       0x78 obj_hhkb_rn42/common/action.o
 .debug_aranges
                0x00000778       0x40 obj_hhkb_rn42/common/action_tapping.o
 .debug_aranges
                0x000007b8       0x20 obj_hhkb_rn42/common/action_macro.o
 .debug_aranges
                0x000007d8       0xa0 obj_hhkb_rn42/common/action_layer.o
 .debug_aranges
                0x00000878       0xb0 obj_hhkb_rn42/common/action_util.o
 .debug_aranges
                0x00000928       0x20 obj_hhkb_rn42/common/print.o
 .debug_aranges
                0x00000948       0x18 obj_hhkb_rn42/common/debug.o
 .debug_aranges
                0x00000960       0x60 obj_hhkb_rn42/common/util.o
 .debug_aranges
                0x000009c0       0x48 obj_hhkb_rn42/common/hook.o
 .debug_aranges
                0x00000a08       0x40 obj_hhkb_rn42/common/avr/suspend.o
 .debug_aranges
                0x00000a48       0x50 obj_hhkb_rn42/common/avr/timer.o
 .debug_aranges
                0x00000a98       0x28 obj_hhkb_rn42/common/avr/bootloader.o
 .debug_aranges
                0x00000ac0       0x40 obj_hhkb_rn42/common/keymap.o
 .debug_aranges
                0x00000b00       0x50 obj_hhkb_rn42/common/mousekey.o
 .debug_aranges
                0x00000b50       0x58 obj_hhkb_rn42/common/command.o
 .debug_aranges
                0x00000ba8       0x20 /usr/local/CrossPack-AVR-20131216/lib/gcc/avr/4.8.1/avr5/libgcc.a(_udivmodqi4.o)
 .debug_aranges
                0x00000bc8       0x20 /usr/local/CrossPack-AVR-20131216/lib/gcc/avr/4.8.1/avr5/libgcc.a(_udivmodhi4.o)
 .debug_aranges
                0x00000be8       0x20 /usr/local/CrossPack-AVR-20131216/lib/gcc/avr/4.8.1/avr5/libgcc.a(_divmodhi4.o)
 .debug_aranges
                0x00000c08       0x20 /usr/local/CrossPack-AVR-20131216/lib/gcc/avr/4.8.1/avr5/libgcc.a(_udivmodsi4.o)
 .debug_aranges
                0x00000c28       0x20 /usr/local/CrossPack-AVR-20131216/lib/gcc/avr/4.8.1/avr5/libgcc.a(_exit.o)
 .debug_aranges
                0x00000c48       0x20 /usr/local/CrossPack-AVR-20131216/lib/gcc/avr/4.8.1/avr5/libgcc.a(_tablejump.o)
 .debug_aranges
                0x00000c68       0x20 /usr/local/CrossPack-AVR-20131216/lib/gcc/avr/4.8.1/avr5/libgcc.a(_copy_data.o)
 .debug_aranges
                0x00000c88       0x20 /usr/local/CrossPack-AVR-20131216/lib/gcc/avr/4.8.1/avr5/libgcc.a(_clear_bss.o)

.debug_pubnames
 *(.debug_pubnames)

.debug_info     0x00000000    0x123e9
 *(.debug_info)
 .debug_info    0x00000000      0xf91 obj_hhkb_rn42/keymap_custom.o
 .debug_info    0x00000f91      0x5e5 obj_hhkb_rn42/matrix.o
 .debug_info    0x00001576       0x91 obj_hhkb_rn42/led.o
 .debug_info    0x00001607      0x191 obj_hhkb_rn42/serial_uart.o
 .debug_info    0x00001798      0x9fe obj_hhkb_rn42/rn42/rn42.o
 .debug_info    0x00002196     0x144c obj_hhkb_rn42/rn42/rn42_task.o
 .debug_info    0x000035e2      0x420 obj_hhkb_rn42/rn42/battery.o
 .debug_info    0x00003a02      0x73e obj_hhkb_rn42/rn42/main.o
 .debug_info    0x00004140     0x14ee obj_hhkb_rn42/protocol/lufa/lufa.o
 .debug_info    0x0000562e      0x7c6 obj_hhkb_rn42/protocol/lufa/descriptor.o
 .debug_info    0x00005df4      0x73e obj_hhkb_rn42/protocol/lufa/LUFA-git/LUFA/Drivers/USB/Class/Common/HIDParser.o
 .debug_info    0x00006532       0xd2 obj_hhkb_rn42/protocol/lufa/LUFA-git/LUFA/Drivers/USB/Core/AVR8/Device_AVR8.o
 .debug_info    0x00006604     0x17b4 obj_hhkb_rn42/protocol/lufa/LUFA-git/LUFA/Drivers/USB/Core/AVR8/EndpointStream_AVR8.o
 .debug_info    0x00007db8      0x614 obj_hhkb_rn42/protocol/lufa/LUFA-git/LUFA/Drivers/USB/Core/AVR8/Endpoint_AVR8.o
 .debug_info    0x000083cc       0x56 obj_hhkb_rn42/protocol/lufa/LUFA-git/LUFA/Drivers/USB/Core/AVR8/Host_AVR8.o
 .debug_info    0x00008422       0x56 obj_hhkb_rn42/protocol/lufa/LUFA-git/LUFA/Drivers/USB/Core/AVR8/PipeStream_AVR8.o
 .debug_info    0x00008478       0x56 obj_hhkb_rn42/protocol/lufa/LUFA-git/LUFA/Drivers/USB/Core/AVR8/Pipe_AVR8.o
 .debug_info    0x000084ce      0x4cb obj_hhkb_rn42/protocol/lufa/LUFA-git/LUFA/Drivers/USB/Core/AVR8/USBController_AVR8.o
 .debug_info    0x00008999      0x7c4 obj_hhkb_rn42/protocol/lufa/LUFA-git/LUFA/Drivers/USB/Core/AVR8/USBInterrupt_AVR8.o
 .debug_info    0x0000915d      0x3cd obj_hhkb_rn42/protocol/lufa/LUFA-git/LUFA/Drivers/USB/Core/ConfigDescriptors.o
 .debug_info    0x0000952a      0xa57 obj_hhkb_rn42/protocol/lufa/LUFA-git/LUFA/Drivers/USB/Core/DeviceStandardReq.o
 .debug_info    0x00009f81       0x78 obj_hhkb_rn42/protocol/lufa/LUFA-git/LUFA/Drivers/USB/Core/Events.o
 .debug_info    0x00009ff9       0x56 obj_hhkb_rn42/protocol/lufa/LUFA-git/LUFA/Drivers/USB/Core/HostStandardReq.o
 .debug_info    0x0000a04f      0x26b obj_hhkb_rn42/protocol/lufa/LUFA-git/LUFA/Drivers/USB/Core/USBTask.o
 .debug_info    0x0000a2ba      0x4f8 obj_hhkb_rn42/common/host.o
 .debug_info    0x0000a7b2      0x456 obj_hhkb_rn42/common/keyboard.o
 .debug_info    0x0000ac08      0x19d obj_hhkb_rn42/common/matrix.o
 .debug_info    0x0000ada5     0x1643 obj_hhkb_rn42/common/action.o
 .debug_info    0x0000c3e8      0xf70 obj_hhkb_rn42/common/action_tapping.o
 .debug_info    0x0000d358      0x9b4 obj_hhkb_rn42/common/action_macro.o
 .debug_info    0x0000dd0c      0x7d3 obj_hhkb_rn42/common/action_layer.o
 .debug_info    0x0000e4df      0x611 obj_hhkb_rn42/common/action_util.o
 .debug_info    0x0000eaf0       0xda obj_hhkb_rn42/common/print.o
 .debug_info    0x0000ebca       0xfc obj_hhkb_rn42/common/debug.o
 .debug_info    0x0000ecc6      0x29b obj_hhkb_rn42/common/util.o
 .debug_info    0x0000ef61      0x1ff obj_hhkb_rn42/common/hook.o
 .debug_info    0x0000f160      0x288 obj_hhkb_rn42/common/avr/suspend.o
 .debug_info    0x0000f3e8      0x204 obj_hhkb_rn42/common/avr/timer.o
 .debug_info    0x0000f5ec      0x18a obj_hhkb_rn42/common/avr/bootloader.o
 .debug_info    0x0000f776      0xf69 obj_hhkb_rn42/common/keymap.o
 .debug_info    0x000106df      0x7b4 obj_hhkb_rn42/common/mousekey.o
 .debug_info    0x00010e93      0xf66 obj_hhkb_rn42/common/command.o
 .debug_info    0x00011df9       0xbe /usr/local/CrossPack-AVR-20131216/lib/gcc/avr/4.8.1/avr5/libgcc.a(_udivmodqi4.o)
 .debug_info    0x00011eb7       0xbe /usr/local/CrossPack-AVR-20131216/lib/gcc/avr/4.8.1/avr5/libgcc.a(_udivmodhi4.o)
 .debug_info    0x00011f75       0xbe /usr/local/CrossPack-AVR-20131216/lib/gcc/avr/4.8.1/avr5/libgcc.a(_divmodhi4.o)
 .debug_info    0x00012033       0xbe /usr/local/CrossPack-AVR-20131216/lib/gcc/avr/4.8.1/avr5/libgcc.a(_udivmodsi4.o)
 .debug_info    0x000120f1       0xbe /usr/local/CrossPack-AVR-20131216/lib/gcc/avr/4.8.1/avr5/libgcc.a(_exit.o)
 .debug_info    0x000121af       0xbe /usr/local/CrossPack-AVR-20131216/lib/gcc/avr/4.8.1/avr5/libgcc.a(_tablejump.o)
 .debug_info    0x0001226d       0xbe /usr/local/CrossPack-AVR-20131216/lib/gcc/avr/4.8.1/avr5/libgcc.a(_copy_data.o)
 .debug_info    0x0001232b       0xbe /usr/local/CrossPack-AVR-20131216/lib/gcc/avr/4.8.1/avr5/libgcc.a(_clear_bss.o)
 *(.gnu.linkonce.wi.*)

.debug_abbrev   0x00000000     0x499b
 *(.debug_abbrev)
 .debug_abbrev  0x00000000      0x201 obj_hhkb_rn42/keymap_custom.o
 .debug_abbrev  0x00000201      0x29a obj_hhkb_rn42/matrix.o
 .debug_abbrev  0x0000049b       0x60 obj_hhkb_rn42/led.o
 .debug_abbrev  0x000004fb       0xe0 obj_hhkb_rn42/serial_uart.o
 .debug_abbrev  0x000005db      0x3f8 obj_hhkb_rn42/rn42/rn42.o
 .debug_abbrev  0x000009d3      0x3d5 obj_hhkb_rn42/rn42/rn42_task.o
 .debug_abbrev  0x00000da8      0x1f0 obj_hhkb_rn42/rn42/battery.o
 .debug_abbrev  0x00000f98      0x2ec obj_hhkb_rn42/rn42/main.o
 .debug_abbrev  0x00001284      0x4c5 obj_hhkb_rn42/protocol/lufa/lufa.o
 .debug_abbrev  0x00001749      0x177 obj_hhkb_rn42/protocol/lufa/descriptor.o
 .debug_abbrev  0x000018c0      0x21e obj_hhkb_rn42/protocol/lufa/LUFA-git/LUFA/Drivers/USB/Class/Common/HIDParser.o
 .debug_abbrev  0x00001ade       0x80 obj_hhkb_rn42/protocol/lufa/LUFA-git/LUFA/Drivers/USB/Core/AVR8/Device_AVR8.o
 .debug_abbrev  0x00001b5e      0x213 obj_hhkb_rn42/protocol/lufa/LUFA-git/LUFA/Drivers/USB/Core/AVR8/EndpointStream_AVR8.o
 .debug_abbrev  0x00001d71      0x222 obj_hhkb_rn42/protocol/lufa/LUFA-git/LUFA/Drivers/USB/Core/AVR8/Endpoint_AVR8.o
 .debug_abbrev  0x00001f93       0x26 obj_hhkb_rn42/protocol/lufa/LUFA-git/LUFA/Drivers/USB/Core/AVR8/Host_AVR8.o
 .debug_abbrev  0x00001fb9       0x26 obj_hhkb_rn42/protocol/lufa/LUFA-git/LUFA/Drivers/USB/Core/AVR8/PipeStream_AVR8.o
 .debug_abbrev  0x00001fdf       0x26 obj_hhkb_rn42/protocol/lufa/LUFA-git/LUFA/Drivers/USB/Core/AVR8/Pipe_AVR8.o
 .debug_abbrev  0x00002005      0x196 obj_hhkb_rn42/protocol/lufa/LUFA-git/LUFA/Drivers/USB/Core/AVR8/USBController_AVR8.o
 .debug_abbrev  0x0000219b      0x234 obj_hhkb_rn42/protocol/lufa/LUFA-git/LUFA/Drivers/USB/Core/AVR8/USBInterrupt_AVR8.o
 .debug_abbrev  0x000023cf      0x183 obj_hhkb_rn42/protocol/lufa/LUFA-git/LUFA/Drivers/USB/Core/ConfigDescriptors.o
 .debug_abbrev  0x00002552      0x2d8 obj_hhkb_rn42/protocol/lufa/LUFA-git/LUFA/Drivers/USB/Core/DeviceStandardReq.o
 .debug_abbrev  0x0000282a       0x44 obj_hhkb_rn42/protocol/lufa/LUFA-git/LUFA/Drivers/USB/Core/Events.o
 .debug_abbrev  0x0000286e       0x26 obj_hhkb_rn42/protocol/lufa/LUFA-git/LUFA/Drivers/USB/Core/HostStandardReq.o
 .debug_abbrev  0x00002894      0x168 obj_hhkb_rn42/protocol/lufa/LUFA-git/LUFA/Drivers/USB/Core/USBTask.o
 .debug_abbrev  0x000029fc      0x204 obj_hhkb_rn42/common/host.o
 .debug_abbrev  0x00002c00      0x21f obj_hhkb_rn42/common/keyboard.o
 .debug_abbrev  0x00002e1f       0xf7 obj_hhkb_rn42/common/matrix.o
 .debug_abbrev  0x00002f16      0x2b6 obj_hhkb_rn42/common/action.o
 .debug_abbrev  0x000031cc      0x2ef obj_hhkb_rn42/common/action_tapping.o
 .debug_abbrev  0x000034bb      0x18d obj_hhkb_rn42/common/action_macro.o
 .debug_abbrev  0x00003648      0x20b obj_hhkb_rn42/common/action_layer.o
 .debug_abbrev  0x00003853      0x275 obj_hhkb_rn42/common/action_util.o
 .debug_abbrev  0x00003ac8       0x97 obj_hhkb_rn42/common/print.o
 .debug_abbrev  0x00003b5f       0x87 obj_hhkb_rn42/common/debug.o
 .debug_abbrev  0x00003be6       0xcb obj_hhkb_rn42/common/util.o
 .debug_abbrev  0x00003cb1      0x100 obj_hhkb_rn42/common/hook.o
 .debug_abbrev  0x00003db1      0x1b1 obj_hhkb_rn42/common/avr/suspend.o
 .debug_abbrev  0x00003f62      0x11e obj_hhkb_rn42/common/avr/timer.o
 .debug_abbrev  0x00004080      0x115 obj_hhkb_rn42/common/avr/bootloader.o
 .debug_abbrev  0x00004195      0x263 obj_hhkb_rn42/common/keymap.o
 .debug_abbrev  0x000043f8      0x1fd obj_hhkb_rn42/common/mousekey.o
 .debug_abbrev  0x000045f5      0x306 obj_hhkb_rn42/common/command.o
 .debug_abbrev  0x000048fb       0x14 /usr/local/CrossPack-AVR-20131216/lib/gcc/avr/4.8.1/avr5/libgcc.a(_udivmodqi4.o)
 .debug_abbrev  0x0000490f       0x14 /usr/local/CrossPack-AVR-20131216/lib/gcc/avr/4.8.1/avr5/libgcc.a(_udivmodhi4.o)
 .debug_abbrev  0x00004923       0x14 /usr/local/CrossPack-AVR-20131216/lib/gcc/avr/4.8.1/avr5/libgcc.a(_divmodhi4.o)
 .debug_abbrev  0x00004937       0x14 /usr/local/CrossPack-AVR-20131216/lib/gcc/avr/4.8.1/avr5/libgcc.a(_udivmodsi4.o)
 .debug_abbrev  0x0000494b       0x14 /usr/local/CrossPack-AVR-20131216/lib/gcc/avr/4.8.1/avr5/libgcc.a(_exit.o)
 .debug_abbrev  0x0000495f       0x14 /usr/local/CrossPack-AVR-20131216/lib/gcc/avr/4.8.1/avr5/libgcc.a(_tablejump.o)
 .debug_abbrev  0x00004973       0x14 /usr/local/CrossPack-AVR-20131216/lib/gcc/avr/4.8.1/avr5/libgcc.a(_copy_data.o)
 .debug_abbrev  0x00004987       0x14 /usr/local/CrossPack-AVR-20131216/lib/gcc/avr/4.8.1/avr5/libgcc.a(_clear_bss.o)

.debug_line     0x00000000     0x61ea
 *(.debug_line)
 .debug_line    0x00000000      0x12a obj_hhkb_rn42/keymap_custom.o
 .debug_line    0x0000012a      0x2b5 obj_hhkb_rn42/matrix.o
 .debug_line    0x000003df       0x70 obj_hhkb_rn42/led.o
 .debug_line    0x0000044f      0x112 obj_hhkb_rn42/serial_uart.o
 .debug_line    0x00000561      0x361 obj_hhkb_rn42/rn42/rn42.o
 .debug_line    0x000008c2      0x459 obj_hhkb_rn42/rn42/rn42_task.o
 .debug_line    0x00000d1b      0x183 obj_hhkb_rn42/rn42/battery.o
 .debug_line    0x00000e9e      0x3a0 obj_hhkb_rn42/rn42/main.o
 .debug_line    0x0000123e      0x7b9 obj_hhkb_rn42/protocol/lufa/lufa.o
 .debug_line    0x000019f7      0x1f6 obj_hhkb_rn42/protocol/lufa/descriptor.o
 .debug_line    0x00001bed      0x258 obj_hhkb_rn42/protocol/lufa/LUFA-git/LUFA/Drivers/USB/Class/Common/HIDParser.o
 .debug_line    0x00001e45      0x139 obj_hhkb_rn42/protocol/lufa/LUFA-git/LUFA/Drivers/USB/Core/AVR8/Device_AVR8.o
 .debug_line    0x00001f7e      0xc7f obj_hhkb_rn42/protocol/lufa/LUFA-git/LUFA/Drivers/USB/Core/AVR8/EndpointStream_AVR8.o
 .debug_line    0x00002bfd      0x3e8 obj_hhkb_rn42/protocol/lufa/LUFA-git/LUFA/Drivers/USB/Core/AVR8/Endpoint_AVR8.o
 .debug_line    0x00002fe5       0x1a obj_hhkb_rn42/protocol/lufa/LUFA-git/LUFA/Drivers/USB/Core/AVR8/Host_AVR8.o
 .debug_line    0x00002fff       0x1a obj_hhkb_rn42/protocol/lufa/LUFA-git/LUFA/Drivers/USB/Core/AVR8/PipeStream_AVR8.o
 .debug_line    0x00003019       0x1a obj_hhkb_rn42/protocol/lufa/LUFA-git/LUFA/Drivers/USB/Core/AVR8/Pipe_AVR8.o
 .debug_line    0x00003033      0x2f7 obj_hhkb_rn42/protocol/lufa/LUFA-git/LUFA/Drivers/USB/Core/AVR8/USBController_AVR8.o
 .debug_line    0x0000332a      0x4c4 obj_hhkb_rn42/protocol/lufa/LUFA-git/LUFA/Drivers/USB/Core/AVR8/USBInterrupt_AVR8.o
 .debug_line    0x000037ee      0x190 obj_hhkb_rn42/protocol/lufa/LUFA-git/LUFA/Drivers/USB/Core/ConfigDescriptors.o
 .debug_line    0x0000397e      0x38c obj_hhkb_rn42/protocol/lufa/LUFA-git/LUFA/Drivers/USB/Core/DeviceStandardReq.o
 .debug_line    0x00003d0a       0x6d obj_hhkb_rn42/protocol/lufa/LUFA-git/LUFA/Drivers/USB/Core/Events.o
 .debug_line    0x00003d77       0x1a obj_hhkb_rn42/protocol/lufa/LUFA-git/LUFA/Drivers/USB/Core/HostStandardReq.o
 .debug_line    0x00003d91      0x1a0 obj_hhkb_rn42/protocol/lufa/LUFA-git/LUFA/Drivers/USB/Core/USBTask.o
 .debug_line    0x00003f31      0x19d obj_hhkb_rn42/common/host.o
 .debug_line    0x000040ce      0x17b obj_hhkb_rn42/common/keyboard.o
 .debug_line    0x00004249      0x111 obj_hhkb_rn42/common/matrix.o
 .debug_line    0x0000435a      0x451 obj_hhkb_rn42/common/action.o
 .debug_line    0x000047ab      0x278 obj_hhkb_rn42/common/action_tapping.o
 .debug_line    0x00004a23      0x14b obj_hhkb_rn42/common/action_macro.o
 .debug_line    0x00004b6e      0x1dc obj_hhkb_rn42/common/action_layer.o
 .debug_line    0x00004d4a      0x257 obj_hhkb_rn42/common/action_util.o
 .debug_line    0x00004fa1       0xa4 obj_hhkb_rn42/common/print.o
 .debug_line    0x00005045       0x7c obj_hhkb_rn42/common/debug.o
 .debug_line    0x000050c1      0x191 obj_hhkb_rn42/common/util.o
 .debug_line    0x00005252       0xdb obj_hhkb_rn42/common/hook.o
 .debug_line    0x0000532d      0x1ae obj_hhkb_rn42/common/avr/suspend.o
 .debug_line    0x000054db      0x120 obj_hhkb_rn42/common/avr/timer.o
 .debug_line    0x000055fb      0x18e obj_hhkb_rn42/common/avr/bootloader.o
 .debug_line    0x00005789      0x188 obj_hhkb_rn42/common/keymap.o
 .debug_line    0x00005911      0x2d2 obj_hhkb_rn42/common/mousekey.o
 .debug_line    0x00005be3      0x2e7 obj_hhkb_rn42/common/command.o
 .debug_line    0x00005eca       0x62 /usr/local/CrossPack-AVR-20131216/lib/gcc/avr/4.8.1/avr5/libgcc.a(_udivmodqi4.o)
 .debug_line    0x00005f2c       0x6a /usr/local/CrossPack-AVR-20131216/lib/gcc/avr/4.8.1/avr5/libgcc.a(_udivmodhi4.o)
 .debug_line    0x00005f96       0x69 /usr/local/CrossPack-AVR-20131216/lib/gcc/avr/4.8.1/avr5/libgcc.a(_divmodhi4.o)
 .debug_line    0x00005fff       0x78 /usr/local/CrossPack-AVR-20131216/lib/gcc/avr/4.8.1/avr5/libgcc.a(_udivmodsi4.o)
 .debug_line    0x00006077       0x58 /usr/local/CrossPack-AVR-20131216/lib/gcc/avr/4.8.1/avr5/libgcc.a(_exit.o)
 .debug_line    0x000060cf       0x5c /usr/local/CrossPack-AVR-20131216/lib/gcc/avr/4.8.1/avr5/libgcc.a(_tablejump.o)
 .debug_line    0x0000612b       0x61 /usr/local/CrossPack-AVR-20131216/lib/gcc/avr/4.8.1/avr5/libgcc.a(_copy_data.o)
 .debug_line    0x0000618c       0x5e /usr/local/CrossPack-AVR-20131216/lib/gcc/avr/4.8.1/avr5/libgcc.a(_clear_bss.o)

.debug_frame    0x00000000     0x1f20
 *(.debug_frame)
 .debug_frame   0x00000000       0x40 obj_hhkb_rn42/keymap_custom.o
 .debug_frame   0x00000040       0x9c obj_hhkb_rn42/matrix.o